Component: ARM Compiler 5.06 update 7 (build 960) Tool: armlink [4d3601]

==============================================================================

Section Cross References

    startup_stm32g491xx.o(STACK) refers (Special) to heapauxi.o(.text) for __use_two_region_memory
    startup_stm32g491xx.o(HEAP) refers (Special) to heapauxi.o(.text) for __use_two_region_memory
    startup_stm32g491xx.o(RESET) refers (Special) to heapauxi.o(.text) for __use_two_region_memory
    startup_stm32g491xx.o(RESET) refers to startup_stm32g491xx.o(STACK) for __initial_sp
    startup_stm32g491xx.o(RESET) refers to startup_stm32g491xx.o(.text) for Reset_Handler
    startup_stm32g491xx.o(RESET) refers to stm32g4xx_it.o(i.NMI_Handler) for NMI_Handler
    startup_stm32g491xx.o(RESET) refers to stm32g4xx_it.o(i.HardFault_Handler) for HardFault_Handler
    startup_stm32g491xx.o(RESET) refers to stm32g4xx_it.o(i.MemManage_Handler) for MemManage_Handler
    startup_stm32g491xx.o(RESET) refers to stm32g4xx_it.o(i.BusFault_Handler) for BusFault_Handler
    startup_stm32g491xx.o(RESET) refers to stm32g4xx_it.o(i.UsageFault_Handler) for UsageFault_Handler
    startup_stm32g491xx.o(RESET) refers to stm32g4xx_it.o(i.SVC_Handler) for SVC_Handler
    startup_stm32g491xx.o(RESET) refers to stm32g4xx_it.o(i.DebugMon_Handler) for DebugMon_Handler
    startup_stm32g491xx.o(RESET) refers to stm32g4xx_it.o(i.PendSV_Handler) for PendSV_Handler
    startup_stm32g491xx.o(RESET) refers to stm32g4xx_it.o(i.SysTick_Handler) for SysTick_Handler
    startup_stm32g491xx.o(RESET) refers to stm32g4xx_it.o(i.EXTI4_IRQHandler) for EXTI4_IRQHandler
    startup_stm32g491xx.o(RESET) refers to stm32g4xx_it.o(i.DMA1_Channel1_IRQHandler) for DMA1_Channel1_IRQHandler
    startup_stm32g491xx.o(RESET) refers to stm32g4xx_it.o(i.DMA1_Channel2_IRQHandler) for DMA1_Channel2_IRQHandler
    startup_stm32g491xx.o(RESET) refers to stm32g4xx_it.o(i.DMA1_Channel4_IRQHandler) for DMA1_Channel4_IRQHandler
    startup_stm32g491xx.o(RESET) refers to stm32g4xx_it.o(i.DMA1_Channel5_IRQHandler) for DMA1_Channel5_IRQHandler
    startup_stm32g491xx.o(RESET) refers to stm32g4xx_it.o(i.EXTI9_5_IRQHandler) for EXTI9_5_IRQHandler
    startup_stm32g491xx.o(RESET) refers to stm32g4xx_it.o(i.TIM1_UP_TIM16_IRQHandler) for TIM1_UP_TIM16_IRQHandler
    startup_stm32g491xx.o(RESET) refers to stm32g4xx_it.o(i.USART1_IRQHandler) for USART1_IRQHandler
    startup_stm32g491xx.o(RESET) refers to stm32g4xx_it.o(i.USART3_IRQHandler) for USART3_IRQHandler
    startup_stm32g491xx.o(RESET) refers to stm32g4xx_it.o(i.TIM6_DAC_IRQHandler) for TIM6_DAC_IRQHandler
    startup_stm32g491xx.o(.text) refers (Special) to heapauxi.o(.text) for __use_two_region_memory
    startup_stm32g491xx.o(.text) refers to system_stm32g4xx.o(i.SystemInit) for SystemInit
    startup_stm32g491xx.o(.text) refers to __main.o(!!!main) for __main
    startup_stm32g491xx.o(.text) refers to startup_stm32g491xx.o(HEAP) for Heap_Mem
    startup_stm32g491xx.o(.text) refers to startup_stm32g491xx.o(STACK) for Stack_Mem
    main.o(i.SystemClock_Config) refers to rt_memclr_w.o(.text) for __aeabi_memclr4
    main.o(i.SystemClock_Config) refers to stm32g4xx_hal_pwr_ex.o(i.HAL_PWREx_ControlVoltageScaling) for HAL_PWREx_ControlVoltageScaling
    main.o(i.SystemClock_Config) refers to stm32g4xx_hal_rcc.o(i.HAL_RCC_OscConfig) for HAL_RCC_OscConfig
    main.o(i.SystemClock_Config) refers to stm32g4xx_hal_rcc.o(i.HAL_RCC_ClockConfig) for HAL_RCC_ClockConfig
    main.o(i.main) refers to stm32g4xx_hal.o(i.HAL_Init) for HAL_Init
    main.o(i.main) refers to main.o(i.SystemClock_Config) for SystemClock_Config
    main.o(i.main) refers to iap_function.o(i.APP_RelocateVectorTable) for APP_RelocateVectorTable
    main.o(i.main) refers to gpio.o(i.MX_GPIO_Init) for MX_GPIO_Init
    main.o(i.main) refers to dma.o(i.MX_DMA_Init) for MX_DMA_Init
    main.o(i.main) refers to usart.o(i.MX_USART1_UART_Init) for MX_USART1_UART_Init
    main.o(i.main) refers to spi.o(i.MX_SPI2_Init) for MX_SPI2_Init
    main.o(i.main) refers to tim.o(i.MX_TIM1_Init) for MX_TIM1_Init
    main.o(i.main) refers to usart.o(i.MX_USART3_UART_Init) for MX_USART3_UART_Init
    main.o(i.main) refers to tim.o(i.MX_TIM6_Init) for MX_TIM6_Init
    main.o(i.main) refers to uart_config.o(i.uart_config) for uart_config
    main.o(i.main) refers to relay_control.o(i.Relay_AllOff) for Relay_AllOff
    main.o(i.main) refers to digitaltube_control.o(i.DTC_Init) for DTC_Init
    main.o(i.main) refers to flash_storage.o(i.Flash_LoadParams) for Flash_LoadParams
    main.o(i.main) refers to digitaltube_control.o(i.DTC_SetError) for DTC_SetError
    main.o(i.main) refers to stm32g4xx_hal_tim.o(i.HAL_TIM_Base_Start_IT) for HAL_TIM_Base_Start_IT
    main.o(i.main) refers to modbus_function.o(i.Usart1_SendStringHandler) for Usart1_SendStringHandler
    main.o(i.main) refers to digitaltube_control.o(.bss) for PA_Buffer
    main.o(i.main) refers to tim.o(.bss) for htim6
[...]
    __Vectors_Size                           0x000001d8   Number         0  startup_stm32g491xx.o ABSOLUTE
    __Vectors                                0x08005000   Data           4  startup_stm32g491xx.o(RESET)
    __Vectors_End                            0x080051d8   Data           0  startup_stm32g491xx.o(RESET)
    __main                                   0x080051d9   Thumb Code     8  __main.o(!!!main)
    __scatterload                            0x080051e1   Thumb Code     0  __scatter.o(!!!scatter)
    __scatterload_rt2                        0x080051e1   Thumb Code    44  __scatter.o(!!!scatter)
    __scatterload_rt2_thumb_only             0x080051e1   Thumb Code     0  __scatter.o(!!!scatter)
    __scatterload_null                       0x080051ef   Thumb Code     0  __scatter.o(!!!scatter)
    __scatterload_copy                       0x08005215   Thumb Code    26  __scatter_copy.o(!!handler_copy)
    __scatterload_zeroinit                   0x08005231   Thumb Code    28  __scatter_zi.o(!!handler_zi)
    _printf_n                                0x0800524d   Thumb Code     0  _printf_n.o(.ARM.Collect$$_printf_percent$$00000001)
    _printf_percent                          0x0800524d   Thumb Code     0  _printf_percent.o(.ARM.Collect$$_printf_percent$$00000000)
    _printf_p                                0x08005253   Thumb Code     0  _printf_p.o(.ARM.Collect$$_printf_percent$$00000002)
    _printf_f                                0x08005259   Thumb Code     0  _printf_f.o(.ARM.Collect$$_printf_percent$$00000003)
    _printf_e                                0x0800525f   Thumb Code     0  _printf_e.o(.ARM.Collect$$_printf_percent$$00000004)
    _printf_g                                0x08005265   Thumb Code     0  _printf_g.o(.ARM.Collect$$_printf_percent$$00000005)
    _printf_a                                0x0800526b   Thumb Code     0  _printf_a.o(.ARM.Collect$$_printf_percent$$00000006)
    _printf_ll                               0x08005271   Thumb Code     0  _printf_ll.o(.ARM.Collect$$_printf_percent$$00000007)
    _printf_i                                0x0800527b   Thumb Code     0  _printf_i.o(.ARM.Collect$$_printf_percent$$00000008)
    _printf_d                                0x08005281   Thumb Code     0  _printf_d.o(.ARM.Collect$$_printf_percent$$00000009)
    _printf_u                                0x08005287   Thumb Code     0  _printf_u.o(.ARM.Collect$$_printf_percent$$0000000A)
    _printf_o                                0x0800528d   Thumb Code     0  _printf_o.o(.ARM.Collect$$_printf_percent$$0000000B)
    _printf_x                                0x08005293   Thumb Code     0  _printf_x.o(.ARM.Collect$$_printf_percent$$0000000C)
    _printf_lli                              0x08005299   Thumb Code     0  _printf_lli.o(.ARM.Collect$$_printf_percent$$0000000D)
    _printf_lld                              0x0800529f   Thumb Code     0  _printf_lld.o(.ARM.Collect$$_printf_percent$$0000000E)
    _printf_llu                              0x080052a5   Thumb Code     0  _printf_llu.o(.ARM.Collect$$_printf_percent$$0000000F)
    _printf_llo                              0x080052ab   Thumb Code     0  _printf_llo.o(.ARM.Collect$$_printf_percent$$00000010)
    _printf_llx                              0x080052b1   Thumb Code     0  _printf_llx.o(.ARM.Collect$$_printf_percent$$00000011)
    _printf_l                                0x080052b7   Thumb Code     0  _printf_l.o(.ARM.Collect$$_printf_percent$$00000012)
    _printf_c                                0x080052c1   Thumb Code     0  _printf_c.o(.ARM.Collect$$_printf_percent$$00000013)
    _printf_s                                0x080052c7   Thumb Code     0  _printf_s.o(.ARM.Collect$$_printf_percent$$00000014)
    _printf_lc                               0x080052cd   Thumb Code     0  _printf_lc.o(.ARM.Collect$$_printf_percent$$00000015)
    _printf_ls                               0x080052d3   Thumb Code     0  _printf_ls.o(.ARM.Collect$$_printf_percent$$00000016)
    _printf_percent_end                      0x080052d9   Thumb Code     0  _printf_percent_end.o(.ARM.Collect$$_printf_percent$$00000017)
    __rt_lib_init                            0x080052dd   Thumb Code     0  libinit.o(.ARM.Collect$$libinit$$00000000)
    __rt_lib_init_fp_1                       0x080052df   Thumb Code     0  libinit2.o(.ARM.Collect$$libinit$$00000001)
    __rt_lib_init_heap_1                     0x080052e3   Thumb Code     0  libinit2.o(.ARM.Collect$$libinit$$0000000A)
    __rt_lib_init_lc_common                  0x080052e3   Thumb Code     0  libinit2.o(.ARM.Collect$$libinit$$0000000F)
    __rt_lib_init_preinit_1                  0x080052e3   Thumb Code     0  libinit2.o(.ARM.Collect$$libinit$$00000004)
    __rt_lib_init_rand_1                     0x080052e3   Thumb Code     0  libinit2.o(.ARM.Collect$$libinit$$0000000E)
    __rt_lib_init_user_alloc_1               0x080052e3   Thumb Code     0  libinit2.o(.ARM.Collect$$libinit$$0000000C)
    __rt_lib_init_lc_collate_1               0x080052e9   Thumb Code     0  libinit2.o(.ARM.Collect$$libinit$$00000011)
    __rt_lib_init_lc_ctype_2                 0x080052e9   Thumb Code     0  libinit2.o(.ARM.Collect$$libinit$$00000012)
    __rt_lib_init_lc_ctype_1                 0x080052f5   Thumb Code     0  libinit2.o(.ARM.Collect$$libinit$$00000013)
    __rt_lib_init_lc_monetary_1              0x080052f5   Thumb Code     0  libinit2.o(.ARM.Collect$$libinit$$00000015)
    __rt_lib_init_lc_numeric_2               0x080052f5   Thumb Code     0  libinit2.o(.ARM.Collect$$libinit$$00000016)
    __rt_lib_init_alloca_1                   0x080052ff   Thumb Code     0  libinit2.o(.ARM.Collect$$libinit$$0000002E)
    __rt_lib_init_argv_1                     0x080052ff   Thumb Code     0  libinit2.o(.ARM.Collect$$libinit$$0000002C)
    __rt_lib_init_atexit_1                   0x080052ff   Thumb Code     0  libinit2.o(.ARM.Collect$$libinit$$0000001B)
    __rt_lib_init_clock_1                    0x080052ff   Thumb Code     0  libinit2.o(.ARM.Collect$$libinit$$00000021)
    __rt_lib_init_cpp_1                      0x080052ff   Thumb Code     0  libinit2.o(.ARM.Collect$$libinit$$00000032)
    __rt_lib_init_exceptions_1               0x080052ff   Thumb Code     0  libinit2.o(.ARM.Collect$$libinit$$00000030)
    __rt_lib_init_fp_trap_1                  0x080052ff   Thumb Code     0  libinit2.o(.ARM.Collect$$libinit$$0000001F)
    __rt_lib_init_getenv_1                   0x080052ff   Thumb Code     0  libinit2.o(.ARM.Collect$$libinit$$00000023)
    __rt_lib_init_lc_numeric_1               0x080052ff   Thumb Code     0  libinit2.o(.ARM.Collect$$libinit$$00000017)
    __rt_lib_init_lc_time_1                  0x080052ff   Thumb Code     0  libinit2.o(.ARM.Collect$$libinit$$00000019)
    __rt_lib_init_return                     0x080052ff   Thumb Code     0  libinit2.o(.ARM.Collect$$libinit$$00000033)
    __rt_lib_init_signal_1                   0x080052ff   Thumb Code     0  libinit2.o(.ARM.Collect$$libinit$$0000001D)
    __rt_lib_init_stdio_1                    0x080052ff   Thumb Code     0  libinit2.o(.ARM.Collect$$libinit$$00000025)
    __rt_lib_shutdown                        0x08005301   Thumb Code     0  libshutdown.o(.ARM.Collect$$libshutdown$$00000000)
    __rt_lib_shutdown_cpp_1                  0x08005303   Thumb Code     0  libshutdown2.o(.ARM.Collect$$libshutdown$$00000004)
    __rt_lib_shutdown_fini_1                 0x08005303   Thumb Code     0  libshutdown2.o(.ARM.Collect$$libshutdown$$00000002)
    __rt_lib_shutdown_fp_trap_1              0x08005303   Thumb Code     0  libshutdown2.o(.ARM.Collect$$libshutdown$$00000009)
    __rt_lib_shutdown_heap_1                 0x08005303   Thumb Code     0  libshutdown2.o(.ARM.Collect$$libshutdown$$00000011)
    __rt_lib_shutdown_return                 0x08005303   Thumb Code     0  libshutdown2.o(.ARM.Collect$$libshutdown$$00000012)
    __rt_lib_shutdown_signal_1               0x08005303   Thumb Code     0  libshutdown2.o(.ARM.Collect$$libshutdown$$0000000C)
    __rt_lib_shutdown_stdio_1                0x08005303   Thumb Code     0  libshutdown2.o(.ARM.Collect$$libshutdown$$00000006)
    __rt_lib_shutdown_user_alloc_1           0x08005303   Thumb Code     0  libshutdown2.o(.ARM.Collect$$libshutdown$$0000000E)
    __rt_entry                               0x08005305   Thumb Code     0  __rtentry.o(.ARM.Collect$$rtentry$$00000000)
    __rt_entry_presh_1                       0x08005305   Thumb Code     0  __rtentry2.o(.ARM.Collect$$rtentry$$00000002)
    __rt_entry_sh                            0x08005305   Thumb Code     0  __rtentry4.o(.ARM.Collect$$rtentry$$00000004)
    __rt_entry_li                            0x0800530b   Thumb Code     0  __rtentry2.o(.ARM.Collect$$rtentry$$0000000A)
    __rt_entry_postsh_1                      0x0800530b   Thumb Code     0  __rtentry2.o(.ARM.Collect$$rtentry$$00000009)
    __rt_entry_main                          0x0800530f   Thumb Code     0  __rtentry2.o(.ARM.Collect$$rtentry$$0000000D)
    __rt_entry_postli_1                      0x0800530f   Thumb Code     0  __rtentry2.o(.ARM.Collect$$rtentry$$0000000C)
    __rt_exit                                0x08005317   Thumb Code     0  rtexit.o(.ARM.Collect$$rtexit$$00000000)
    __rt_exit_ls                             0x08005319   Thumb Code     0  rtexit2.o(.ARM.Collect$$rtexit$$00000003)
    __rt_exit_prels_1                        0x08005319   Thumb Code     0  rtexit2.o(.ARM.Collect$$rtexit$$00000002)
    __rt_exit_exit                           0x0800531d   Thumb Code     0  rtexit2.o(.ARM.Collect$$rtexit$$00000004)
    Reset_Handler                            0x08005325   Thumb Code     8  startup_stm32g491xx.o(.text)
    ADC1_2_IRQHandler                        0x0800533f   Thumb Code     0  startup_stm32g491xx.o(.text)
    ADC3_IRQHandler                          0x0800533f   Thumb Code     0  startup_stm32g491xx.o(.text)
    COMP1_2_3_IRQHandler                     0x0800533f   Thumb Code     0  startup_stm32g491xx.o(.text)
    COMP4_IRQHandler                         0x0800533f   Thumb Code     0  startup_stm32g491xx.o(.text)
    CORDIC_IRQHandler                        0x0800533f   Thumb Code     0  startup_stm32g491xx.o(.text)
    CRS_IRQHandler                           0x0800533f   Thumb Code     0  startup_stm32g491xx.o(.text)
    DMA1_Channel3_IRQHandler                 0x0800533f   Thumb Code     0  startup_stm32g491xx.o(.text)
    DMA1_Channel6_IRQHandler                 0x0800533f   Thumb Code     0  startup_stm32g491xx.o(.text)
    DMA1_Channel7_IRQHandler                 0x0800533f   Thumb Code     0  startup_stm32g491xx.o(.text)
    DMA1_Channel8_IRQHandler                 0x0800533f   Thumb Code     0  startup_stm32g491xx.o(.text)
    DMA2_Channel1_IRQHandler                 0x0800533f   Thumb Code     0  startup_stm32g491xx.o(.text)
    DMA2_Channel2_IRQHandler                 0x0800533f   Thumb Code     0  startup_stm32g491xx.o(.text)
    DMA2_Channel3_IRQHandler                 0x0800533f   Thumb Code     0  startup_stm32g491xx.o(.text)
    DMA2_Channel4_IRQHandler                 0x0800533f   Thumb Code     0  startup_stm32g491xx.o(.text)
    DMA2_Channel5_IRQHandler                 0x0800533f   Thumb Code     0  startup_stm32g491xx.o(.text)
    DMA2_Channel6_IRQHandler                 0x0800533f   Thumb Code     0  startup_stm32g491xx.o(.text)
    DMA2_Channel7_IRQHandler                 0x0800533f   Thumb Code     0  startup_stm32g491xx.o(.text)
    DMA2_Channel8_IRQHandler                 0x0800533f   Thumb Code     0  startup_stm32g491xx.o(.text)
    DMAMUX_OVR_IRQHandler                    0x0800533f   Thumb Code     0  startup_stm32g491xx.o(.text)
    EXTI0_IRQHandler                         0x0800533f   Thumb Code     0  startup_stm32g491xx.o(.text)
    EXTI15_10_IRQHandler                     0x0800533f   Thumb Code     0  startup_stm32g491xx.o(.text)
    EXTI1_IRQHandler                         0x0800533f   Thumb Code     0  startup_stm32g491xx.o(.text)
    EXTI2_IRQHandler                         0x0800533f   Thumb Code     0  startup_stm32g491xx.o(.text)
    EXTI3_IRQHandler                         0x0800533f   Thumb Code     0  startup_stm32g491xx.o(.text)
    FDCAN1_IT0_IRQHandler                    0x0800533f   Thumb Code     0  startup_stm32g491xx.o(.text)
    FDCAN1_IT1_IRQHandler                    0x0800533f   Thumb Code     0  startup_stm32g491xx.o(.text)
    FDCAN2_IT0_IRQHandler                    0x0800533f   Thumb Code     0  startup_stm32g491xx.o(.text)
    FDCAN2_IT1_IRQHandler                    0x0800533f   Thumb Code     0  startup_stm32g491xx.o(.text)
    FLASH_IRQHandler                         0x0800533f   Thumb Code     0  startup_stm32g491xx.o(.text)
    FMAC_IRQHandler                          0x0800533f   Thumb Code     0  startup_stm32g491xx.o(.text)
    FPU_IRQHandler                           0x0800533f   Thumb Code     0  startup_stm32g491xx.o(.text)
    I2C1_ER_IRQHandler                       0x0800533f   Thumb Code     0  startup_stm32g491xx.o(.text)
    I2C1_EV_IRQHandler                       0x0800533f   Thumb Code     0  startup_stm32g491xx.o(.text)
    I2C2_ER_IRQHandler                       0x0800533f   Thumb Code     0  startup_stm32g491xx.o(.text)
    I2C2_EV_IRQHandler                       0x0800533f   Thumb Code     0  startup_stm32g491xx.o(.text)
    I2C3_ER_IRQHandler                       0x0800533f   Thumb Code     0  startup_stm32g491xx.o(.text)
    I2C3_EV_IRQHandler                       0x0800533f   Thumb Code     0  startup_stm32g491xx.o(.text)
    LPTIM1_IRQHandler                        0x0800533f   Thumb Code     0  startup_stm32g491xx.o(.text)
    LPUART1_IRQHandler                       0x0800533f   Thumb Code     0  startup_stm32g491xx.o(.text)
    PVD_PVM_IRQHandler                       0x0800533f   Thumb Code     0  startup_stm32g491xx.o(.text)
    QUADSPI_IRQHandler                       0x0800533f   Thumb Code     0  startup_stm32g491xx.o(.text)
    RCC_IRQHandler                           0x0800533f   Thumb Code     0  startup_stm32g491xx.o(.text)
    RNG_IRQHandler                           0x0800533f   Thumb Code     0  startup_stm32g491xx.o(.text)
    RTC_Alarm_IRQHandler                     0x0800533f   Thumb Code     0  startup_stm32g491xx.o(.text)
    RTC_TAMP_LSECSS_IRQHandler               0x0800533f   Thumb Code     0  startup_stm32g491xx.o(.text)
    RTC_WKUP_IRQHandler                      0x0800533f   Thumb Code     0  startup_stm32g491xx.o(.text)
    SAI1_IRQHandler                          0x0800533f   Thumb Code     0  startup_stm32g491xx.o(.text)
    SPI1_IRQHandler                          0x0800533f   Thumb Code     0  startup_stm32g491xx.o(.text)
    SPI2_IRQHandler                          0x0800533f   Thumb Code     0  startup_stm32g491xx.o(.text)
    SPI3_IRQHandler                          0x0800533f   Thumb Code     0  startup_stm32g491xx.o(.text)
    TIM1_BRK_TIM15_IRQHandler                0x0800533f   Thumb Code     0  startup_stm32g491xx.o(.text)
    TIM1_CC_IRQHandler                       0x0800533f   Thumb Code     0  startup_stm32g491xx.o(.text)
    TIM1_TRG_COM_TIM17_IRQHandler            0x0800533f   Thumb Code     0  startup_stm32g491xx.o(.text)
    TIM20_BRK_IRQHandler                     0x0800533f   Thumb Code     0  startup_stm32g491xx.o(.text)
    TIM20_CC_IRQHandler                      0x0800533f   Thumb Code     0  startup_stm32g491xx.o(.text)
    TIM20_TRG_COM_IRQHandler                 0x0800533f   Thumb Code     0  startup_stm32g491xx.o(.text)
    TIM20_UP_IRQHandler                      0x0800533f   Thumb Code     0  startup_stm32g491xx.o(.text)
    TIM2_IRQHandler                          0x0800533f   Thumb Code     0  startup_stm32g491xx.o(.text)
    TIM3_IRQHandler                          0x0800533f   Thumb Code     0  startup_stm32g491xx.o(.text)
    TIM4_IRQHandler                          0x0800533f   Thumb Code     0  startup_stm32g491xx.o(.text)
    TIM7_IRQHandler                          0x0800533f   Thumb Code     0  startup_stm32g491xx.o(.text)
    TIM8_BRK_IRQHandler                      0x0800533f   Thumb Code     0  startup_stm32g491xx.o(.text)
    TIM8_CC_IRQHandler                       0x0800533f   Thumb Code     0  startup_stm32g491xx.o(.text)
    TIM8_TRG_COM_IRQHandler                  0x0800533f   Thumb Code     0  startup_stm32g491xx.o(.text)
    TIM8_UP_IRQHandler                       0x0800533f   Thumb Code     0  startup_stm32g491xx.o(.text)
    UART4_IRQHandler                         0x0800533f   Thumb Code     0  startup_stm32g491xx.o(.text)
    UART5_IRQHandler                         0x0800533f   Thumb Code     0  startup_stm32g491xx.o(.text)
    UCPD1_IRQHandler                         0x0800533f   Thumb Code     0  startup_stm32g491xx.o(.text)
    USART2_IRQHandler                        0x0800533f   Thumb Code     0  startup_stm32g491xx.o(.text)
    USBWakeUp_IRQHandler                     0x0800533f   Thumb Code     0  startup_stm32g491xx.o(.text)
    USB_HP_IRQHandler                        0x0800533f   Thumb Code     0  startup_stm32g491xx.o(.text)
    USB_LP_IRQHandler                        0x0800533f   Thumb Code     0  startup_stm32g491xx.o(.text)
    WWDG_IRQHandler                          0x0800533f   Thumb Code     0  startup_stm32g491xx.o(.text)
    __user_initial_stackheap                 0x08005341   Thumb Code     0  startup_stm32g491xx.o(.text)
    __aeabi_uldivmod                         0x08005365   Thumb Code     0  lludivv7m.o(.text)
    _ll_udiv                                 0x08005365   Thumb Code   238  lludivv7m.o(.text)
    vsnprintf                                0x08005455   Thumb Code    48  vsnprintf.o(.text)
    strlen                                   0x08005489   Thumb Code    62  strlen.o(.text)
    __aeabi_memset                           0x080054c7   Thumb Code    16  aeabi_memset.o(.text)
    __aeabi_memclr4                          0x080054d7   Thumb Code     0  rt_memclr_w.o(.text)
    __aeabi_memclr8                          0x080054d7   Thumb Code     0  rt_memclr_w.o(.text)
    __rt_memclr_w                            0x080054d7   Thumb Code    78  rt_memclr_w.o(.text)
    _memset_w                                0x080054db   Thumb Code     0  rt_memclr_w.o(.text)
    strcmp                                   0x08005525   Thumb Code   128  strcmpv7m.o(.text)
    __use_two_region_memory                  0x080055a5   Thumb Code     2  heapauxi.o(.text)
    __rt_heap_escrow$2region                 0x080055a7   Thumb Code     2  heapauxi.o(.text)
    __rt_heap_expand$2region                 0x080055a9   Thumb Code     2  heapauxi.o(.text)
    _printf_pre_padding                      0x080055ab   Thumb Code    44  _printf_pad.o(.text)
    _printf_post_padding                     0x080055d7   Thumb Code    34  _printf_pad.o(.text)
    _printf_truncate_signed                  0x080055f9   Thumb Code    18  _printf_truncate.o(.text)
    _printf_truncate_unsigned                0x0800560b   Thumb Code    18  _printf_truncate.o(.text)
    _printf_str                              0x0800561d   Thumb Code    82  _printf_str.o(.text)
    _printf_int_dec                          0x08005671   Thumb Code   104  _printf_dec.o(.text)
    _printf_charcount                        0x080056e9   Thumb Code    40  _printf_charcount.o(.text)
    _printf_char_common                      0x0800571b   Thumb Code    32  _printf_char_common.o(.text)
    _sputc                                   0x08005741   Thumb Code    10  _sputc.o(.text)
    _snputc                                  0x0800574b   Thumb Code    16  _snputc.o(.text)
    _printf_wctomb                           0x0800575d   Thumb Code   182  _printf_wctomb.o(.text)
    _printf_longlong_dec                     0x08005819   Thumb Code   108  _printf_longlong_dec.o(.text)
    _printf_longlong_oct                     0x08005895   Thumb Code    66  _printf_oct_int_ll.o(.text)
    _printf_int_oct                          0x080058d7   Thumb Code    24  _printf_oct_int_ll.o(.text)
    _printf_ll_oct                           0x080058ef   Thumb Code    12  _printf_oct_int_ll.o(.text)
    _printf_longlong_hex                     0x08005905   Thumb Code    86  _printf_hex_int_ll_ptr.o(.text)
    _printf_int_hex                          0x0800595b   Thumb Code    28  _printf_hex_int_ll_ptr.o(.text)
    _printf_ll_hex                           0x08005977   Thumb Code    12  _printf_hex_int_ll_ptr.o(.text)
    _printf_hex_ptr                          0x08005983   Thumb Code    18  _printf_hex_int_ll_ptr.o(.text)
    __printf                                 0x08005999   Thumb Code   388  __printf_flags_ss_wp.o(.text)
    __aeabi_memclr                           0x08005b21   Thumb Code     0  rt_memclr.o(.text)
    __rt_memclr                              0x08005b21   Thumb Code    68  rt_memclr.o(.text)
    _memset                                  0x08005b25   Thumb Code     0  rt_memclr.o(.text)
    _ll_udiv10                               0x08005b65   Thumb Code   138  lludiv10.o(.text)
    _printf_int_common                       0x08005bef   Thumb Code   178  _printf_intcommon.o(.text)
    __lib_sel_fp_printf                      0x08005ca1   Thumb Code     2  _printf_fp_dec.o(.text)
    _printf_fp_dec_real                      0x08005e53   Thumb Code   620  _printf_fp_dec.o(.text)
    _printf_fp_hex_real                      0x080060c1   Thumb Code   756  _printf_fp_hex.o(.text)
    _printf_cs_common                        0x080063bd   Thumb Code    20  _printf_char.o(.text)
    _printf_char                             0x080063d1   Thumb Code    16  _printf_char.o(.text)
    _printf_string                           0x080063e1   Thumb Code     8  _printf_char.o(.text)
    _printf_lcs_common                       0x080063e9   Thumb Code    20  _printf_wchar.o(.text)
    _printf_wchar                            0x080063fd   Thumb Code    16  _printf_wchar.o(.text)
    _printf_wstring                          0x0800640d   Thumb Code     8  _printf_wchar.o(.text)
    _wcrtomb                                 0x08006415   Thumb Code    64  _wcrtomb.o(.text)
    __user_setup_stackheap                   0x08006455   Thumb Code    74  sys_stackheap_outer.o(.text)
    __rt_ctype_table                         0x080064a1   Thumb Code    16  rt_ctype_table.o(.text)
    __rt_locale                              0x080064b1   Thumb Code     8  rt_locale_intlibspace.o(.text)
    _printf_fp_infnan                        0x080064b9   Thumb Code   112  _printf_fp_infnan.o(.text)
    _btod_etento                             0x08006539   Thumb Code   224  bigflt0.o(.text)
    exit                                     0x0800661d   Thumb Code    18  exit.o(.text)
    __user_libspace                          0x08006631   Thumb Code     8  libspace.o(.text)
    __user_perproc_libspace                  0x08006631   Thumb Code     0  libspace.o(.text)
    __user_perthread_libspace                0x08006631   Thumb Code     0  libspace.o(.text)
    _sys_exit                                0x08006639   Thumb Code     8  sys_exit.o(.text)
    __I$use$semihosting                      0x08006645   Thumb Code     0  use_no_semi.o(.text)
    __use_no_semihosting_swi                 0x08006645   Thumb Code     2  use_no_semi.o(.text)
    __semihosting_library_function           0x08006647   Thumb Code     0  indicate_semi.o(.text)
    _btod_d2e                                0x08006647   Thumb Code    62  btod.o(CL$$btod_d2e)
    _d2e_denorm_low                          0x08006685   Thumb Code    70  btod.o(CL$$btod_d2e_denorm_low)
    _d2e_norm_op1                            0x080066cb   Thumb Code    96  btod.o(CL$$btod_d2e_norm_op1)
    __btod_div_common                        0x0800672b   Thumb Code   696  btod.o(CL$$btod_div_common)
    _e2e                                     0x08006a63   Thumb Code   220  btod.o(CL$$btod_e2e)
    _btod_ediv                               0x08006b3f   Thumb Code    42  btod.o(CL$$btod_ediv)
    _btod_emul                               0x08006b69   Thumb Code    42  btod.o(CL$$btod_emul)
    __btod_mult_common                       0x08006b93   Thumb Code   580  btod.o(CL$$btod_mult_common)
    APP_RelocateVectorTable                  0x08006dd9   Thumb Code    16  iap_function.o(i.APP_RelocateVectorTable)
    BusFault_Handler                         0x08006df1   Thumb Code     2  stm32g4xx_it.o(i.BusFault_Handler)
    DMA1_Channel1_IRQHandler                 0x08006df5   Thumb Code    42  stm32g4xx_it.o(i.DMA1_Channel1_IRQHandler)
    DMA1_Channel2_IRQHandler                 0x08006e31   Thumb Code    40  stm32g4xx_it.o(i.DMA1_Channel2_IRQHandler)
    DMA1_Channel4_IRQHandler                 0x08006e65   Thumb Code     6  stm32g4xx_it.o(i.DMA1_Channel4_IRQHandler)
    DMA1_Channel5_IRQHandler                 0x08006e71   Thumb Code     6  stm32g4xx_it.o(i.DMA1_Channel5_IRQHandler)
    DTC_Init                                 0x08007115   Thumb Code    62  digitaltube_control.o(i.DTC_Init)
    DTC_SaveParams_Callback                  0x08007379   Thumb Code    36  digitaltube_control.o(i.DTC_SaveParams_Callback)
    DTC_ScanHandler                          0x080073a1   Thumb Code   236  digitaltube_control.o(i.DTC_ScanHandler)
    DTC_SetError                             0x08007499   Thumb Code    12  digitaltube_control.o(i.DTC_SetError)
    DebugMon_Handler                         0x08007629   Thumb Code     2  stm32g4xx_it.o(i.DebugMon_Handler)
    DisableUARTReceive                       0x0800762b   Thumb Code    12  uart_config.o(i.DisableUARTReceive)
    EXTI4_IRQHandler                         0x08007637   Thumb Code     6  stm32g4xx_it.o(i.EXTI4_IRQHandler)
    EXTI9_5_IRQHandler                       0x0800763d   Thumb Code    24  stm32g4xx_it.o(i.EXTI9_5_IRQHandler)
    EnableUARTReceive                        0x08007655   Thumb Code    12  uart_config.o(i.EnableUARTReceive)
    Error_Handler                            0x08007661   Thumb Code     4  main.o(i.Error_Handler)
    FLASH_FlushCaches                        0x08007665   Thumb Code    84  stm32g4xx_hal_flash_ex.o(i.FLASH_FlushCaches)
    FLASH_PageErase                          0x080076dd   Thumb Code    28  stm32g4xx_hal_flash_ex.o(i.FLASH_PageErase)
    FLASH_WaitForLastOperation               0x08007745   Thumb Code    84  stm32g4xx_hal_flash.o(i.FLASH_WaitForLastOperation)
    Flash_LoadParams                         0x08007805   Thumb Code    38  flash_storage.o(i.Flash_LoadParams)
    Flash_SaveParams                         0x08007835   Thumb Code    54  flash_storage.o(i.Flash_SaveParams)
    HAL_DMA_Abort                            0x080078e7   Thumb Code   106  stm32g4xx_hal_dma.o(i.HAL_DMA_Abort)
    HAL_DMA_Abort_IT                         0x08007951   Thumb Code   120  stm32g4xx_hal_dma.o(i.HAL_DMA_Abort_IT)
    HAL_DMA_IRQHandler                       0x080079c9   Thumb Code   186  stm32g4xx_hal_dma.o(i.HAL_DMA_IRQHandler)
    HAL_DMA_Init                             0x08007a85   Thumb Code   178  stm32g4xx_hal_dma.o(i.HAL_DMA_Init)
    HAL_Delay                                0x08007b45   Thumb Code    22  delay_function.o(i.HAL_Delay)
    HAL_FLASHEx_Erase                        0x08007b5d   Thumb Code   208  stm32g4xx_hal_flash_ex.o(i.HAL_FLASHEx_Erase)
    HAL_FLASH_Lock                           0x08007c35   Thumb Code    22  stm32g4xx_hal_flash.o(i.HAL_FLASH_Lock)
    HAL_FLASH_Program                        0x08007c51   Thumb Code   156  stm32g4xx_hal_flash.o(i.HAL_FLASH_Program)
    HAL_FLASH_Unlock                         0x08007cf5   Thumb Code    28  stm32g4xx_hal_flash.o(i.HAL_FLASH_Unlock)
    HAL_GPIO_EXTI_Callback                   0x08007d1d   Thumb Code     2  stm32g4xx_hal_gpio.o(i.HAL_GPIO_EXTI_Callback)
    HAL_GPIO_EXTI_IRQHandler                 0x08007d21   Thumb Code    18  stm32g4xx_hal_gpio.o(i.HAL_GPIO_EXTI_IRQHandler)
    HAL_GPIO_Init                            0x08007d39   Thumb Code   400  stm32g4xx_hal_gpio.o(i.HAL_GPIO_Init)
    HAL_GPIO_ReadPin                         0x08007ee9   Thumb Code    10  stm32g4xx_hal_gpio.o(i.HAL_GPIO_ReadPin)
    HAL_GPIO_WritePin                        0x08007ef3   Thumb Code    10  stm32g4xx_hal_gpio.o(i.HAL_GPIO_WritePin)
    HAL_GetTick                              0x08007efd   Thumb Code     6  stm32g4xx_hal.o(i.HAL_GetTick)
    HAL_IncTick                              0x08007f09   Thumb Code    12  stm32g4xx_hal.o(i.HAL_IncTick)
    HAL_Init                                 0x08007f19   Thumb Code    30  stm32g4xx_hal.o(i.HAL_Init)
    HAL_InitTick                             0x08007f39   Thumb Code    58  stm32g4xx_hal.o(i.HAL_InitTick)
    HAL_MspInit                              0x08007f7d   Thumb Code    42  stm32g4xx_hal_msp.o(i.HAL_MspInit)
    HAL_NVIC_EnableIRQ                       0x08007fad   Thumb Code    26  stm32g4xx_hal_cortex.o(i.HAL_NVIC_EnableIRQ)
    HAL_NVIC_SetPriority                     0x08007fc9   Thumb Code    60  stm32g4xx_hal_cortex.o(i.HAL_NVIC_SetPriority)
    HAL_NVIC_SetPriorityGrouping             0x08008009   Thumb Code    26  stm32g4xx_hal_cortex.o(i.HAL_NVIC_SetPriorityGrouping)
    HAL_PWREx_ControlVoltageScaling          0x0800802d   Thumb Code   174  stm32g4xx_hal_pwr_ex.o(i.HAL_PWREx_ControlVoltageScaling)
    HAL_PWREx_DisableUCPDDeadBattery         0x080080e9   Thumb Code    12  stm32g4xx_hal_pwr_ex.o(i.HAL_PWREx_DisableUCPDDeadBattery)
    HAL_PWR_EnableBkUpAccess                 0x080080f9   Thumb Code    12  stm32g4xx_hal_pwr.o(i.HAL_PWR_EnableBkUpAccess)
    HAL_RCCEx_PeriphCLKConfig                0x08008109   Thumb Code   760  stm32g4xx_hal_rcc_ex.o(i.HAL_RCCEx_PeriphCLKConfig)
    HAL_RCC_ClockConfig                      0x08008409   Thumb Code   430  stm32g4xx_hal_rcc.o(i.HAL_RCC_ClockConfig)
    HAL_RCC_GetPCLK1Freq                     0x080085d5   Thumb Code    24  stm32g4xx_hal_rcc.o(i.HAL_RCC_GetPCLK1Freq)
    HAL_RCC_GetPCLK2Freq                     0x080085f9   Thumb Code    24  stm32g4xx_hal_rcc.o(i.HAL_RCC_GetPCLK2Freq)
    HAL_RCC_GetSysClockFreq                  0x0800861d   Thumb Code    80  stm32g4xx_hal_rcc.o(i.HAL_RCC_GetSysClockFreq)
    HAL_RCC_OscConfig                        0x08008675   Thumb Code   992  stm32g4xx_hal_rcc.o(i.HAL_RCC_OscConfig)
    HAL_SPI_Init                             0x08008a69   Thumb Code   234  stm32g4xx_hal_spi.o(i.HAL_SPI_Init)
    HAL_SPI_MspInit                          0x08008b55   Thumb Code   162  spi.o(i.HAL_SPI_MspInit)
    HAL_SYSTICK_Config                       0x08008c0d   Thumb Code    40  stm32g4xx_hal_cortex.o(i.HAL_SYSTICK_Config)
    HAL_TIMEx_Break2Callback                 0x08008c35   Thumb Code     2  stm32g4xx_hal_tim_ex.o(i.HAL_TIMEx_Break2Callback)
    HAL_TIMEx_BreakCallback                  0x08008c37   Thumb Code     2  stm32g4xx_hal_tim_ex.o(i.HAL_TIMEx_BreakCallback)
    HAL_TIMEx_CommutCallback                 0x08008c39   Thumb Code     2  stm32g4xx_hal_tim_ex.o(i.HAL_TIMEx_CommutCallback)
    HAL_TIMEx_DirectionChangeCallback        0x08008c3b   Thumb Code     2  stm32g4xx_hal_tim_ex.o(i.HAL_TIMEx_DirectionChangeCallback)
    HAL_TIMEx_EncoderIndexCallback           0x08008c3d   Thumb Code     2  stm32g4xx_hal_tim_ex.o(i.HAL_TIMEx_EncoderIndexCallback)
    HAL_TIMEx_IndexErrorCallback             0x08008c3f   Thumb Code     2  stm32g4xx_hal_tim_ex.o(i.HAL_TIMEx_IndexErrorCallback)
    HAL_TIMEx_MasterConfigSynchronization    0x08008c41   Thumb Code   144  stm32g4xx_hal_tim_ex.o(i.HAL_TIMEx_MasterConfigSynchronization)
    HAL_TIMEx_TransitionErrorCallback        0x08008ced   Thumb Code     2  stm32g4xx_hal_tim_ex.o(i.HAL_TIMEx_TransitionErrorCallback)
    HAL_TIM_Base_Init                        0x08008cef   Thumb Code    98  stm32g4xx_hal_tim.o(i.HAL_TIM_Base_Init)
    HAL_TIM_Base_MspInit                     0x08008d51   Thumb Code    86  tim.o(i.HAL_TIM_Base_MspInit)
    HAL_TIM_Base_Start_IT                    0x08008db5   Thumb Code   100  stm32g4xx_hal_tim.o(i.HAL_TIM_Base_Start_IT)
    HAL_TIM_ConfigClockSource                0x08008e35   Thumb Code   250  stm32g4xx_hal_tim.o(i.HAL_TIM_ConfigClockSource)
    HAL_TIM_IC_CaptureCallback               0x08008f39   Thumb Code     2  stm32g4xx_hal_tim.o(i.HAL_TIM_IC_CaptureCallback)
    HAL_TIM_IRQHandler                       0x08008f3b   Thumb Code   418  stm32g4xx_hal_tim.o(i.HAL_TIM_IRQHandler)
    HAL_TIM_OC_DelayElapsedCallback          0x080090dd   Thumb Code     2  stm32g4xx_hal_tim.o(i.HAL_TIM_OC_DelayElapsedCallback)
    HAL_TIM_PWM_PulseFinishedCallback        0x080090df   Thumb Code     2  stm32g4xx_hal_tim.o(i.HAL_TIM_PWM_PulseFinishedCallback)
    HAL_TIM_PeriodElapsedCallback            0x080090e1   Thumb Code     2  stm32g4xx_hal_tim.o(i.HAL_TIM_PeriodElapsedCallback)
    HAL_TIM_TriggerCallback                  0x080090e3   Thumb Code     2  stm32g4xx_hal_tim.o(i.HAL_TIM_TriggerCallback)
    HAL_UARTEx_DisableFifoMode               0x080090e5   Thumb Code    62  stm32g4xx_hal_uart_ex.o(i.HAL_UARTEx_DisableFifoMode)
    HAL_UARTEx_RxEventCallback               0x08009123   Thumb Code     2  stm32g4xx_hal_uart.o(i.HAL_UARTEx_RxEventCallback)
    HAL_UARTEx_RxFifoFullCallback            0x08009125   Thumb Code     2  stm32g4xx_hal_uart_ex.o(i.HAL_UARTEx_RxFifoFullCallback)
    HAL_UARTEx_SetRxFifoThreshold            0x08009127   Thumb Code    76  stm32g4xx_hal_uart_ex.o(i.HAL_UARTEx_SetRxFifoThreshold)
    HAL_UARTEx_SetTxFifoThreshold            0x08009173   Thumb Code    76  stm32g4xx_hal_uart_ex.o(i.HAL_UARTEx_SetTxFifoThreshold)
    HAL_UARTEx_TxFifoEmptyCallback           0x080091bf   Thumb Code     2  stm32g4xx_hal_uart_ex.o(i.HAL_UARTEx_TxFifoEmptyCallback)
    HAL_UARTEx_WakeupCallback                0x080091c1   Thumb Code     2  stm32g4xx_hal_uart_ex.o(i.HAL_UARTEx_WakeupCallback)
    HAL_UART_ErrorCallback                   0x080091c3   Thumb Code     2  stm32g4xx_hal_uart.o(i.HAL_UART_ErrorCallback)
    HAL_UART_IRQHandler                      0x080091c5   Thumb Code   766  stm32g4xx_hal_uart.o(i.HAL_UART_IRQHandler)
    HAL_UART_Init                            0x080094d1   Thumb Code   106  stm32g4xx_hal_uart.o(i.HAL_UART_Init)
    HAL_UART_MspInit                         0x0800953d   Thumb Code   408  usart.o(i.HAL_UART_MspInit)
    HAL_UART_TxCpltCallback                  0x080096f1   Thumb Code     2  stm32g4xx_hal_uart.o(i.HAL_UART_TxCpltCallback)
    HardFault_Handler                        0x080096f3   Thumb Code     2  stm32g4xx_it.o(i.HardFault_Handler)
    IAP_RequestUpdate                        0x080096f5   Thumb Code    72  iap_function.o(i.IAP_RequestUpdate)
    MX_DMA_Init                              0x0800974d   Thumb Code   104  dma.o(i.MX_DMA_Init)
    MX_GPIO_Init                             0x080097b9   Thumb Code   252  gpio.o(i.MX_GPIO_Init)
    MX_SPI2_Init                             0x080098bd   Thumb Code    72  spi.o(i.MX_SPI2_Init)
    MX_TIM1_Init                             0x0800990d   Thumb Code    98  tim.o(i.MX_TIM1_Init)
    MX_TIM6_Init                             0x08009979   Thumb Code    62  tim.o(i.MX_TIM6_Init)
    MX_USART1_UART_Init                      0x080099c1   Thumb Code   102  usart.o(i.MX_USART1_UART_Init)
    MX_USART3_UART_Init                      0x08009a31   Thumb Code    92  usart.o(i.MX_USART3_UART_Init)
    MemManage_Handler                        0x08009a99   Thumb Code     2  stm32g4xx_it.o(i.MemManage_Handler)
    ModBus_SlaveReturnTx03                   0x08009a9d   Thumb Code   106  modbus_function.o(i.ModBus_SlaveReturnTx03)
    ModBus_SlaveReturnTx04                   0x08009b15   Thumb Code   104  modbus_function.o(i.ModBus_SlaveReturnTx04)
    ModBus_SlaveReturnTx06                   0x08009b89   Thumb Code    34  modbus_function.o(i.ModBus_SlaveReturnTx06)
    ModBus_SlaveReturnTx10                   0x08009bb1   Thumb Code    86  modbus_function.o(i.ModBus_SlaveReturnTx10)
    ModBus_SlaveRx                           0x08009c11   Thumb Code   108  modbus_function.o(i.ModBus_SlaveRx)
    ModBus_SlaveRx03                         0x08009c89   Thumb Code    90  modbus_function.o(i.ModBus_SlaveRx03)
    ModBus_SlaveRx03DataCollation            0x08009ced   Thumb Code   108  modbus_function.o(i.ModBus_SlaveRx03DataCollation)
    ModBus_SlaveRx04                         0x08009d65   Thumb Code   144  modbus_function.o(i.ModBus_SlaveRx04)
    ModBus_SlaveRx04DataCollation            0x08009dfd   Thumb Code    90  modbus_function.o(i.ModBus_SlaveRx04DataCollation)
    ModBus_SlaveRx06                         0x08009e65   Thumb Code   194  modbus_function.o(i.ModBus_SlaveRx06)
    ModBus_SlaveRx06DataCollation            0x08009f31   Thumb Code   104  modbus_function.o(i.ModBus_SlaveRx06DataCollation)
    ModBus_SlaveRx10                         0x08009fa5   Thumb Code   132  modbus_function.o(i.ModBus_SlaveRx10)
    ModBus_SlaveRx10DataCollation            0x0800a035   Thumb Code   168  modbus_function.o(i.ModBus_SlaveRx10DataCollation)
    ModBus_Slave_SendErrorResponse           0x0800a0e9   Thumb Code    60  modbus_function.o(i.ModBus_Slave_SendErrorResponse)
    Modbus_CRC16                             0x0800a12d   Thumb Code    50  modbus_function.o(i.Modbus_CRC16)
    NMI_Handler                              0x0800a15f   Thumb Code     2  stm32g4xx_it.o(i.NMI_Handler)
    PendSV_Handler                           0x0800a161   Thumb Code     2  stm32g4xx_it.o(i.PendSV_Handler)
    Relay_AllOff                             0x0800a163   Thumb Code    20  relay_control.o(i.Relay_AllOff)
    Relay_AllOn                              0x0800a177   Thumb Code    20  relay_control.o(i.Relay_AllOn)
    Relay_GetStatus                          0x0800a18d   Thumb Code    42  relay_control.o(i.Relay_GetStatus)
    Relay_Off                                0x0800a1bd   Thumb Code    36  relay_control.o(i.Relay_Off)
    Relay_On                                 0x0800a1e5   Thumb Code    36  relay_control.o(i.Relay_On)
    SVC_Handler                              0x0800a20d   Thumb Code     2  stm32g4xx_it.o(i.SVC_Handler)
    SysTick_Handler                          0x0800a24d   Thumb Code     4  stm32g4xx_it.o(i.SysTick_Handler)
    SystemClock_Config                       0x0800a251   Thumb Code   102  main.o(i.SystemClock_Config)
    SystemInit                               0x0800a2b9   Thumb Code    12  system_stm32g4xx.o(i.SystemInit)
    TIM1_UP_TIM16_IRQHandler                 0x0800a2c9   Thumb Code     6  stm32g4xx_it.o(i.TIM1_UP_TIM16_IRQHandler)
    TIM6_DAC_IRQHandler                      0x0800a2d5   Thumb Code    16  stm32g4xx_it.o(i.TIM6_DAC_IRQHandler)
    TIM_Base_SetConfig                       0x0800a2e9   Thumb Code   178  stm32g4xx_hal_tim.o(i.TIM_Base_SetConfig)
    TIM_ETR_SetConfig                        0x0800a3bd   Thumb Code    20  stm32g4xx_hal_tim.o(i.TIM_ETR_SetConfig)
    UART_AdvFeatureConfig                    0x0800a471   Thumb Code   200  stm32g4xx_hal_uart.o(i.UART_AdvFeatureConfig)
    UART_CheckIdleState                      0x0800a539   Thumb Code   172  stm32g4xx_hal_uart.o(i.UART_CheckIdleState)
    UART_SetConfig                           0x0800a64d   Thumb Code   616  stm32g4xx_hal_uart.o(i.UART_SetConfig)
    UART_WaitOnFlagUntilTimeout              0x0800a8e5   Thumb Code   146  stm32g4xx_hal_uart.o(i.UART_WaitOnFlagUntilTimeout)
    USART1_IRQHandler                        0x0800a979   Thumb Code   176  stm32g4xx_it.o(i.USART1_IRQHandler)
    USART3_IRQHandler                        0x0800aa39   Thumb Code     6  stm32g4xx_it.o(i.USART3_IRQHandler)
    UsageFault_Handler                       0x0800aa45   Thumb Code     2  stm32g4xx_it.o(i.UsageFault_Handler)
    Usart1TransmitterDMA                     0x0800aa49   Thumb Code    64  uart_config.o(i.Usart1TransmitterDMA)
    Usart1_Print                             0x0800aa91   Thumb Code    68  uart_config.o(i.Usart1_Print)
    Usart1_ReceiveStringHandler              0x0800aadd   Thumb Code    38  modbus_function.o(i.Usart1_ReceiveStringHandler)
    Usart1_SendStringHandler                 0x0800ab0d   Thumb Code   286  modbus_function.o(i.Usart1_SendStringHandler)
    __ARM_fpclassify                         0x0800ad31   Thumb Code    48  fpclassify.o(i.__ARM_fpclassify)
    _is_digit                                0x0800ad81   Thumb Code    14  __printf_wp.o(i._is_digit)
    delay_us                                 0x0800ad91   Thumb Code    52  delay_function.o(i.delay_us)
    main                                     0x0800adcd   Thumb Code   110  main.o(i.main)
    uart_config                              0x0800ae4d   Thumb Code    44  uart_config.o(i.uart_config)
    _get_lc_numeric                          0x0800ae81   Thumb Code    44  lc_numeric_c.o(locale$$code)
    _get_lc_ctype                            0x0800aead   Thumb Code    44  lc_ctype_c.o(locale$$code)
    _fp_init                                 0x0800aed9   Thumb Code    10  fpinit.o(x$fpl$fpinit)
    __fplib_config_fpu_vfp                   0x0800aee1   Thumb Code     0  fpinit.o(x$fpl$fpinit)
    __fplib_config_pureend_doubles           0x0800aee1   Thumb Code     0  fpinit.o(x$fpl$fpinit)
    _printf_fp_dec                           0x0800aee3   Thumb Code     4  printf1.o(x$fpl$printf1)
    _printf_fp_hex                           0x0800aee7   Thumb Code     4  printf2.o(x$fpl$printf2)
    UARTPrescTable                           0x0800aeea   Data          24  stm32g4xx_hal_uart.o(.constdata)
    __I$use$fp                               0x0800aeea   Number         0  usenofp.o(x$fpl$usenofp)
    AHBPrescTable                            0x0800af12   Data          16  system_stm32g4xx.o(.constdata)
    APBPrescTable                            0x0800af22   Data           8  system_stm32g4xx.o(.constdata)
    DTC_PosTable                             0x0800af5c   Data           5  digitaltube_control.o(.constdata)
    DTC_SegTable                             0x0800af61   Data          28  digitaltube_control.o(.constdata)
    Region$$Table$$Base                      0x0800b07c   Number         0  anon$$obj.o(Region$$Table)
    Region$$Table$$Limit                     0x0800b09c   Number         0  anon$$obj.o(Region$$Table)
    __ctype                                  0x0800b0c5   Data           0  lc_ctype_c.o(locale$$data)
    errcnt                                   0x20000000   Data           1  main.o(.data)
    testcnt                                  0x20000004   Data           4  main.o(.data)
    uwTickPrio                               0x20000008   Data           4  stm32g4xx_hal.o(.data)
    uwTickFreq                               0x2000000c   Data           4  stm32g4xx_hal.o(.data)
    uwTick                                   0x20000010   Data           4  stm32g4xx_hal.o(.data)
    pFlash                                   0x20000014   Data          32  stm32g4xx_hal_flash.o(.data)
    SystemCoreClock                          0x20000034   Data           4  system_stm32g4xx.o(.data)
    hspi2                                    0x2000003c   Data         100  spi.o(.bss)
    hdma_spi2_tx                             0x200000a0   Data          96  spi.o(.bss)
    htim1                                    0x20000100   Data          76  tim.o(.bss)
    htim6                                    0x2000014c   Data          76  tim.o(.bss)
    huart1                                   0x20000198   Data         148  usart.o(.bss)
    huart3                                   0x2000022c   Data         148  usart.o(.bss)
    hdma_usart1_tx                           0x200002c0   Data          96  usart.o(.bss)
    hdma_usart3_rx                           0x20000320   Data          96  usart.o(.bss)
    hdma_usart3_tx                           0x20000380   Data          96  usart.o(.bss)
    Usart1                                   0x200003e0   Data         524  uart_config.o(.bss)
    ModBus                                   0x200007ec   Data         744  modbus_function.o(.bss)
    DTC_Dev                                  0x20000ad4   Data          40  digitaltube_control.o(.bss)
    PA_Buffer                                0x20000afc   Data         200  digitaltube_control.o(.bss)
    DP_Buffer                                0x20000bc4   Data         200  digitaltube_control.o(.bss)
    __libspace_start                         0x20000c8c   Data          96  libspace.o(.bss)
    __temporary_stack_top$libspace           0x20000cec   Data           0  libspace.o(.bss)



==============================================================================

Memory Map of the image

  Image Entry point : 0x080051d9

  Load Region LR_IROM1 (Base: 0x08005000, Size: 0x00006204, Max: 0x0003a000, ABSOLUTE)

    Execution Region ER_IROM1 (Exec base: 0x08005000, Load base: 0x08005000, Size: 0x000061c8, Max: 0x0003a000, ABSOLUTE)

    Exec Addr    Load Addr    Size         Type   Attr      Idx    E Section Name        Object

    0x08005000   0x08005000   0x000001d8   Data   RO            3    RESET               startup_stm32g491xx.o
    0x080051d8   0x080051d8   0x00000008   Code   RO         4636  * !!!main             c_w.l(__main.o)
    0x080051e0   0x080051e0   0x00000034   Code   RO         4973    !!!scatter          c_w.l(__scatter.o)
    0x08005214   0x08005214   0x0000001a   Code   RO         4975    !!handler_copy      c_w.l(__scatter_copy.o)
    0x0800522e   0x0800522e   0x00000002   PAD
    0x08005230   0x08005230   0x0000001c   Code   RO         4977    !!handler_zi        c_w.l(__scatter_zi.o)
    0x0800524c   0x0800524c   0x00000000   Code   RO         4726    .ARM.Collect$$_printf_percent$$00000000  c_w.l(_printf_percent.o)
    0x0800524c   0x0800524c   0x00000006   Code   RO         4715    .ARM.Collect$$_printf_percent$$00000001  c_w.l(_printf_n.o)
    0x08005252   0x08005252   0x00000006   Code   RO         4717    .ARM.Collect$$_printf_percent$$00000002  c_w.l(_printf_p.o)
    0x08005258   0x08005258   0x00000006   Code   RO         4722    .ARM.Collect$$_printf_percent$$00000003  c_w.l(_printf_f.o)
    0x0800525e   0x0800525e   0x00000006   Code   RO         4723    .ARM.Collect$$_printf_percent$$00000004  c_w.l(_printf_e.o)
    0x08005264   0x08005264   0x00000006   Code   RO         4724    .ARM.Collect$$_printf_percent$$00000005  c_w.l(_printf_g.o)
    0x0800526a   0x0800526a   0x00000006   Code   RO         4725    .ARM.Collect$$_printf_percent$$00000006  c_w.l(_printf_a.o)
    0x08005270   0x08005270   0x0000000a   Code   RO         4730    .ARM.Collect$$_printf_percent$$00000007  c_w.l(_printf_ll.o)
    0x0800527a   0x0800527a   0x00000006   Code   RO         4719    .ARM.Collect$$_printf_percent$$00000008  c_w.l(_printf_i.o)
    0x08005280   0x08005280   0x00000006   Code   RO         4720    .ARM.Collect$$_printf_percent$$00000009  c_w.l(_printf_d.o)
    0x08005286   0x08005286   0x00000006   Code   RO         4721    .ARM.Collect$$_printf_percent$$0000000A  c_w.l(_printf_u.o)
    0x0800528c   0x0800528c   0x00000006   Code   RO         4718    .ARM.Collect$$_printf_percent$$0000000B  c_w.l(_printf_o.o)
    0x08005292   0x08005292   0x00000006   Code   RO         4716    .ARM.Collect$$_printf_percent$$0000000C  c_w.l(_printf_x.o)
    0x08005298   0x08005298   0x00000006   Code   RO         4727    .ARM.Collect$$_printf_percent$$0000000D  c_w.l(_printf_lli.o)
    0x0800529e   0x0800529e   0x00000006   Code   RO         4728    .ARM.Collect$$_printf_percent$$0000000E  c_w.l(_printf_lld.o)
    0x080052a4   0x080052a4   0x00000006   Code   RO         4729    .ARM.Collect$$_printf_percent$$0000000F  c_w.l(_printf_llu.o)
    0x080052aa   0x080052aa   0x00000006   Code   RO         4734    .ARM.Collect$$_printf_percent$$00000010  c_w.l(_printf_llo.o)
    0x080052b0   0x080052b0   0x00000006   Code   RO         4735    .ARM.Collect$$_printf_percent$$00000011  c_w.l(_printf_llx.o)
    0x080052b6   0x080052b6   0x0000000a   Code   RO         4731    .ARM.Collect$$_printf_percent$$00000012  c_w.l(_printf_l.o)
    0x080052c0   0x080052c0   0x00000006   Code   RO         4713    .ARM.Collect$$_printf_percent$$00000013  c_w.l(_printf_c.o)
    0x080052c6   0x080052c6   0x00000006   Code   RO         4714    .ARM.Collect$$_printf_percent$$00000014  c_w.l(_printf_s.o)
    0x080052cc   0x080052cc   0x00000006   Code   RO         4732    .ARM.Collect$$_printf_percent$$00000015  c_w.l(_printf_lc.o)
    0x080052d2   0x080052d2   0x00000006   Code   RO         4733    .ARM.Collect$$_printf_percent$$00000016  c_w.l(_printf_ls.o)
    0x080052d8   0x080052d8   0x00000004   Code   RO         4780    .ARM.Collect$$_printf_percent$$00000017  c_w.l(_printf_percent_end.o)
    0x080052dc   0x080052dc   0x00000002   Code   RO         4833    .ARM.Collect$$libinit$$00000000  c_w.l(libinit.o)
    0x080052de   0x080052de   0x00000004   Code   RO         4853    .ARM.Collect$$libinit$$00000001  c_w.l(libinit2.o)
    0x080052e2   0x080052e2   0x00000000   Code   RO         4856    .ARM.Collect$$libinit$$00000004  c_w.l(libinit2.o)
    0x080052e2   0x080052e2   0x00000000   Code   RO         4859    .ARM.Collect$$libinit$$0000000A  c_w.l(libinit2.o)
    0x080052e2   0x080052e2   0x00000000   Code   RO         4861    .ARM.Collect$$libinit$$0000000C  c_w.l(libinit2.o)
    0x080052e2   0x080052e2   0x00000000   Code   RO         4863    .ARM.Collect$$libinit$$0000000E  c_w.l(libinit2.o)
    0x080052e2   0x080052e2   0x00000006   Code   RO         4864    .ARM.Collect$$libinit$$0000000F  c_w.l(libinit2.o)
    0x080052e8   0x080052e8   0x00000000   Code   RO         4866    .ARM.Collect$$libinit$$00000011  c_w.l(libinit2.o)
    0x080052e8   0x080052e8   0x0000000c   Code   RO         4867    .ARM.Collect$$libinit$$00000012  c_w.l(libinit2.o)
    0x080052f4   0x080052f4   0x00000000   Code   RO         4868    .ARM.Collect$$libinit$$00000013  c_w.l(libinit2.o)
    0x080052f4   0x080052f4   0x00000000   Code   RO         4870    .ARM.Collect$$libinit$$00000015  c_w.l(libinit2.o)
    0x080052f4   0x080052f4   0x0000000a   Code   RO         4871    .ARM.Collect$$libinit$$00000016  c_w.l(libinit2.o)
    0x080052fe   0x080052fe   0x00000000   Code   RO         4872    .ARM.Collect$$libinit$$00000017  c_w.l(libinit2.o)
    0x080052fe   0x080052fe   0x00000000   Code   RO         4874    .ARM.Collect$$libinit$$00000019  c_w.l(libinit2.o)
    0x080052fe   0x080052fe   0x00000000   Code   RO         4876    .ARM.Collect$$libinit$$0000001B  c_w.l(libinit2.o)
    0x080052fe   0x080052fe   0x00000000   Code   RO         4878    .ARM.Collect$$libinit$$0000001D  c_w.l(libinit2.o)
    0x080052fe   0x080052fe   0x00000000   Code   RO         4880    .ARM.Collect$$libinit$$0000001F  c_w.l(libinit2.o)
    0x080052fe   0x080052fe   0x00000000   Code   RO         4882    .ARM.Collect$$libinit$$00000021  c_w.l(libinit2.o)
    0x080052fe   0x080052fe   0x00000000   Code   RO         4884    .ARM.Collect$$libinit$$00000023  c_w.l(libinit2.o)
    0x080052fe   0x080052fe   0x00000000   Code   RO         4886    .ARM.Collect$$libinit$$00000025  c_w.l(libinit2.o)
    0x080052fe   0x080052fe   0x00000000   Code   RO         4890    .ARM.Collect$$libinit$$0000002C  c_w.l(libinit2.o)
    0x080052fe   0x080052fe   0x00000000   Code   RO         4892    .ARM.Collect$$libinit$$0000002E  c_w.l(libinit2.o)
    0x080052fe   0x080052fe   0x00000000   Code   RO         4894    .ARM.Collect$$libinit$$00000030  c_w.l(libinit2.o)
    0x080052fe   0x080052fe   0x00000000   Code   RO         4896    .ARM.Collect$$libinit$$00000032  c_w.l(libinit2.o)
    0x080052fe   0x080052fe   0x00000002   Code   RO         4897    .ARM.Collect$$libinit$$00000033  c_w.l(libinit2.o)
    0x08005300   0x08005300   0x00000002   Code   RO         4928    .ARM.Collect$$libshutdown$$00000000  c_w.l(libshutdown.o)
    0x08005302   0x08005302   0x00000000   Code   RO         4954    .ARM.Collect$$libshutdown$$00000002  c_w.l(libshutdown2.o)
    0x08005302   0x08005302   0x00000000   Code   RO         4956    .ARM.Collect$$libshutdown$$00000004  c_w.l(libshutdown2.o)
    0x08005302   0x08005302   0x00000000   Code   RO         4958    .ARM.Collect$$libshutdown$$00000006  c_w.l(libshutdown2.o)
    0x08005302   0x08005302   0x00000000   Code   RO         4961    .ARM.Collect$$libshutdown$$00000009  c_w.l(libshutdown2.o)
    0x08005302   0x08005302   0x00000000   Code   RO         4964    .ARM.Collect$$libshutdown$$0000000C  c_w.l(libshutdown2.o)
    0x08005302   0x08005302   0x00000000   Code   RO         4966    .ARM.Collect$$libshutdown$$0000000E  c_w.l(libshutdown2.o)
    0x08005302   0x08005302   0x00000000   Code   RO         4969    .ARM.Collect$$libshutdown$$00000011  c_w.l(libshutdown2.o)
    0x08005302   0x08005302   0x00000002   Code   RO         4970    .ARM.Collect$$libshutdown$$00000012  c_w.l(libshutdown2.o)
    0x08005304   0x08005304   0x00000000   Code   RO         4638    .ARM.Collect$$rtentry$$00000000  c_w.l(__rtentry.o)
    0x08005304   0x08005304   0x00000000   Code   RO         4749    .ARM.Collect$$rtentry$$00000002  c_w.l(__rtentry2.o)
    0x08005304   0x08005304   0x00000006   Code   RO         4761    .ARM.Collect$$rtentry$$00000004  c_w.l(__rtentry4.o)
    0x0800530a   0x0800530a   0x00000000   Code   RO         4751    .ARM.Collect$$rtentry$$00000009  c_w.l(__rtentry2.o)
    0x0800530a   0x0800530a   0x00000004   Code   RO         4752    .ARM.Collect$$rtentry$$0000000A  c_w.l(__rtentry2.o)
    0x0800530e   0x0800530e   0x00000000   Code   RO         4754    .ARM.Collect$$rtentry$$0000000C  c_w.l(__rtentry2.o)
    0x0800530e   0x0800530e   0x00000008   Code   RO         4755    .ARM.Collect$$rtentry$$0000000D  c_w.l(__rtentry2.o)
    0x08005316   0x08005316   0x00000002   Code   RO         4842    .ARM.Collect$$rtexit$$00000000  c_w.l(rtexit.o)
    0x08005318   0x08005318   0x00000000   Code   RO         4901    .ARM.Collect$$rtexit$$00000002  c_w.l(rtexit2.o)
    0x08005318   0x08005318   0x00000004   Code   RO         4902    .ARM.Collect$$rtexit$$00000003  c_w.l(rtexit2.o)
    0x0800531c   0x0800531c   0x00000006   Code   RO         4903    .ARM.Collect$$rtexit$$00000004  c_w.l(rtexit2.o)
    0x08005322   0x08005322   0x00000002   PAD
    0x08005324   0x08005324   0x00000040   Code   RO            4    .text               startup_stm32g491xx.o
    0x08005364   0x08005364   0x000000ee   Code   RO         4620    .text               c_w.l(lludivv7m.o)
    0x08005452   0x08005452   0x00000002   PAD
    0x08005454   0x08005454   0x00000034   Code   RO         4622    .text               c_w.l(vsnprintf.o)
    0x08005488   0x08005488   0x0000003e   Code   RO         4624    .text               c_w.l(strlen.o)
    0x080054c6   0x080054c6   0x00000010   Code   RO         4628    .text               c_w.l(aeabi_memset.o)
    0x080054d6   0x080054d6   0x0000004e   Code   RO         4630    .text               c_w.l(rt_memclr_w.o)
    0x08005524   0x08005524   0x00000080   Code   RO         4632    .text               c_w.l(strcmpv7m.o)
    0x080055a4   0x080055a4   0x00000006   Code   RO         4634    .text               c_w.l(heapauxi.o)
    0x080055aa   0x080055aa   0x0000004e   Code   RO         4645    .text               c_w.l(_printf_pad.o)
    0x080055f8   0x080055f8   0x00000024   Code   RO         4647    .text               c_w.l(_printf_truncate.o)
    0x0800561c   0x0800561c   0x00000052   Code   RO         4649    .text               c_w.l(_printf_str.o)
    0x0800566e   0x0800566e   0x00000002   PAD
    0x08005670   0x08005670   0x00000078   Code   RO         4651    .text               c_w.l(_printf_dec.o)
    0x080056e8   0x080056e8   0x00000028   Code   RO         4653    .text               c_w.l(_printf_charcount.o)
    0x08005710   0x08005710   0x00000030   Code   RO         4655    .text               c_w.l(_printf_char_common.o)
    0x08005740   0x08005740   0x0000000a   Code   RO         4657    .text               c_w.l(_sputc.o)
    0x0800574a   0x0800574a   0x00000010   Code   RO         4659    .text               c_w.l(_snputc.o)
    0x0800575a   0x0800575a   0x00000002   PAD
    0x0800575c   0x0800575c   0x000000bc   Code   RO         4661    .text               c_w.l(_printf_wctomb.o)
    0x08005818   0x08005818   0x0000007c   Code   RO         4664    .text               c_w.l(_printf_longlong_dec.o)
    0x08005894   0x08005894   0x00000070   Code   RO         4670    .text               c_w.l(_printf_oct_int_ll.o)
    0x08005904   0x08005904   0x00000094   Code   RO         4690    .text               c_w.l(_printf_hex_int_ll_ptr.o)
    0x08005998   0x08005998   0x00000188   Code   RO         4710    .text               c_w.l(__printf_flags_ss_wp.o)
    0x08005b20   0x08005b20   0x00000044   Code   RO         4738    .text               c_w.l(rt_memclr.o)
    0x08005b64   0x08005b64   0x0000008a   Code   RO         4765    .text               c_w.l(lludiv10.o)
    0x08005bee   0x08005bee   0x000000b2   Code   RO         4767    .text               c_w.l(_printf_intcommon.o)
    0x08005ca0   0x08005ca0   0x0000041e   Code   RO         4769    .text               c_w.l(_printf_fp_dec.o)
    0x080060be   0x080060be   0x00000002   PAD
    0x080060c0   0x080060c0   0x000002fc   Code   RO         4771    .text               c_w.l(_printf_fp_hex.o)
    0x080063bc   0x080063bc   0x0000002c   Code   RO         4776    .text               c_w.l(_printf_char.o)
    0x080063e8   0x080063e8   0x0000002c   Code   RO         4778    .text               c_w.l(_printf_wchar.o)
    0x08006414   0x08006414   0x00000040   Code   RO         4781    .text               c_w.l(_wcrtomb.o)
    0x08006454   0x08006454   0x0000004a   Code   RO         4783    .text               c_w.l(sys_stackheap_outer.o)
    0x0800649e   0x0800649e   0x00000002   PAD
    0x080064a0   0x080064a0   0x00000010   Code   RO         4785    .text               c_w.l(rt_ctype_table.o)
    0x080064b0   0x080064b0   0x00000008   Code   RO         4790    .text               c_w.l(rt_locale_intlibspace.o)
    0x080064b8   0x080064b8   0x00000080   Code   RO         4792    .text               c_w.l(_printf_fp_infnan.o)
    0x08006538   0x08006538   0x000000e4   Code   RO         4794    .text               c_w.l(bigflt0.o)
    0x0800661c   0x0800661c   0x00000012   Code   RO         4822    .text               c_w.l(exit.o)
    0x0800662e   0x0800662e   0x00000002   PAD
    0x08006630   0x08006630   0x00000008   Code   RO         4839    .text               c_w.l(libspace.o)
    0x08006638   0x08006638   0x0000000c   Code   RO         4898    .text               c_w.l(sys_exit.o)
    0x08006644   0x08006644   0x00000002   Code   RO         4917    .text               c_w.l(use_no_semi.o)
    0x08006646   0x08006646   0x00000000   Code   RO         4919    .text               c_w.l(indicate_semi.o)
    0x08006646   0x08006646   0x0000003e   Code   RO         4797    CL$$btod_d2e        c_w.l(btod.o)
    0x08006684   0x08006684   0x00000046   Code   RO         4799    CL$$btod_d2e_denorm_low  c_w.l(btod.o)
    0x080066ca   0x080066ca   0x00000060   Code   RO         4798    CL$$btod_d2e_norm_op1  c_w.l(btod.o)
    0x0800672a   0x0800672a   0x00000338   Code   RO         4807    CL$$btod_div_common  c_w.l(btod.o)
    0x08006a62   0x08006a62   0x000000dc   Code   RO         4804    CL$$btod_e2e        c_w.l(btod.o)
    0x08006b3e   0x08006b3e   0x0000002a   Code   RO         4801    CL$$btod_ediv       c_w.l(btod.o)
    0x08006b68   0x08006b68   0x0000002a   Code   RO         4800    CL$$btod_emul       c_w.l(btod.o)
    0x08006b92   0x08006b92   0x00000244   Code   RO         4806    CL$$btod_mult_common  c_w.l(btod.o)
    0x08006dd6   0x08006dd6   0x00000002   PAD
    0x08006dd8   0x08006dd8   0x00000018   Code   RO         4213    i.APP_RelocateVectorTable  iap_function.o
    0x08006df0   0x08006df0   0x00000002   Code   RO          385    i.BusFault_Handler  stm32g4xx_it.o
    0x08006df2   0x08006df2   0x00000002   PAD
    0x08006df4   0x08006df4   0x0000003c   Code   RO          386    i.DMA1_Channel1_IRQHandler  stm32g4xx_it.o
    0x08006e30   0x08006e30   0x00000034   Code   RO          387    i.DMA1_Channel2_IRQHandler  stm32g4xx_it.o
    0x08006e64   0x08006e64   0x0000000c   Code   RO          388    i.DMA1_Channel4_IRQHandler  stm32g4xx_it.o
    0x08006e70   0x08006e70   0x0000000c   Code   RO          389    i.DMA1_Channel5_IRQHandler  stm32g4xx_it.o
    0x08006e7c   0x08006e7c   0x00000040   Code   RO         1747    i.DMA_CalcDMAMUXChannelBaseAndMask  stm32g4xx_hal_dma.o
    0x08006ebc   0x08006ebc   0x00000024   Code   RO         1748    i.DMA_CalcDMAMUXRequestGenBaseAndMask  stm32g4xx_hal_dma.o
    0x08006ee0   0x08006ee0   0x00000104   Code   RO         4491    i.DTC_Apply_Edit    digitaltube_control.o
    0x08006fe4   0x08006fe4   0x00000070   Code   RO         4492    i.DTC_DMA_Transmitter  digitaltube_control.o
    0x08007054   0x08007054   0x0000005c   Code   RO         4493    i.DTC_GetConfig     digitaltube_control.o
    0x080070b0   0x080070b0   0x00000064   Code   RO         4494    i.DTC_HandleStartupAnimation  digitaltube_control.o
    0x08007114   0x08007114   0x00000050   Code   RO         4495    i.DTC_Init          digitaltube_control.o
    0x08007164   0x08007164   0x00000214   Code   RO         4496    i.DTC_Key_Logic     digitaltube_control.o
    0x08007378   0x08007378   0x00000028   Code   RO         4497    i.DTC_SaveParams_Callback  digitaltube_control.o
    0x080073a0   0x080073a0   0x000000f8   Code   RO         4498    i.DTC_ScanHandler   digitaltube_control.o
    0x08007498   0x08007498   0x00000010   Code   RO         4499    i.DTC_SetError      digitaltube_control.o
    0x080074a8   0x080074a8   0x00000180   Code   RO         4500    i.DTC_Update_Buffer  digitaltube_control.o
    0x08007628   0x08007628   0x00000002   Code   RO          390    i.DebugMon_Handler  stm32g4xx_it.o
    0x0800762a   0x0800762a   0x0000000c   Code   RO         4110    i.DisableUARTReceive  uart_config.o
    0x08007636   0x08007636   0x00000006   Code   RO          391    i.EXTI4_IRQHandler  stm32g4xx_it.o
    0x0800763c   0x0800763c   0x00000018   Code   RO          392    i.EXTI9_5_IRQHandler  stm32g4xx_it.o
    0x08007654   0x08007654   0x0000000c   Code   RO         4111    i.EnableUARTReceive  uart_config.o
    0x08007660   0x08007660   0x00000004   Code   RO           13    i.Error_Handler     main.o
    0x08007664   0x08007664   0x0000005c   Code   RO         1497    i.FLASH_FlushCaches  stm32g4xx_hal_flash_ex.o
    0x080076c0   0x080076c0   0x0000001c   Code   RO         1498    i.FLASH_MassErase   stm32g4xx_hal_flash_ex.o
    0x080076dc   0x080076dc   0x00000020   Code   RO         1500    i.FLASH_PageErase   stm32g4xx_hal_flash_ex.o
    0x080076fc   0x080076fc   0x0000001c   Code   RO         1388    i.FLASH_Program_DoubleWord  stm32g4xx_hal_flash.o
    0x08007718   0x08007718   0x0000002c   Code   RO         1389    i.FLASH_Program_Fast  stm32g4xx_hal_flash.o
    0x08007744   0x08007744   0x0000005c   Code   RO         1390    i.FLASH_WaitForLastOperation  stm32g4xx_hal_flash.o
    0x080077a0   0x080077a0   0x0000003e   Code   RO         4571    i.Flash_CheckValidAndCRC  flash_storage.o
    0x080077de   0x080077de   0x00000024   Code   RO         4572    i.Flash_ErasePage   flash_storage.o
    0x08007802   0x08007802   0x00000002   PAD
    0x08007804   0x08007804   0x00000030   Code   RO         4573    i.Flash_LoadParams  flash_storage.o
    0x08007834   0x08007834   0x00000040   Code   RO         4574    i.Flash_SaveParams  flash_storage.o
    0x08007874   0x08007874   0x00000072   Code   RO         4575    i.Flash_WriteDataWithCRC  flash_storage.o
    0x080078e6   0x080078e6   0x0000006a   Code   RO         1750    i.HAL_DMA_Abort     stm32g4xx_hal_dma.o
    0x08007950   0x08007950   0x00000078   Code   RO         1751    i.HAL_DMA_Abort_IT  stm32g4xx_hal_dma.o
    0x080079c8   0x080079c8   0x000000ba   Code   RO         1755    i.HAL_DMA_IRQHandler  stm32g4xx_hal_dma.o
    0x08007a82   0x08007a82   0x00000002   PAD
    0x08007a84   0x08007a84   0x000000c0   Code   RO         1756    i.HAL_DMA_Init      stm32g4xx_hal_dma.o
    0x08007b44   0x08007b44   0x00000016   Code   RO         4174    i.HAL_Delay         delay_function.o
    0x08007b5a   0x08007b5a   0x00000002   PAD
    0x08007b5c   0x08007b5c   0x000000d8   Code   RO         1504    i.HAL_FLASHEx_Erase  stm32g4xx_hal_flash_ex.o
    0x08007c34   0x08007c34   0x0000001c   Code   RO         1394    i.HAL_FLASH_Lock    stm32g4xx_hal_flash.o
    0x08007c50   0x08007c50   0x000000a4   Code   RO         1399    i.HAL_FLASH_Program  stm32g4xx_hal_flash.o
    0x08007cf4   0x08007cf4   0x00000028   Code   RO         1401    i.HAL_FLASH_Unlock  stm32g4xx_hal_flash.o
    0x08007d1c   0x08007d1c   0x00000002   Code   RO         1610    i.HAL_GPIO_EXTI_Callback  stm32g4xx_hal_gpio.o
    0x08007d1e   0x08007d1e   0x00000002   PAD
    0x08007d20   0x08007d20   0x00000018   Code   RO         1611    i.HAL_GPIO_EXTI_IRQHandler  stm32g4xx_hal_gpio.o
    0x08007d38   0x08007d38   0x000001b0   Code   RO         1612    i.HAL_GPIO_Init     stm32g4xx_hal_gpio.o
    0x08007ee8   0x08007ee8   0x0000000a   Code   RO         1614    i.HAL_GPIO_ReadPin  stm32g4xx_hal_gpio.o
    0x08007ef2   0x08007ef2   0x0000000a   Code   RO         1616    i.HAL_GPIO_WritePin  stm32g4xx_hal_gpio.o
    0x08007efc   0x08007efc   0x0000000c   Code   RO          907    i.HAL_GetTick       stm32g4xx_hal.o
    0x08007f08   0x08007f08   0x00000010   Code   RO          913    i.HAL_IncTick       stm32g4xx_hal.o
    0x08007f18   0x08007f18   0x0000001e   Code   RO          914    i.HAL_Init          stm32g4xx_hal.o
    0x08007f36   0x08007f36   0x00000002   PAD
    0x08007f38   0x08007f38   0x00000044   Code   RO          915    i.HAL_InitTick      stm32g4xx_hal.o
    0x08007f7c   0x08007f7c   0x00000030   Code   RO          521    i.HAL_MspInit       stm32g4xx_hal_msp.o
    0x08007fac   0x08007fac   0x0000001a   Code   RO         2259    i.HAL_NVIC_EnableIRQ  stm32g4xx_hal_cortex.o
    0x08007fc6   0x08007fc6   0x00000002   PAD
    0x08007fc8   0x08007fc8   0x00000040   Code   RO         2265    i.HAL_NVIC_SetPriority  stm32g4xx_hal_cortex.o
    0x08008008   0x08008008   0x00000024   Code   RO         2266    i.HAL_NVIC_SetPriorityGrouping  stm32g4xx_hal_cortex.o
    0x0800802c   0x0800802c   0x000000bc   Code   RO         2015    i.HAL_PWREx_ControlVoltageScaling  stm32g4xx_hal_pwr_ex.o
    0x080080e8   0x080080e8   0x00000010   Code   RO         2027    i.HAL_PWREx_DisableUCPDDeadBattery  stm32g4xx_hal_pwr_ex.o
    0x080080f8   0x080080f8   0x00000010   Code   RO         1907    i.HAL_PWR_EnableBkUpAccess  stm32g4xx_hal_pwr.o
    0x08008108   0x08008108   0x00000300   Code   RO         1274    i.HAL_RCCEx_PeriphCLKConfig  stm32g4xx_hal_rcc_ex.o
    0x08008408   0x08008408   0x000001cc   Code   RO         1149    i.HAL_RCC_ClockConfig  stm32g4xx_hal_rcc.o
    0x080085d4   0x080085d4   0x00000024   Code   RO         1157    i.HAL_RCC_GetPCLK1Freq  stm32g4xx_hal_rcc.o
    0x080085f8   0x080085f8   0x00000024   Code   RO         1158    i.HAL_RCC_GetPCLK2Freq  stm32g4xx_hal_rcc.o
    0x0800861c   0x0800861c   0x00000058   Code   RO         1159    i.HAL_RCC_GetSysClockFreq  stm32g4xx_hal_rcc.o
    0x08008674   0x08008674   0x000003f4   Code   RO         1162    i.HAL_RCC_OscConfig  stm32g4xx_hal_rcc.o
    0x08008a68   0x08008a68   0x000000ea   Code   RO          556    i.HAL_SPI_Init      stm32g4xx_hal_spi.o
    0x08008b52   0x08008b52   0x00000002   PAD
    0x08008b54   0x08008b54   0x000000b8   Code   RO          248    i.HAL_SPI_MspInit   spi.o
    0x08008c0c   0x08008c0c   0x00000028   Code   RO         2270    i.HAL_SYSTICK_Config  stm32g4xx_hal_cortex.o
    0x08008c34   0x08008c34   0x00000002   Code   RO         3105    i.HAL_TIMEx_Break2Callback  stm32g4xx_hal_tim_ex.o
    0x08008c36   0x08008c36   0x00000002   Code   RO         3106    i.HAL_TIMEx_BreakCallback  stm32g4xx_hal_tim_ex.o
    0x08008c38   0x08008c38   0x00000002   Code   RO         3107    i.HAL_TIMEx_CommutCallback  stm32g4xx_hal_tim_ex.o
    0x08008c3a   0x08008c3a   0x00000002   Code   RO         3118    i.HAL_TIMEx_DirectionChangeCallback  stm32g4xx_hal_tim_ex.o
    0x08008c3c   0x08008c3c   0x00000002   Code   RO         3132    i.HAL_TIMEx_EncoderIndexCallback  stm32g4xx_hal_tim_ex.o
    0x08008c3e   0x08008c3e   0x00000002   Code   RO         3146    i.HAL_TIMEx_IndexErrorCallback  stm32g4xx_hal_tim_ex.o
    0x08008c40   0x08008c40   0x000000ac   Code   RO         3147    i.HAL_TIMEx_MasterConfigSynchronization  stm32g4xx_hal_tim_ex.o
    0x08008cec   0x08008cec   0x00000002   Code   RO         3168    i.HAL_TIMEx_TransitionErrorCallback  stm32g4xx_hal_tim_ex.o
    0x08008cee   0x08008cee   0x00000062   Code   RO         2391    i.HAL_TIM_Base_Init  stm32g4xx_hal_tim.o
    0x08008d50   0x08008d50   0x00000064   Code   RO          290    i.HAL_TIM_Base_MspInit  tim.o
    0x08008db4   0x08008db4   0x00000080   Code   RO         2396    i.HAL_TIM_Base_Start_IT  stm32g4xx_hal_tim.o
    0x08008e34   0x08008e34   0x00000104   Code   RO         2400    i.HAL_TIM_ConfigClockSource  stm32g4xx_hal_tim.o
    0x08008f38   0x08008f38   0x00000002   Code   RO         2425    i.HAL_TIM_IC_CaptureCallback  stm32g4xx_hal_tim.o
    0x08008f3a   0x08008f3a   0x000001a2   Code   RO         2439    i.HAL_TIM_IRQHandler  stm32g4xx_hal_tim.o
    0x080090dc   0x080090dc   0x00000002   Code   RO         2442    i.HAL_TIM_OC_DelayElapsedCallback  stm32g4xx_hal_tim.o
    0x080090de   0x080090de   0x00000002   Code   RO         2469    i.HAL_TIM_PWM_PulseFinishedCallback  stm32g4xx_hal_tim.o
    0x080090e0   0x080090e0   0x00000002   Code   RO         2477    i.HAL_TIM_PeriodElapsedCallback  stm32g4xx_hal_tim.o
    0x080090e2   0x080090e2   0x00000002   Code   RO         2482    i.HAL_TIM_TriggerCallback  stm32g4xx_hal_tim.o
    0x080090e4   0x080090e4   0x0000003e   Code   RO         3954    i.HAL_UARTEx_DisableFifoMode  stm32g4xx_hal_uart_ex.o
    0x08009122   0x08009122   0x00000002   Code   RO         3543    i.HAL_UARTEx_RxEventCallback  stm32g4xx_hal_uart.o
    0x08009124   0x08009124   0x00000002   Code   RO         3962    i.HAL_UARTEx_RxFifoFullCallback  stm32g4xx_hal_uart_ex.o
    0x08009126   0x08009126   0x0000004c   Code   RO         3963    i.HAL_UARTEx_SetRxFifoThreshold  stm32g4xx_hal_uart_ex.o
    0x08009172   0x08009172   0x0000004c   Code   RO         3964    i.HAL_UARTEx_SetTxFifoThreshold  stm32g4xx_hal_uart_ex.o
    0x080091be   0x080091be   0x00000002   Code   RO         3966    i.HAL_UARTEx_TxFifoEmptyCallback  stm32g4xx_hal_uart_ex.o
    0x080091c0   0x080091c0   0x00000002   Code   RO         3967    i.HAL_UARTEx_WakeupCallback  stm32g4xx_hal_uart_ex.o
    0x080091c2   0x080091c2   0x00000002   Code   RO         3559    i.HAL_UART_ErrorCallback  stm32g4xx_hal_uart.o
    0x080091c4   0x080091c4   0x0000030c   Code   RO         3562    i.HAL_UART_IRQHandler  stm32g4xx_hal_uart.o
    0x080094d0   0x080094d0   0x0000006a   Code   RO         3563    i.HAL_UART_Init     stm32g4xx_hal_uart.o
    0x0800953a   0x0800953a   0x00000002   PAD
    0x0800953c   0x0800953c   0x000001b4   Code   RO          338    i.HAL_UART_MspInit  usart.o
    0x080096f0   0x080096f0   0x00000002   Code   RO         3575    i.HAL_UART_TxCpltCallback  stm32g4xx_hal_uart.o
    0x080096f2   0x080096f2   0x00000002   Code   RO          393    i.HardFault_Handler  stm32g4xx_it.o
    0x080096f4   0x080096f4   0x00000058   Code   RO         4220    i.IAP_RequestUpdate  iap_function.o
    0x0800974c   0x0800974c   0x0000006c   Code   RO          223    i.MX_DMA_Init       dma.o
    0x080097b8   0x080097b8   0x00000104   Code   RO          199    i.MX_GPIO_Init      gpio.o
    0x080098bc   0x080098bc   0x00000050   Code   RO          249    i.MX_SPI2_Init      spi.o
    0x0800990c   0x0800990c   0x0000006c   Code   RO          291    i.MX_TIM1_Init      tim.o
    0x08009978   0x08009978   0x00000048   Code   RO          292    i.MX_TIM6_Init      tim.o
    0x080099c0   0x080099c0   0x00000070   Code   RO          339    i.MX_USART1_UART_Init  usart.o
    0x08009a30   0x08009a30   0x00000068   Code   RO          340    i.MX_USART3_UART_Init  usart.o
    0x08009a98   0x08009a98   0x00000002   Code   RO          394    i.MemManage_Handler  stm32g4xx_it.o
    0x08009a9a   0x08009a9a   0x00000002   PAD
    0x08009a9c   0x08009a9c   0x00000078   Code   RO         4295    i.ModBus_SlaveReturnTx03  modbus_function.o
    0x08009b14   0x08009b14   0x00000074   Code   RO         4296    i.ModBus_SlaveReturnTx04  modbus_function.o
    0x08009b88   0x08009b88   0x00000028   Code   RO         4297    i.ModBus_SlaveReturnTx06  modbus_function.o
    0x08009bb0   0x08009bb0   0x00000060   Code   RO         4298    i.ModBus_SlaveReturnTx10  modbus_function.o
    0x08009c10   0x08009c10   0x00000078   Code   RO         4299    i.ModBus_SlaveRx    modbus_function.o
    0x08009c88   0x08009c88   0x00000064   Code   RO         4300    i.ModBus_SlaveRx03  modbus_function.o
    0x08009cec   0x08009cec   0x00000078   Code   RO         4301    i.ModBus_SlaveRx03DataCollation  modbus_function.o
    0x08009d64   0x08009d64   0x00000098   Code   RO         4302    i.ModBus_SlaveRx04  modbus_function.o
    0x08009dfc   0x08009dfc   0x00000068   Code   RO         4303    i.ModBus_SlaveRx04DataCollation  modbus_function.o
    0x08009e64   0x08009e64   0x000000cc   Code   RO         4304    i.ModBus_SlaveRx06  modbus_function.o
    0x08009f30   0x08009f30   0x00000074   Code   RO         4305    i.ModBus_SlaveRx06DataCollation  modbus_function.o
    0x08009fa4   0x08009fa4   0x00000090   Code   RO         4306    i.ModBus_SlaveRx10  modbus_function.o
    0x0800a034   0x0800a034   0x000000b4   Code   RO         4307    i.ModBus_SlaveRx10DataCollation  modbus_function.o
    0x0800a0e8   0x0800a0e8   0x00000044   Code   RO         4308    i.ModBus_Slave_SendErrorResponse  modbus_function.o
    0x0800a12c   0x0800a12c   0x00000032   Code   RO         4309    i.Modbus_CRC16      modbus_function.o
    0x0800a15e   0x0800a15e   0x00000002   Code   RO          395    i.NMI_Handler       stm32g4xx_it.o
    0x0800a160   0x0800a160   0x00000002   Code   RO          396    i.PendSV_Handler    stm32g4xx_it.o
    0x0800a162   0x0800a162   0x00000014   Code   RO         4425    i.Relay_AllOff      relay_control.o
    0x0800a176   0x0800a176   0x00000014   Code   RO         4426    i.Relay_AllOn       relay_control.o
    0x0800a18a   0x0800a18a   0x00000002   PAD
    0x0800a18c   0x0800a18c   0x00000030   Code   RO         4427    i.Relay_GetStatus   relay_control.o
    0x0800a1bc   0x0800a1bc   0x00000028   Code   RO         4429    i.Relay_Off         relay_control.o
    0x0800a1e4   0x0800a1e4   0x00000028   Code   RO         4430    i.Relay_On          relay_control.o
    0x0800a20c   0x0800a20c   0x00000002   Code   RO          397    i.SVC_Handler       stm32g4xx_it.o
    0x0800a20e   0x0800a20e   0x00000002   PAD
    0x0800a210   0x0800a210   0x0000003c   Code   RO         4576    i.Soft_CRC32        flash_storage.o
    0x0800a24c   0x0800a24c   0x00000004   Code   RO          398    i.SysTick_Handler   stm32g4xx_it.o
    0x0800a250   0x0800a250   0x00000066   Code   RO           14    i.SystemClock_Config  main.o
    0x0800a2b6   0x0800a2b6   0x00000002   PAD
    0x0800a2b8   0x0800a2b8   0x00000010   Code   RO         4073    i.SystemInit        system_stm32g4xx.o
    0x0800a2c8   0x0800a2c8   0x0000000c   Code   RO          399    i.TIM1_UP_TIM16_IRQHandler  stm32g4xx_it.o
    0x0800a2d4   0x0800a2d4   0x00000014   Code   RO          400    i.TIM6_DAC_IRQHandler  stm32g4xx_it.o
    0x0800a2e8   0x0800a2e8   0x000000d4   Code   RO         2484    i.TIM_Base_SetConfig  stm32g4xx_hal_tim.o
    0x0800a3bc   0x0800a3bc   0x00000014   Code   RO         2495    i.TIM_ETR_SetConfig  stm32g4xx_hal_tim.o
    0x0800a3d0   0x0800a3d0   0x00000014   Code   RO         2496    i.TIM_ITRx_SetConfig  stm32g4xx_hal_tim.o
    0x0800a3e4   0x0800a3e4   0x00000022   Code   RO         2504    i.TIM_TI1_ConfigInputStage  stm32g4xx_hal_tim.o
    0x0800a406   0x0800a406   0x00000024   Code   RO         2506    i.TIM_TI2_ConfigInputStage  stm32g4xx_hal_tim.o
    0x0800a42a   0x0800a42a   0x00000002   PAD
    0x0800a42c   0x0800a42c   0x00000044   Code   RO         3968    i.UARTEx_SetNbDataToProcess  stm32g4xx_hal_uart_ex.o
    0x0800a470   0x0800a470   0x000000c8   Code   RO         3577    i.UART_AdvFeatureConfig  stm32g4xx_hal_uart.o
    0x0800a538   0x0800a538   0x000000ac   Code   RO         3578    i.UART_CheckIdleState  stm32g4xx_hal_uart.o
    0x0800a5e4   0x0800a5e4   0x00000014   Code   RO         3579    i.UART_DMAAbortOnError  stm32g4xx_hal_uart.o
    0x0800a5f8   0x0800a5f8   0x00000054   Code   RO         3589    i.UART_EndRxTransfer  stm32g4xx_hal_uart.o
    0x0800a64c   0x0800a64c   0x00000298   Code   RO         3595    i.UART_SetConfig    stm32g4xx_hal_uart.o
    0x0800a8e4   0x0800a8e4   0x00000092   Code   RO         3602    i.UART_WaitOnFlagUntilTimeout  stm32g4xx_hal_uart.o
    0x0800a976   0x0800a976   0x00000002   PAD
    0x0800a978   0x0800a978   0x000000c0   Code   RO          401    i.USART1_IRQHandler  stm32g4xx_it.o
    0x0800aa38   0x0800aa38   0x0000000c   Code   RO          402    i.USART3_IRQHandler  stm32g4xx_it.o
    0x0800aa44   0x0800aa44   0x00000002   Code   RO          403    i.UsageFault_Handler  stm32g4xx_it.o
    0x0800aa46   0x0800aa46   0x00000002   PAD
    0x0800aa48   0x0800aa48   0x00000048   Code   RO         4112    i.Usart1TransmitterDMA  uart_config.o
    0x0800aa90   0x0800aa90   0x0000004c   Code   RO         4113    i.Usart1_Print      uart_config.o
    0x0800aadc   0x0800aadc   0x00000030   Code   RO         4310    i.Usart1_ReceiveStringHandler  modbus_function.o
    0x0800ab0c   0x0800ab0c   0x00000224   Code   RO         4311    i.Usart1_SendStringHandler  modbus_function.o
    0x0800ad30   0x0800ad30   0x00000030   Code   RO         4837    i.__ARM_fpclassify  m_wm.l(fpclassify.o)
    0x0800ad60   0x0800ad60   0x00000020   Code   RO         2272    i.__NVIC_SetPriority  stm32g4xx_hal_cortex.o
    0x0800ad80   0x0800ad80   0x0000000e   Code   RO         4703    i._is_digit         c_w.l(__printf_wp.o)
    0x0800ad8e   0x0800ad8e   0x00000002   PAD
    0x0800ad90   0x0800ad90   0x0000003c   Code   RO         4176    i.delay_us          delay_function.o
    0x0800adcc   0x0800adcc   0x00000080   Code   RO           15    i.main              main.o
    0x0800ae4c   0x0800ae4c   0x00000034   Code   RO         4114    i.uart_config       uart_config.o
    0x0800ae80   0x0800ae80   0x0000002c   Code   RO         4820    locale$$code        c_w.l(lc_numeric_c.o)
    0x0800aeac   0x0800aeac   0x0000002c   Code   RO         4847    locale$$code        c_w.l(lc_ctype_c.o)
    0x0800aed8   0x0800aed8   0x0000000a   Code   RO         4913    x$fpl$fpinit        fz_wm.l(fpinit.o)
    0x0800aee2   0x0800aee2   0x00000004   Code   RO         4740    x$fpl$printf1       fz_wm.l(printf1.o)
    0x0800aee6   0x0800aee6   0x00000004   Code   RO         4742    x$fpl$printf2       fz_wm.l(printf2.o)
    0x0800aeea   0x0800aeea   0x00000000   Code   RO         4836    x$fpl$usenofp       fz_wm.l(usenofp.o)
    0x0800aeea   0x0800aeea   0x00000018   Data   RO         3603    .constdata          stm32g4xx_hal_uart.o
    0x0800af02   0x0800af02   0x00000010   Data   RO         3969    .constdata          stm32g4xx_hal_uart_ex.o
    0x0800af12   0x0800af12   0x00000010   Data   RO         4074    .constdata          system_stm32g4xx.o
    0x0800af22   0x0800af22   0x00000008   Data   RO         4075    .constdata          system_stm32g4xx.o
    0x0800af2a   0x0800af2a   0x00000002   PAD
    0x0800af2c   0x0800af2c   0x00000030   Data   RO         4433    .constdata          relay_control.o
    0x0800af5c   0x0800af5c   0x00000021   Data   RO         4502    .constdata          digitaltube_control.o
    0x0800af7d   0x0800af7d   0x00000003   PAD
    0x0800af80   0x0800af80   0x00000008   Data   RO         4662    .constdata          c_w.l(_printf_wctomb.o)
    0x0800af88   0x0800af88   0x00000028   Data   RO         4691    .constdata          c_w.l(_printf_hex_int_ll_ptr.o)
    0x0800afb0   0x0800afb0   0x00000011   Data   RO         4711    .constdata          c_w.l(__printf_flags_ss_wp.o)
    0x0800afc1   0x0800afc1   0x00000026   Data   RO         4772    .constdata          c_w.l(_printf_fp_hex.o)
    0x0800afe7   0x0800afe7   0x00000001   PAD
    0x0800afe8   0x0800afe8   0x00000094   Data   RO         4795    .constdata          c_w.l(bigflt0.o)
    0x0800b07c   0x0800b07c   0x00000020   Data   RO         4971    Region$$Table       anon$$obj.o
    0x0800b09c   0x0800b09c   0x0000001c   Data   RO         4819    locale$$data        c_w.l(lc_numeric_c.o)
    0x0800b0b8   0x0800b0b8   0x00000110   Data   RO         4846    locale$$data        c_w.l(lc_ctype_c.o)


    Execution Region RW_IRAM1 (Exec base: 0x20000000, Load base: 0x0800b1c8, Size: 0x000012f0, Max: 0x0001c000, ABSOLUTE)

    Exec Addr    Load Addr    Size         Type   Attr      Idx    E Section Name        Object

    0x20000000   0x0800b1c8   0x00000008   Data   RW           16    .data               main.o
    0x20000008   0x0800b1d0   0x0000000c   Data   RW          934    .data               stm32g4xx_hal.o
    0x20000014   0x0800b1dc   0x00000020   Data   RW         1402    .data               stm32g4xx_hal_flash.o
    0x20000034   0x0800b1fc   0x00000004   Data   RW         4076    .data               system_stm32g4xx.o
    0x20000038   0x0800b200   0x00000003   Data   RW         4503    .data               digitaltube_control.o
    0x2000003b   0x0800b203   0x00000001   PAD
    0x2000003c        -       0x000000c4   Zero   RW          250    .bss                spi.o
    0x20000100        -       0x00000098   Zero   RW          293    .bss                tim.o
    0x20000198        -       0x00000248   Zero   RW          341    .bss                usart.o
    0x200003e0        -       0x0000040c   Zero   RW         4115    .bss                uart_config.o
    0x200007ec        -       0x000002e8   Zero   RW         4312    .bss                modbus_function.o
    0x20000ad4        -       0x000001b8   Zero   RW         4501    .bss                digitaltube_control.o
    0x20000c8c        -       0x00000060   Zero   RW         4840    .bss                c_w.l(libspace.o)
    0x20000cec   0x0800b203   0x00000004   PAD
    0x20000cf0        -       0x00000200   Zero   RW            2    HEAP                startup_stm32g491xx.o
    0x20000ef0        -       0x00000400   Zero   RW            1    STACK               startup_stm32g491xx.o


==============================================================================

Image component sizes


      Code (inc. data)   RO Data    RW Data    ZI Data      Debug   Object Name

        82          8          0          0          0       1595   delay_function.o
      1864         92         33          3        440      11492   digitaltube_control.o
       108          4          0          0          0        846   dma.o
       384         26          0          0          0       5098   flash_storage.o
       260          8          0          0          0       1039   gpio.o
       112         24          0          0          0      31793   iap_function.o
       234         18          0          8          0     696243   main.o
      2326        430          0          0        744      14291   modbus_function.o
       168         14         48          0          0       3362   relay_control.o
       264         30          0          0        196       1814   spi.o
        64         26        472          0       1536        848   startup_stm32g491xx.o
       126         20          0         12          0       3717   stm32g4xx_hal.o
       198         14          0          0          0      33835   stm32g4xx_hal_cortex.o
       704         30          0          0          0       4895   stm32g4xx_hal_dma.o
       396         46          0         32          0      23478   stm32g4xx_hal_flash.o
       368         24          0          0          0       4282   stm32g4xx_hal_flash_ex.o
       478         38          0          0          0       4115   stm32g4xx_hal_gpio.o
        48          6          0          0          0        874   stm32g4xx_hal_msp.o
        16          4          0          0          0        551   stm32g4xx_hal_pwr.o
       204         18          0          0          0       1449   stm32g4xx_hal_pwr_ex.o
      1632         82          0          0          0       6508   stm32g4xx_hal_rcc.o
       768          8          0          0          0       2064   stm32g4xx_hal_rcc_ex.o
       234          0          0          0          0       1255   stm32g4xx_hal_spi.o
      1236         84          0          0          0      11437   stm32g4xx_hal_tim.o
       186         28          0          0          0       5732   stm32g4xx_hal_tim_ex.o
      2178         88         24          0          0      29728   stm32g4xx_hal_uart.o
       288          6         16          0          0       5494   stm32g4xx_hal_uart_ex.o
       422         74          0          0          0       9371   stm32g4xx_it.o
        16          4         24          4          0       1147   system_stm32g4xx.o
       280         34          0          0        152       2367   tim.o
       224         24          0          0       1036       4774   uart_config.o
       652         50          0          0        584       2936   usart.o

    ----------------------------------------------------------------------
     16552       1362        654         60       4688     928430   Object Totals
         0          0         32          0          0          0   (incl. Generated)
        32          0          5          1          0          0   (incl. Padding)

    ----------------------------------------------------------------------

      Code (inc. data)   RO Data    RW Data    ZI Data      Debug   Library Member Name

         8          0          0          0          0         68   __main.o
       392          4         17          0          0         92   __printf_flags_ss_wp.o
        14          0          0          0          0         68   __printf_wp.o
         0          0          0          0          0          0   __rtentry.o
        12          0          0          0          0          0   __rtentry2.o
         6          0          0          0          0          0   __rtentry4.o
        52          8          0          0          0          0   __scatter.o
        26          0          0          0          0          0   __scatter_copy.o
        28          0          0          0          0          0   __scatter_zi.o
         6          0          0          0          0          0   _printf_a.o
         6          0          0          0          0          0   _printf_c.o
        44          0          0          0          0        108   _printf_char.o
        48          6          0          0          0         96   _printf_char_common.o
        40          0          0          0          0         68   _printf_charcount.o
         6          0          0          0          0          0   _printf_d.o
       120         16          0          0          0         92   _printf_dec.o
         6          0          0          0          0          0   _printf_e.o
         6          0          0          0          0          0   _printf_f.o
      1054          0          0          0          0        216   _printf_fp_dec.o
       764          8         38          0          0        100   _printf_fp_hex.o
       128         16          0          0          0         84   _printf_fp_infnan.o
         6          0          0          0          0          0   _printf_g.o
       148          4         40          0          0        160   _printf_hex_int_ll_ptr.o
         6          0          0          0          0          0   _printf_i.o
       178          0          0          0          0         88   _printf_intcommon.o
        10          0          0          0          0          0   _printf_l.o
         6          0          0          0          0          0   _printf_lc.o
        10          0          0          0          0          0   _printf_ll.o
         6          0          0          0          0          0   _printf_lld.o
         6          0          0          0          0          0   _printf_lli.o
         6          0          0          0          0          0   _printf_llo.o
         6          0          0          0          0          0   _printf_llu.o
         6          0          0          0          0          0   _printf_llx.o
       124         16          0          0          0         92   _printf_longlong_dec.o
         6          0          0          0          0          0   _printf_ls.o
         6          0          0          0          0          0   _printf_n.o
         6          0          0          0          0          0   _printf_o.o
       112         10          0          0          0        124   _printf_oct_int_ll.o
         6          0          0          0          0          0   _printf_p.o
        78          0          0          0          0        108   _printf_pad.o
         0          0          0          0          0          0   _printf_percent.o
         4          0          0          0          0          0   _printf_percent_end.o
         6          0          0          0          0          0   _printf_s.o
        82          0          0          0          0         80   _printf_str.o
        36          0          0          0          0         84   _printf_truncate.o
         6          0          0          0          0          0   _printf_u.o
        44          0          0          0          0        108   _printf_wchar.o
       188          6          8          0          0         92   _printf_wctomb.o
         6          0          0          0          0          0   _printf_x.o
        16          0          0          0          0         68   _snputc.o
        10          0          0          0          0         68   _sputc.o
        64          0          0          0          0         92   _wcrtomb.o
        16          0          0          0          0         68   aeabi_memset.o
       228          4        148          0          0         96   bigflt0.o
      1936        128          0          0          0        672   btod.o
        18          0          0          0          0         80   exit.o
         6          0          0          0          0        152   heapauxi.o
         0          0          0          0          0          0   indicate_semi.o
        44         10        272          0          0         76   lc_ctype_c.o
        44         10         28          0          0         76   lc_numeric_c.o
         2          0          0          0          0          0   libinit.o
        34          0          0          0          0          0   libinit2.o
         2          0          0          0          0          0   libshutdown.o
         2          0          0          0          0          0   libshutdown2.o
         8          4          0          0         96         68   libspace.o
       138          0          0          0          0         80   lludiv10.o
       238          0          0          0          0        100   lludivv7m.o
        16          4          0          0          0         76   rt_ctype_table.o
         8          4          0          0          0         68   rt_locale_intlibspace.o
        68          0          0          0          0         68   rt_memclr.o
        78          0          0          0          0         80   rt_memclr_w.o
         2          0          0          0          0          0   rtexit.o
        10          0          0          0          0          0   rtexit2.o
       128          0          0          0          0         68   strcmpv7m.o
        62          0          0          0          0         76   strlen.o
        12          4          0          0          0         68   sys_exit.o
        74          0          0          0          0         80   sys_stackheap_outer.o
         2          0          0          0          0         68   use_no_semi.o
        52          4          0          0          0         80   vsnprintf.o
        10          0          0          0          0        116   fpinit.o
         4          0          0          0          0        116   printf1.o
         4          0          0          0          0        116   printf2.o
         0          0          0          0          0          0   usenofp.o
        48          0          0          0          0        124   fpclassify.o

    ----------------------------------------------------------------------
      7274        266        552          0        100       4828   Library Totals
        20          0          1          0          4          0   (incl. Padding)

    ----------------------------------------------------------------------

      Code (inc. data)   RO Data    RW Data    ZI Data      Debug   Library Name

      7188        266        551          0         96       4356   c_w.l
        18          0          0          0          0        348   fz_wm.l
        48          0          0          0          0        124   m_wm.l

    ----------------------------------------------------------------------
      7274        266        552          0        100       4828   Library Totals

    ----------------------------------------------------------------------

==============================================================================


      Code (inc. data)   RO Data    RW Data    ZI Data      Debug   

     23826       1628       1206         60       4788     915066   Grand Totals
     23826       1628       1206         60       4788     915066   ELF Image Totals
     23826       1628       1206         60          0          0   ROM Totals

==============================================================================

    Total RO  Size (Code + RO Data)                25032 (  24.45kB)
    Total RW  Size (RW Data + ZI Data)              4848 (   4.73kB)
    Total ROM Size (Code + RO Data + RW Data)      25092 (  24.50kB)

==============================================================================

