Component: ARM Compiler 5.06 update 7 (build 960) Tool: armlink [4d3601]

==============================================================================

Section Cross References

    startup_stm32g491xx.o(STACK) refers (Special) to heapauxi.o(.text) for __use_two_region_memory
    startup_stm32g491xx.o(HEAP) refers (Special) to heapauxi.o(.text) for __use_two_region_memory
    startup_stm32g491xx.o(RESET) refers (Special) to heapauxi.o(.text) for __use_two_region_memory
    startup_stm32g491xx.o(RESET) refers to startup_stm32g491xx.o(STACK) for __initial_sp
    startup_stm32g491xx.o(RESET) refers to startup_stm32g491xx.o(.text) for Reset_Handler
    startup_stm32g491xx.o(RESET) refers to stm32g4xx_it.o(i.NMI_Handler) for NMI_Handler
    startup_stm32g491xx.o(RESET) refers to stm32g4xx_it.o(i.HardFault_Handler) for HardFault_Handler
    startup_stm32g491xx.o(RESET) refers to stm32g4xx_it.o(i.MemManage_Handler) for MemManage_Handler
    startup_stm32g491xx.o(RESET) refers to stm32g4xx_it.o(i.BusFault_Handler) for BusFault_Handler
    startup_stm32g491xx.o(RESET) refers to stm32g4xx_it.o(i.UsageFault_Handler) for UsageFault_Handler
    startup_stm32g491xx.o(RESET) refers to stm32g4xx_it.o(i.SVC_Handler) for SVC_Handler
    startup_stm32g491xx.o(RESET) refers to stm32g4xx_it.o(i.DebugMon_Handler) for DebugMon_Handler
    startup_stm32g491xx.o(RESET) refers to stm32g4xx_it.o(i.PendSV_Handler) for PendSV_Handler
    startup_stm32g491xx.o(RESET) refers to stm32g4xx_it.o(i.SysTick_Handler) for SysTick_Handler
    startup_stm32g491xx.o(RESET) refers to stm32g4xx_it.o(i.EXTI4_IRQHandler) for EXTI4_IRQHandler
    startup_stm32g491xx.o(RESET) refers to stm32g4xx_it.o(i.DMA1_Channel1_IRQHandler) for DMA1_Channel1_IRQHandler
    startup_stm32g491xx.o(RESET) refers to stm32g4xx_it.o(i.DMA1_Channel2_IRQHandler) for DMA1_Channel2_IRQHandler
    startup_stm32g491xx.o(RESET) refers to stm32g4xx_it.o(i.DMA1_Channel4_IRQHandler) for DMA1_Channel4_IRQHandler
    startup_stm32g491xx.o(RESET) refers to stm32g4xx_it.o(i.DMA1_Channel5_IRQHandler) for DMA1_Channel5_IRQHandler
    startup_stm32g491xx.o(RESET) refers to stm32g4xx_it.o(i.EXTI9_5_IRQHandler) for EXTI9_5_IRQHandler
    startup_stm32g491xx.o(RESET) refers to stm32g4xx_it.o(i.TIM1_UP_TIM16_IRQHandler) for TIM1_UP_TIM16_IRQHandler
    startup_stm32g491xx.o(RESET) refers to stm32g4xx_it.o(i.USART1_IRQHandler) for USART1_IRQHandler
    startup_stm32g491xx.o(RESET) refers to stm32g4xx_it.o(i.USART3_IRQHandler) for USART3_IRQHandler
    startup_stm32g491xx.o(RESET) refers to stm32g4xx_it.o(i.TIM6_DAC_IRQHandler) for TIM6_DAC_IRQHandler
    startup_stm32g491xx.o(.text) refers (Special) to heapauxi.o(.text) for __use_two_region_memory
    startup_stm32g491xx.o(.text) refers to system_stm32g4xx.o(i.SystemInit) for SystemInit
    startup_stm32g491xx.o(.text) refers to __main.o(!!!main) for __main
    startup_stm32g491xx.o(.text) refers to startup_stm32g491xx.o(HEAP) for Heap_Mem
    startup_stm32g491xx.o(.text) refers to startup_stm32g491xx.o(STACK) for Stack_Mem
    main.o(i.SystemClock_Config) refers to rt_memclr_w.o(.text) for __aeabi_memclr4
    main.o(i.SystemClock_Config) refers to stm32g4xx_hal_pwr_ex.o(i.HAL_PWREx_ControlVoltageScaling) for HAL_PWREx_ControlVoltageScaling
    main.o(i.SystemClock_Config) refers to stm32g4xx_hal_rcc.o(i.HAL_RCC_OscConfig) for HAL_RCC_OscConfig
    main.o(i.SystemClock_Config) refers to main.o(i.Error_Handler) for Error_Handler
    main.o(i.SystemClock_Config) refers to stm32g4xx_hal_rcc.o(i.HAL_RCC_ClockConfig) for HAL_RCC_ClockConfig
    main.o(i.main) refers to stm32g4xx_hal.o(i.HAL_Init) for HAL_Init
    main.o(i.main) refers to main.o(i.SystemClock_Config) for SystemClock_Config
    main.o(i.main) refers to iap_function.o(i.APP_RelocateVectorTable) for APP_RelocateVectorTable
    main.o(i.main) refers to gpio.o(i.MX_GPIO_Init) for MX_GPIO_Init
    main.o(i.main) refers to dma.o(i.MX_DMA_Init) for MX_DMA_Init
    main.o(i.main) refers to usart.o(i.MX_USART1_UART_Init) for MX_USART1_UART_Init
    main.o(i.main) refers to spi.o(i.MX_SPI2_Init) for MX_SPI2_Init
    main.o(i.main) refers to tim.o(i.MX_TIM1_Init) for MX_TIM1_Init
    main.o(i.main) refers to usart.o(i.MX_USART3_UART_Init) for MX_USART3_UART_Init
    main.o(i.main) refers to tim.o(i.MX_TIM6_Init) for MX_TIM6_Init
    main.o(i.main) refers to uart_config.o(i.uart_config) for uart_config
    main.o(i.main) refers to relay_control.o(i.Relay_AllOff) for Relay_AllOff
    main.o(i.main) refers to parameter_module.o(i.PM_Init) for PM_Init
    main.o(i.main) refers to digitaltube_control.o(i.DTC_Init) for DTC_Init
    main.o(i.main) refers to stm32g4xx_hal_tim.o(i.HAL_TIM_Base_Start_IT) for HAL_TIM_Base_Start_IT
    main.o(i.main) refers to modbus_function.o(i.Usart1_SendStringHandler) for Usart1_SendStringHandler
    main.o(i.main) refers to digitaltube_control.o(i.DTC_SetError) for DTC_SetError
    main.o(i.main) refers to tim.o(.bss) for htim6
[...]
    DTC_SaveParams_Callback                  0x08007b79   Thumb Code    60  digitaltube_control.o(i.DTC_SaveParams_Callback)
    DTC_ScanHandler                          0x08007bc5   Thumb Code   420  digitaltube_control.o(i.DTC_ScanHandler)
    DTC_SetError                             0x08007d81   Thumb Code    20  digitaltube_control.o(i.DTC_SetError)
    DebugMon_Handler                         0x08007fa1   Thumb Code     2  stm32g4xx_it.o(i.DebugMon_Handler)
    DisableUARTReceive                       0x08007fa3   Thumb Code    14  uart_config.o(i.DisableUARTReceive)
    EXTI4_IRQHandler                         0x08007fb1   Thumb Code    10  stm32g4xx_it.o(i.EXTI4_IRQHandler)
    EXTI9_5_IRQHandler                       0x08007fbb   Thumb Code    22  stm32g4xx_it.o(i.EXTI9_5_IRQHandler)
    EnableUARTReceive                        0x08007fd1   Thumb Code    14  uart_config.o(i.EnableUARTReceive)
    EncDrv_DMA_RX_IRQHandler                 0x08007fe1   Thumb Code    34  encoder_driver.o(i.EncDrv_DMA_RX_IRQHandler)
    EncDrv_DMA_TX_IRQHandler                 0x0800800d   Thumb Code    30  encoder_driver.o(i.EncDrv_DMA_TX_IRQHandler)
    EncDrv_RxCompleteCallback                0x08008031   Thumb Code    48  encoder_driver.o(i.EncDrv_RxCompleteCallback)
    EncDrv_SendDMA                           0x08008075   Thumb Code    76  encoder_driver.o(i.EncDrv_SendDMA)
    EncDrv_SetBaudRate                       0x080080d5   Thumb Code    50  encoder_driver.o(i.EncDrv_SetBaudRate)
    EncDrv_TxCompleteCallback                0x080081d5   Thumb Code    50  encoder_driver.o(i.EncDrv_TxCompleteCallback)
    EncDrv_USART_IRQHandler                  0x08008211   Thumb Code    76  encoder_driver.o(i.EncDrv_USART_IRQHandler)
    Enc_CRC8                                 0x08008271   Thumb Code    26  encoder_multiturnmag.o(i.Enc_CRC8)
    EncoderModbus_IsMyAddress                0x080082ad   Thumb Code    30  encoder_modbus.o(i.EncoderModbus_IsMyAddress)
    EncoderModbus_ReadReg                    0x080082cb   Thumb Code   142  encoder_modbus.o(i.EncoderModbus_ReadReg)
    EncoderModbus_WriteReg                   0x08008359   Thumb Code   156  encoder_modbus.o(i.EncoderModbus_WriteReg)
    Encoder_CrcError                         0x080083f5   Thumb Code    80  modbus_function.o(i.Encoder_CrcError)
    Encoder_DispatchRx                       0x08008451   Thumb Code   176  encoder_dispatcher.o(i.Encoder_DispatchRx)
    Encoder_DispatchTest                     0x0800851d   Thumb Code    98  encoder_dispatcher.o(i.Encoder_DispatchTest)
    Encoder_Timeout                          0x08008629   Thumb Code    80  modbus_function.o(i.Encoder_Timeout)
    Error_Handler                            0x08008685   Thumb Code     6  main.o(i.Error_Handler)
    FLASH_FlushCaches                        0x0800868d   Thumb Code   110  stm32g4xx_hal_flash_ex.o(i.FLASH_FlushCaches)
    FLASH_PageErase                          0x08008729   Thumb Code    34  stm32g4xx_hal_flash_ex.o(i.FLASH_PageErase)
    FLASH_WaitForLastOperation               0x080087b9   Thumb Code   130  stm32g4xx_hal_flash.o(i.FLASH_WaitForLastOperation)
    Flash_LoadParams                         0x08008875   Thumb Code   182  flash_storage.o(i.Flash_LoadParams)
    Flash_SaveParams                         0x08008931   Thumb Code   232  flash_storage.o(i.Flash_SaveParams)
    HAL_DMA_Abort                            0x08008ab5   Thumb Code   118  stm32g4xx_hal_dma.o(i.HAL_DMA_Abort)
    HAL_DMA_Abort_IT                         0x08008b2b   Thumb Code   148  stm32g4xx_hal_dma.o(i.HAL_DMA_Abort_IT)
    HAL_DMA_IRQHandler                       0x08008bbf   Thumb Code   254  stm32g4xx_hal_dma.o(i.HAL_DMA_IRQHandler)
    HAL_DMA_Init                             0x08008cbd   Thumb Code   200  stm32g4xx_hal_dma.o(i.HAL_DMA_Init)
    HAL_Delay                                0x08008d8d   Thumb Code    24  delay_function.o(i.HAL_Delay)
    HAL_FLASHEx_Erase                        0x08008da5   Thumb Code   250  stm32g4xx_hal_flash_ex.o(i.HAL_FLASHEx_Erase)
    HAL_FLASH_Lock                           0x08008ea9   Thumb Code    28  stm32g4xx_hal_flash.o(i.HAL_FLASH_Lock)
    HAL_FLASH_Program                        0x08008ec9   Thumb Code   182  stm32g4xx_hal_flash.o(i.HAL_FLASH_Program)
    HAL_FLASH_Unlock                         0x08008f89   Thumb Code    36  stm32g4xx_hal_flash.o(i.HAL_FLASH_Unlock)
    HAL_GPIO_EXTI_Callback                   0x08008fb9   Thumb Code     2  stm32g4xx_hal_gpio.o(i.HAL_GPIO_EXTI_Callback)
    HAL_GPIO_EXTI_IRQHandler                 0x08008fbd   Thumb Code    24  stm32g4xx_hal_gpio.o(i.HAL_GPIO_EXTI_IRQHandler)
    HAL_GPIO_Init                            0x08008fd9   Thumb Code   428  stm32g4xx_hal_gpio.o(i.HAL_GPIO_Init)
    HAL_GPIO_ReadPin                         0x080091a5   Thumb Code    16  stm32g4xx_hal_gpio.o(i.HAL_GPIO_ReadPin)
    HAL_GPIO_WritePin                        0x080091b5   Thumb Code    10  stm32g4xx_hal_gpio.o(i.HAL_GPIO_WritePin)
    HAL_GetTick                              0x080091c1   Thumb Code     6  stm32g4xx_hal.o(i.HAL_GetTick)
    HAL_IncTick                              0x080091cd   Thumb Code    16  stm32g4xx_hal.o(i.HAL_IncTick)
    HAL_Init                                 0x080091e5   Thumb Code    30  stm32g4xx_hal.o(i.HAL_Init)
    HAL_InitTick                             0x08009205   Thumb Code    74  stm32g4xx_hal.o(i.HAL_InitTick)
    HAL_MspInit                              0x0800925d   Thumb Code    62  stm32g4xx_hal_msp.o(i.HAL_MspInit)
    HAL_NVIC_EnableIRQ                       0x080092a1   Thumb Code    40  stm32g4xx_hal_cortex.o(i.HAL_NVIC_EnableIRQ)
    HAL_NVIC_SetPriority                     0x080092c9   Thumb Code   122  stm32g4xx_hal_cortex.o(i.HAL_NVIC_SetPriority)
    HAL_NVIC_SetPriorityGrouping             0x08009345   Thumb Code    32  stm32g4xx_hal_cortex.o(i.HAL_NVIC_SetPriorityGrouping)
    HAL_PWREx_ControlVoltageScaling          0x0800936d   Thumb Code   268  stm32g4xx_hal_pwr_ex.o(i.HAL_PWREx_ControlVoltageScaling)
    HAL_PWREx_DisableUCPDDeadBattery         0x08009485   Thumb Code    14  stm32g4xx_hal_pwr_ex.o(i.HAL_PWREx_DisableUCPDDeadBattery)
    HAL_PWR_EnableBkUpAccess                 0x08009499   Thumb Code    14  stm32g4xx_hal_pwr.o(i.HAL_PWR_EnableBkUpAccess)
    HAL_RCCEx_PeriphCLKConfig                0x080094ad   Thumb Code  1006  stm32g4xx_hal_rcc_ex.o(i.HAL_RCCEx_PeriphCLKConfig)
    HAL_RCC_ClockConfig                      0x080098a5   Thumb Code   522  stm32g4xx_hal_rcc.o(i.HAL_RCC_ClockConfig)
    HAL_RCC_GetHCLKFreq                      0x08009ac9   Thumb Code     6  stm32g4xx_hal_rcc.o(i.HAL_RCC_GetHCLKFreq)
    HAL_RCC_GetPCLK1Freq                     0x08009ad5   Thumb Code    26  stm32g4xx_hal_rcc.o(i.HAL_RCC_GetPCLK1Freq)
    HAL_RCC_GetPCLK2Freq                     0x08009af9   Thumb Code    26  stm32g4xx_hal_rcc.o(i.HAL_RCC_GetPCLK2Freq)
    HAL_RCC_GetSysClockFreq                  0x08009b1d   Thumb Code   138  stm32g4xx_hal_rcc.o(i.HAL_RCC_GetSysClockFreq)
    HAL_RCC_OscConfig                        0x08009bb1   Thumb Code  1360  stm32g4xx_hal_rcc.o(i.HAL_RCC_OscConfig)
    HAL_SPI_Init                             0x0800a10d   Thumb Code   252  stm32g4xx_hal_spi.o(i.HAL_SPI_Init)
    HAL_SPI_MspInit                          0x0800a209   Thumb Code   192  spi.o(i.HAL_SPI_MspInit)
    HAL_SPI_Transmit                         0x0800a2dd   Thumb Code   504  stm32g4xx_hal_spi.o(i.HAL_SPI_Transmit)
    HAL_SYSTICK_Config                       0x0800a4d5   Thumb Code    52  stm32g4xx_hal_cortex.o(i.HAL_SYSTICK_Config)
    HAL_TIMEx_Break2Callback                 0x0800a509   Thumb Code     2  stm32g4xx_hal_tim_ex.o(i.HAL_TIMEx_Break2Callback)
    HAL_TIMEx_BreakCallback                  0x0800a50b   Thumb Code     2  stm32g4xx_hal_tim_ex.o(i.HAL_TIMEx_BreakCallback)
    HAL_TIMEx_CommutCallback                 0x0800a50d   Thumb Code     2  stm32g4xx_hal_tim_ex.o(i.HAL_TIMEx_CommutCallback)
    HAL_TIMEx_DirectionChangeCallback        0x0800a50f   Thumb Code     2  stm32g4xx_hal_tim_ex.o(i.HAL_TIMEx_DirectionChangeCallback)
    HAL_TIMEx_EncoderIndexCallback           0x0800a511   Thumb Code     2  stm32g4xx_hal_tim_ex.o(i.HAL_TIMEx_EncoderIndexCallback)
    HAL_TIMEx_IndexErrorCallback             0x0800a513   Thumb Code     2  stm32g4xx_hal_tim_ex.o(i.HAL_TIMEx_IndexErrorCallback)
    HAL_TIMEx_MasterConfigSynchronization    0x0800a515   Thumb Code   174  stm32g4xx_hal_tim_ex.o(i.HAL_TIMEx_MasterConfigSynchronization)
    HAL_TIMEx_TransitionErrorCallback        0x0800a5e1   Thumb Code     2  stm32g4xx_hal_tim_ex.o(i.HAL_TIMEx_TransitionErrorCallback)
    HAL_TIM_Base_Init                        0x0800a5e3   Thumb Code   110  stm32g4xx_hal_tim.o(i.HAL_TIM_Base_Init)
    HAL_TIM_Base_MspInit                     0x0800a651   Thumb Code   112  tim.o(i.HAL_TIM_Base_MspInit)
    HAL_TIM_Base_Start_IT                    0x0800a6cd   Thumb Code   138  stm32g4xx_hal_tim.o(i.HAL_TIM_Base_Start_IT)
    HAL_TIM_ConfigClockSource                0x0800a775   Thumb Code   308  stm32g4xx_hal_tim.o(i.HAL_TIM_ConfigClockSource)
    HAL_TIM_IC_CaptureCallback               0x0800a8b1   Thumb Code     2  stm32g4xx_hal_tim.o(i.HAL_TIM_IC_CaptureCallback)
    HAL_TIM_IRQHandler                       0x0800a8b3   Thumb Code   544  stm32g4xx_hal_tim.o(i.HAL_TIM_IRQHandler)
    HAL_TIM_OC_DelayElapsedCallback          0x0800aad3   Thumb Code     2  stm32g4xx_hal_tim.o(i.HAL_TIM_OC_DelayElapsedCallback)
    HAL_TIM_PWM_PulseFinishedCallback        0x0800aad5   Thumb Code     2  stm32g4xx_hal_tim.o(i.HAL_TIM_PWM_PulseFinishedCallback)
    HAL_TIM_PeriodElapsedCallback            0x0800aad9   Thumb Code    84  encoder_dispatcher.o(i.HAL_TIM_PeriodElapsedCallback)
    HAL_TIM_TriggerCallback                  0x0800ab3d   Thumb Code     2  stm32g4xx_hal_tim.o(i.HAL_TIM_TriggerCallback)
    HAL_UARTEx_DisableFifoMode               0x0800ab3f   Thumb Code    78  stm32g4xx_hal_uart_ex.o(i.HAL_UARTEx_DisableFifoMode)
    HAL_UARTEx_RxEventCallback               0x0800ab8d   Thumb Code     2  stm32g4xx_hal_uart.o(i.HAL_UARTEx_RxEventCallback)
    HAL_UARTEx_RxFifoFullCallback            0x0800ab8f   Thumb Code     2  stm32g4xx_hal_uart_ex.o(i.HAL_UARTEx_RxFifoFullCallback)
    HAL_UARTEx_SetRxFifoThreshold            0x0800ab91   Thumb Code    94  stm32g4xx_hal_uart_ex.o(i.HAL_UARTEx_SetRxFifoThreshold)
    HAL_UARTEx_SetTxFifoThreshold            0x0800abef   Thumb Code    94  stm32g4xx_hal_uart_ex.o(i.HAL_UARTEx_SetTxFifoThreshold)
    HAL_UARTEx_TxFifoEmptyCallback           0x0800ac4d   Thumb Code     2  stm32g4xx_hal_uart_ex.o(i.HAL_UARTEx_TxFifoEmptyCallback)
    HAL_UARTEx_WakeupCallback                0x0800ac4f   Thumb Code     2  stm32g4xx_hal_uart_ex.o(i.HAL_UARTEx_WakeupCallback)
    HAL_UART_ErrorCallback                   0x0800ac51   Thumb Code     2  stm32g4xx_hal_uart.o(i.HAL_UART_ErrorCallback)
    HAL_UART_IRQHandler                      0x0800ac55   Thumb Code   920  stm32g4xx_hal_uart.o(i.HAL_UART_IRQHandler)
    HAL_UART_Init                            0x0800aff9   Thumb Code   120  stm32g4xx_hal_uart.o(i.HAL_UART_Init)
    HAL_UART_MspInit                         0x0800b071   Thumb Code   496  usart.o(i.HAL_UART_MspInit)
    HAL_UART_TxCpltCallback                  0x0800b285   Thumb Code     2  stm32g4xx_hal_uart.o(i.HAL_UART_TxCpltCallback)
    HardFault_Handler                        0x0800b287   Thumb Code     4  stm32g4xx_it.o(i.HardFault_Handler)
    IAP_RequestUpdate                        0x0800b28d   Thumb Code   122  iap_function.o(i.IAP_RequestUpdate)
    MGT_Modbus_Read                          0x0800b319   Thumb Code    88  encoder_mgtmag.o(i.MGT_Modbus_Read)
    MGT_Modbus_Write                         0x0800b379   Thumb Code   154  encoder_mgtmag.o(i.MGT_Modbus_Write)
    MGT_RxComplete                           0x0800b419   Thumb Code   428  encoder_mgtmag.o(i.MGT_RxComplete)
    MGT_TX                                   0x0800b5cd   Thumb Code   296  encoder_mgtmag.o(i.MGT_TX)
    MGT_Test                                 0x0800b6fd   Thumb Code   294  encoder_mgtmag.o(i.MGT_Test)
    MX_DMA_Init                              0x0800b82d   Thumb Code   122  dma.o(i.MX_DMA_Init)
    MX_GPIO_Init                             0x0800b8ad   Thumb Code   306  gpio.o(i.MX_GPIO_Init)
    MX_SPI2_Init                             0x0800b9e9   Thumb Code    74  spi.o(i.MX_SPI2_Init)
    MX_TIM1_Init                             0x0800ba3d   Thumb Code   106  tim.o(i.MX_TIM1_Init)
    MX_TIM6_Init                             0x0800bab1   Thumb Code    68  tim.o(i.MX_TIM6_Init)
    MX_USART1_UART_Init                      0x0800bafd   Thumb Code   106  usart.o(i.MX_USART1_UART_Init)
    MX_USART3_UART_Init                      0x0800bb71   Thumb Code    96  usart.o(i.MX_USART3_UART_Init)
    MemManage_Handler                        0x0800bbdd   Thumb Code     4  stm32g4xx_it.o(i.MemManage_Handler)
    ModBus_Crc_Error                         0x0800bbe1   Thumb Code    80  modbus_function.o(i.ModBus_Crc_Error)
    ModBus_SlaveReturnTx03                   0x0800bc3d   Thumb Code   148  modbus_function.o(i.ModBus_SlaveReturnTx03)
    ModBus_SlaveReturnTx06                   0x0800bcdd   Thumb Code    38  modbus_function.o(i.ModBus_SlaveReturnTx06)
    ModBus_SlaveReturnTx10                   0x0800bd09   Thumb Code   100  modbus_function.o(i.ModBus_SlaveReturnTx10)
    ModBus_SlaveRx                           0x0800bd75   Thumb Code   158  modbus_function.o(i.ModBus_SlaveRx)
    ModBus_SlaveRx03                         0x0800be25   Thumb Code   284  modbus_function.o(i.ModBus_SlaveRx03)
    ModBus_SlaveRx03DataCollation            0x0800bf49   Thumb Code   134  modbus_function.o(i.ModBus_SlaveRx03DataCollation)
    ModBus_SlaveRx06                         0x0800bfdd   Thumb Code   248  modbus_function.o(i.ModBus_SlaveRx06)
    ModBus_SlaveRx06DataCollation            0x0800c0dd   Thumb Code   120  modbus_function.o(i.ModBus_SlaveRx06DataCollation)
    ModBus_SlaveRx10                         0x0800c161   Thumb Code   168  modbus_function.o(i.ModBus_SlaveRx10)
    ModBus_SlaveRx10DataCollation            0x0800c219   Thumb Code   206  modbus_function.o(i.ModBus_SlaveRx10DataCollation)
    Modbus_CRC16                             0x0800c2f9   Thumb Code    62  modbus_function.o(i.Modbus_CRC16)
    MulMag_CloseInternalProtocol             0x0800c339   Thumb Code    20  encoder_multiturnmag.o(i.MulMag_CloseInternalProtocol)
    MulMag_GetAllData                        0x0800c351   Thumb Code    50  encoder_multiturnmag.o(i.MulMag_GetAllData)
    MulMag_GetWorkAlarm                      0x0800c38d   Thumb Code     6  encoder_multiturnmag.o(i.MulMag_GetWorkAlarm)
    MulMag_HallRead                          0x0800c399   Thumb Code    40  encoder_multiturnmag.o(i.MulMag_HallRead)
    MulMag_Initialize                        0x0800c3c5   Thumb Code    56  encoder_multiturnmag.o(i.MulMag_Initialize)
    MulMag_Modbus_Read                       0x0800c405   Thumb Code   228  encoder_multiturnmag.o(i.MulMag_Modbus_Read)
    MulMag_Modbus_Write                      0x0800c4f5   Thumb Code   182  encoder_multiturnmag.o(i.MulMag_Modbus_Write)
    MulMag_MultiturnReset                    0x0800c5b1   Thumb Code    54  encoder_multiturnmag.o(i.MulMag_MultiturnReset)
    MulMag_OpenInternalProtocol              0x0800c5f1   Thumb Code    56  encoder_multiturnmag.o(i.MulMag_OpenInternalProtocol)
    MulMag_ReadAllEeprom                     0x0800c631   Thumb Code    76  encoder_multiturnmag.o(i.MulMag_ReadAllEeprom)
    MulMag_ReadRegister                      0x0800c685   Thumb Code   158  encoder_multiturnmag.o(i.MulMag_ReadRegister)
    MulMag_ReadResolution                    0x0800c731   Thumb Code    20  encoder_multiturnmag.o(i.MulMag_ReadResolution)
    MulMag_RxComplete                        0x0800c749   Thumb Code  1168  encoder_multiturnmag.o(i.MulMag_RxComplete)
    MulMag_SetResolution                     0x0800cbe1   Thumb Code    22  encoder_multiturnmag.o(i.MulMag_SetResolution)
    MulMag_TB                                0x0800cbfd   Thumb Code    20  encoder_multiturnmag.o(i.MulMag_TB)
    MulMag_TX                                0x0800cc15   Thumb Code   592  encoder_multiturnmag.o(i.MulMag_TX)
    MulMag_Test                              0x0800ce6d   Thumb Code   126  encoder_multiturnmag.o(i.MulMag_Test)
    MulMag_TxRegister                        0x0800ceed   Thumb Code   146  encoder_multiturnmag.o(i.MulMag_TxRegister)
    MulMag_WriteDate                         0x0800cf89   Thumb Code   146  encoder_multiturnmag.o(i.MulMag_WriteDate)
    MulMag_WriteHWRev                        0x0800d025   Thumb Code   138  encoder_multiturnmag.o(i.MulMag_WriteHWRev)
    MulMag_WriteRegister                     0x0800d0b9   Thumb Code   170  encoder_multiturnmag.o(i.MulMag_WriteRegister)
    MulMag_WriteResult                       0x0800d171   Thumb Code    64  encoder_multiturnmag.o(i.MulMag_WriteResult)
    MulOpt_Modbus_Read                       0x0800d1b9   Thumb Code   258  encoder_multiturnopt.o(i.MulOpt_Modbus_Read)
    MulOpt_Modbus_Write                      0x0800d2c1   Thumb Code   154  encoder_multiturnopt.o(i.MulOpt_Modbus_Write)
    MulOpt_RxComplete                        0x0800d361   Thumb Code   402  encoder_multiturnopt.o(i.MulOpt_RxComplete)
    MulOpt_TX                                0x0800d4fd   Thumb Code   234  encoder_multiturnopt.o(i.MulOpt_TX)
    MulOpt_Test                              0x0800d5f1   Thumb Code   208  encoder_multiturnopt.o(i.MulOpt_Test)
    NMI_Handler                              0x0800d6c9   Thumb Code     4  stm32g4xx_it.o(i.NMI_Handler)
    NXP_Modbus_Read                          0x0800d6cd   Thumb Code    76  encoder_nxpmag.o(i.NXP_Modbus_Read)
    NXP_Modbus_Write                         0x0800d71d   Thumb Code    94  encoder_nxpmag.o(i.NXP_Modbus_Write)
    NXP_RxComplete                           0x0800d781   Thumb Code   528  encoder_nxpmag.o(i.NXP_RxComplete)
    NXP_TX                                   0x0800d999   Thumb Code   218  encoder_nxpmag.o(i.NXP_TX)
    NXP_Test                                 0x0800da7d   Thumb Code   180  encoder_nxpmag.o(i.NXP_Test)
    PM_GetConfig                             0x0800db39   Thumb Code    92  parameter_module.o(i.PM_GetConfig)
    PM_Init                                  0x0800db9d   Thumb Code    36  parameter_module.o(i.PM_Init)
    PM_SaveParams                            0x0800dbc9   Thumb Code    12  parameter_module.o(i.PM_SaveParams)
    PendSV_Handler                           0x0800dbd9   Thumb Code     2  stm32g4xx_it.o(i.PendSV_Handler)
    Relay_AllOff                             0x0800dc41   Thumb Code    22  relay_control.o(i.Relay_AllOff)
    Relay_AllOn                              0x0800dc57   Thumb Code    22  relay_control.o(i.Relay_AllOn)
    Relay_GetStatus                          0x0800dc6d   Thumb Code    44  relay_control.o(i.Relay_GetStatus)
    Relay_Off                                0x0800dca1   Thumb Code    34  relay_control.o(i.Relay_Off)
    Relay_On                                 0x0800dccd   Thumb Code    34  relay_control.o(i.Relay_On)
    SNDigitsAreIncorrect                     0x0800dcf9   Thumb Code    80  modbus_function.o(i.SNDigitsAreIncorrect)
    SVC_Handler                              0x0800df89   Thumb Code     2  stm32g4xx_it.o(i.SVC_Handler)
    SensAR_Crc                               0x0800df8b   Thumb Code    28  encoder_sensar.o(i.SensAR_Crc)
    SensAR_Modbus_Read                       0x0800dfa9   Thumb Code    92  encoder_sensar.o(i.SensAR_Modbus_Read)
    SensAR_Modbus_Write                      0x0800e009   Thumb Code   188  encoder_sensar.o(i.SensAR_Modbus_Write)
    SensAR_RxComplete                        0x0800e0f1   Thumb Code   442  encoder_sensar.o(i.SensAR_RxComplete)
    SensAR_TX                                0x0800e2b1   Thumb Code    60  encoder_sensar.o(i.SensAR_TX)
    SensAR_Test                              0x0800e2fd   Thumb Code   410  encoder_sensar.o(i.SensAR_Test)
    SpeedCalc_Init                           0x0800e569   Thumb Code    40  encoder_speed.o(i.SpeedCalc_Init)
    SpeedCalc_SetPeriod                      0x0800e645   Thumb Code    28  encoder_speed.o(i.SpeedCalc_SetPeriod)
    SpeedCalc_Update                         0x0800e661   Thumb Code   156  encoder_speed.o(i.SpeedCalc_Update)
    SpeedCalc_UpdateResolution               0x0800e6fd   Thumb Code    16  encoder_speed.o(i.SpeedCalc_UpdateResolution)
    SysTick_Handler                          0x0800e75d   Thumb Code     8  stm32g4xx_it.o(i.SysTick_Handler)
    SystemClock_Config                       0x0800e765   Thumb Code   104  main.o(i.SystemClock_Config)
    SystemInit                               0x0800e7cd   Thumb Code    14  system_stm32g4xx.o(i.SystemInit)
    TIM1_SetPeriod_Direct                    0x0800e7e1   Thumb Code   152  encoder_driver.o(i.TIM1_SetPeriod_Direct)
    TIM1_Start_Direct                        0x0800e885   Thumb Code    52  encoder_driver.o(i.TIM1_Start_Direct)
    TIM1_Stop_Direct                         0x0800e8bd   Thumb Code    30  encoder_driver.o(i.TIM1_Stop_Direct)
    TIM1_UP_TIM16_IRQHandler                 0x0800e8e1   Thumb Code    10  stm32g4xx_it.o(i.TIM1_UP_TIM16_IRQHandler)
    TIM6_DAC_IRQHandler                      0x0800e8f1   Thumb Code    14  stm32g4xx_it.o(i.TIM6_DAC_IRQHandler)
    TIM_Base_SetConfig                       0x0800e905   Thumb Code   192  stm32g4xx_hal_tim.o(i.TIM_Base_SetConfig)
    TIM_ETR_SetConfig                        0x0800e9e5   Thumb Code    22  stm32g4xx_hal_tim.o(i.TIM_ETR_SetConfig)
    Tmgw_GetAllData                          0x0800ea63   Thumb Code    14  encoder_tamagawa.o(i.Tmgw_GetAllData)
    Tmgw_Modbus_Read                         0x0800ea71   Thumb Code   118  encoder_tamagawa.o(i.Tmgw_Modbus_Read)
    Tmgw_Modbus_Write                        0x0800eaf1   Thumb Code    84  encoder_tamagawa.o(i.Tmgw_Modbus_Write)
    Tmgw_MultiturnReset                      0x0800eb49   Thumb Code    54  encoder_tamagawa.o(i.Tmgw_MultiturnReset)
    Tmgw_ReadMTP                             0x0800eb89   Thumb Code   114  encoder_tamagawa.o(i.Tmgw_ReadMTP)
    Tmgw_ReadMTPDefine                       0x0800ec05   Thumb Code     8  encoder_tamagawa.o(i.Tmgw_ReadMTPDefine)
    Tmgw_RxComplete                          0x0800ec11   Thumb Code   506  encoder_tamagawa.o(i.Tmgw_RxComplete)
    Tmgw_SingleTurnReset                     0x0800ee19   Thumb Code    54  encoder_tamagawa.o(i.Tmgw_SingleTurnReset)
    Tmgw_TX                                  0x0800ee59   Thumb Code   162  encoder_tamagawa.o(i.Tmgw_TX)
    Tmgw_Test                                0x0800ef05   Thumb Code    56  encoder_tamagawa.o(i.Tmgw_Test)
    UART_AdvFeatureConfig                    0x0800ef95   Thumb Code   248  stm32g4xx_hal_uart.o(i.UART_AdvFeatureConfig)
    UART_CheckIdleState                      0x0800f08d   Thumb Code   234  stm32g4xx_hal_uart.o(i.UART_CheckIdleState)
    UART_SetConfig                           0x0800f22d   Thumb Code   922  stm32g4xx_hal_uart.o(i.UART_SetConfig)
    UART_WaitOnFlagUntilTimeout              0x0800f5f5   Thumb Code   172  stm32g4xx_hal_uart.o(i.UART_WaitOnFlagUntilTimeout)
    USART1_IRQHandler                        0x0800f6a1   Thumb Code   210  stm32g4xx_it.o(i.USART1_IRQHandler)
    USART3_IRQHandler                        0x0800f785   Thumb Code    14  stm32g4xx_it.o(i.USART3_IRQHandler)
    UsageFault_Handler                       0x0800f799   Thumb Code     4  stm32g4xx_it.o(i.UsageFault_Handler)
    Usart1TransmitterDMA                     0x0800f79d   Thumb Code    70  uart_config.o(i.Usart1TransmitterDMA)
    Usart1_Print                             0x0800f7ed   Thumb Code    86  uart_config.o(i.Usart1_Print)
    Usart1_ReceiveStringHandler              0x0800f851   Thumb Code    42  modbus_function.o(i.Usart1_ReceiveStringHandler)
    Usart1_SendStringHandler                 0x0800f889   Thumb Code   516  modbus_function.o(i.Usart1_SendStringHandler)
    __ARM_fpclassify                         0x0800fc0d   Thumb Code    48  fpclassify.o(i.__ARM_fpclassify)
    _is_digit                                0x0800fc75   Thumb Code    14  __printf_wp.o(i._is_digit)
    delay_us                                 0x0800fc85   Thumb Code    66  delay_function.o(i.delay_us)
    main                                     0x0800fcd1   Thumb Code   106  main.o(i.main)
    uart_config                              0x0800fd4d   Thumb Code    46  uart_config.o(i.uart_config)
    _get_lc_ctype                            0x0800fd89   Thumb Code    44  lc_ctype_c.o(locale$$code)
    _get_lc_numeric                          0x0800fdb5   Thumb Code    44  lc_numeric_c.o(locale$$code)
    _fp_init                                 0x0800fde1   Thumb Code    10  fpinit.o(x$fpl$fpinit)
    __fplib_config_fpu_vfp                   0x0800fde9   Thumb Code     0  fpinit.o(x$fpl$fpinit)
    __fplib_config_pureend_doubles           0x0800fde9   Thumb Code     0  fpinit.o(x$fpl$fpinit)
    _printf_fp_dec                           0x0800fdeb   Thumb Code     4  printf1.o(x$fpl$printf1)
    _printf_fp_hex                           0x0800fdef   Thumb Code     4  printf2.o(x$fpl$printf2)
    UARTPrescTable                           0x0800fdf2   Data          24  stm32g4xx_hal_uart.o(.constdata)
    __I$use$fp                               0x0800fdf2   Number         0  usenofp.o(x$fpl$usenofp)
    AHBPrescTable                            0x0800fe1a   Data          16  system_stm32g4xx.o(.constdata)
    APBPrescTable                            0x0800fe2a   Data           8  system_stm32g4xx.o(.constdata)
    DTC_SegTable                             0x0800fe64   Data          28  digitaltube_control.o(.constdata)
    DTC_PosTable                             0x0800fe80   Data           5  digitaltube_control.o(.constdata)
    Region$$Table$$Base                      0x0800ff98   Number         0  anon$$obj.o(Region$$Table)
    Region$$Table$$Limit                     0x0800ffb8   Number         0  anon$$obj.o(Region$$Table)
    __ctype                                  0x0800ffc5   Data           0  lc_ctype_c.o(locale$$data)
    testcnt                                  0x20000000   Data           4  main.o(.data)
    errcnt                                   0x20000004   Data           1  main.o(.data)
    uwTick                                   0x20000008   Data           4  stm32g4xx_hal.o(.data)
    uwTickPrio                               0x2000000c   Data           4  stm32g4xx_hal.o(.data)
    uwTickFreq                               0x20000010   Data           4  stm32g4xx_hal.o(.data)
    pFlash                                   0x20000014   Data          32  stm32g4xx_hal_flash.o(.data)
    SystemCoreClock                          0x20000034   Data           4  system_stm32g4xx.o(.data)
    g_EncoderConfig                          0x20000044   Data          16  encoder_modbus.o(.data)
    g_MT6835Addr                             0x20000054   Data           7  encoder_multiturnmag.o(.data)
    Work_Alarm                               0x2000005b   Data           1  encoder_multiturnmag.o(.data)
    hspi2                                    0x20000060   Data         100  spi.o(.bss)
    hdma_spi2_tx                             0x200000c4   Data          96  spi.o(.bss)
    htim1                                    0x20000124   Data          76  tim.o(.bss)
    htim6                                    0x20000170   Data          76  tim.o(.bss)
    huart1                                   0x200001bc   Data         148  usart.o(.bss)
    huart3                                   0x20000250   Data         148  usart.o(.bss)
    hdma_usart1_tx                           0x200002e4   Data          96  usart.o(.bss)
    hdma_usart3_rx                           0x20000344   Data          96  usart.o(.bss)
    hdma_usart3_tx                           0x200003a4   Data          96  usart.o(.bss)
    Usart1                                   0x20000404   Data         524  uart_config.o(.bss)
    ModBus                                   0x20000810   Data         746  modbus_function.o(.bss)
    DTC_Dev                                  0x20000afc   Data          40  digitaltube_control.o(.bss)
    PA_Buffer                                0x20000b24   Data         240  parameter_module.o(.bss)
    DP_Buffer                                0x20000c14   Data         240  parameter_module.o(.bss)
    g_MulMag                                 0x20000d64   Data         892  encoder_multiturnmag.o(.bss)
    g_MotorEncoder                           0x200010e0   Data          44  encoder_multiturnmag.o(.bss)
    g_MGT                                    0x2000110c   Data         576  encoder_mgtmag.o(.bss)
    g_MulOpt                                 0x2000134c   Data         616  encoder_multiturnopt.o(.bss)
    g_NXP                                    0x200015b4   Data         564  encoder_nxpmag.o(.bss)
    g_SensAR                                 0x200017e8   Data         502  encoder_sensar.o(.bss)
    g_Tmgw                                   0x200019e0   Data         844  encoder_tamagawa.o(.bss)
    g_TmgwMTP                                0x20001d2c   Data          56  encoder_tamagawa.o(.bss)
    g_SpeedCalc                              0x20001d64   Data          96  encoder_speed.o(.bss)
    __libspace_start                         0x20001dc4   Data          96  libspace.o(.bss)
    __temporary_stack_top$libspace           0x20001e24   Data           0  libspace.o(.bss)



==============================================================================

Memory Map of the image

  Image Entry point : 0x080051d9

  Load Region LR_IROM1 (Base: 0x08005000, Size: 0x0000b144, Max: 0x0003a000, ABSOLUTE)

    Execution Region ER_IROM1 (Exec base: 0x08005000, Load base: 0x08005000, Size: 0x0000b0e4, Max: 0x0003a000, ABSOLUTE)

    Exec Addr    Load Addr    Size         Type   Attr      Idx    E Section Name        Object

    0x08005000   0x08005000   0x000001d8   Data   RO            3    RESET               startup_stm32g491xx.o
    0x080051d8   0x080051d8   0x00000008   Code   RO         5804  * !!!main             c_w.l(__main.o)
    0x080051e0   0x080051e0   0x00000034   Code   RO         6100    !!!scatter          c_w.l(__scatter.o)
    0x08005214   0x08005214   0x0000001a   Code   RO         6102    !!handler_copy      c_w.l(__scatter_copy.o)
    0x0800522e   0x0800522e   0x00000002   PAD
    0x08005230   0x08005230   0x0000001c   Code   RO         6104    !!handler_zi        c_w.l(__scatter_zi.o)
    0x0800524c   0x0800524c   0x00000000   Code   RO         5785    .ARM.Collect$$_printf_percent$$00000000  c_w.l(_printf_percent.o)
    0x0800524c   0x0800524c   0x00000006   Code   RO         5844    .ARM.Collect$$_printf_percent$$00000001  c_w.l(_printf_n.o)
    0x08005252   0x08005252   0x00000006   Code   RO         5845    .ARM.Collect$$_printf_percent$$00000002  c_w.l(_printf_p.o)
    0x08005258   0x08005258   0x00000006   Code   RO         5850    .ARM.Collect$$_printf_percent$$00000003  c_w.l(_printf_f.o)
    0x0800525e   0x0800525e   0x00000006   Code   RO         5851    .ARM.Collect$$_printf_percent$$00000004  c_w.l(_printf_e.o)
    0x08005264   0x08005264   0x00000006   Code   RO         5852    .ARM.Collect$$_printf_percent$$00000005  c_w.l(_printf_g.o)
    0x0800526a   0x0800526a   0x00000006   Code   RO         5853    .ARM.Collect$$_printf_percent$$00000006  c_w.l(_printf_a.o)
    0x08005270   0x08005270   0x0000000a   Code   RO         5858    .ARM.Collect$$_printf_percent$$00000007  c_w.l(_printf_ll.o)
    0x0800527a   0x0800527a   0x00000006   Code   RO         5847    .ARM.Collect$$_printf_percent$$00000008  c_w.l(_printf_i.o)
    0x08005280   0x08005280   0x00000006   Code   RO         5848    .ARM.Collect$$_printf_percent$$00000009  c_w.l(_printf_d.o)
    0x08005286   0x08005286   0x00000006   Code   RO         5849    .ARM.Collect$$_printf_percent$$0000000A  c_w.l(_printf_u.o)
    0x0800528c   0x0800528c   0x00000006   Code   RO         5846    .ARM.Collect$$_printf_percent$$0000000B  c_w.l(_printf_o.o)
    0x08005292   0x08005292   0x00000006   Code   RO         5784    .ARM.Collect$$_printf_percent$$0000000C  c_w.l(_printf_x.o)
    0x08005298   0x08005298   0x00000006   Code   RO         5855    .ARM.Collect$$_printf_percent$$0000000D  c_w.l(_printf_lli.o)
    0x0800529e   0x0800529e   0x00000006   Code   RO         5856    .ARM.Collect$$_printf_percent$$0000000E  c_w.l(_printf_lld.o)
    0x080052a4   0x080052a4   0x00000006   Code   RO         5857    .ARM.Collect$$_printf_percent$$0000000F  c_w.l(_printf_llu.o)
    0x080052aa   0x080052aa   0x00000006   Code   RO         5862    .ARM.Collect$$_printf_percent$$00000010  c_w.l(_printf_llo.o)
    0x080052b0   0x080052b0   0x00000006   Code   RO         5863    .ARM.Collect$$_printf_percent$$00000011  c_w.l(_printf_llx.o)
    0x080052b6   0x080052b6   0x0000000a   Code   RO         5859    .ARM.Collect$$_printf_percent$$00000012  c_w.l(_printf_l.o)
    0x080052c0   0x080052c0   0x00000006   Code   RO         5843    .ARM.Collect$$_printf_percent$$00000013  c_w.l(_printf_c.o)
    0x080052c6   0x080052c6   0x00000006   Code   RO         5783    .ARM.Collect$$_printf_percent$$00000014  c_w.l(_printf_s.o)
    0x080052cc   0x080052cc   0x00000006   Code   RO         5860    .ARM.Collect$$_printf_percent$$00000015  c_w.l(_printf_lc.o)
    0x080052d2   0x080052d2   0x00000006   Code   RO         5861    .ARM.Collect$$_printf_percent$$00000016  c_w.l(_printf_ls.o)
    0x080052d8   0x080052d8   0x00000004   Code   RO         5854    .ARM.Collect$$_printf_percent$$00000017  c_w.l(_printf_percent_end.o)
    0x080052dc   0x080052dc   0x00000002   Code   RO         5966    .ARM.Collect$$libinit$$00000000  c_w.l(libinit.o)
    0x080052de   0x080052de   0x00000004   Code   RO         5980    .ARM.Collect$$libinit$$00000001  c_w.l(libinit2.o)
    0x080052e2   0x080052e2   0x00000000   Code   RO         5983    .ARM.Collect$$libinit$$00000004  c_w.l(libinit2.o)
    0x080052e2   0x080052e2   0x00000000   Code   RO         5986    .ARM.Collect$$libinit$$0000000A  c_w.l(libinit2.o)
    0x080052e2   0x080052e2   0x00000000   Code   RO         5988    .ARM.Collect$$libinit$$0000000C  c_w.l(libinit2.o)
    0x080052e2   0x080052e2   0x00000000   Code   RO         5990    .ARM.Collect$$libinit$$0000000E  c_w.l(libinit2.o)
    0x080052e2   0x080052e2   0x00000006   Code   RO         5991    .ARM.Collect$$libinit$$0000000F  c_w.l(libinit2.o)
    0x080052e8   0x080052e8   0x00000000   Code   RO         5993    .ARM.Collect$$libinit$$00000011  c_w.l(libinit2.o)
    0x080052e8   0x080052e8   0x0000000c   Code   RO         5994    .ARM.Collect$$libinit$$00000012  c_w.l(libinit2.o)
    0x080052f4   0x080052f4   0x00000000   Code   RO         5995    .ARM.Collect$$libinit$$00000013  c_w.l(libinit2.o)
    0x080052f4   0x080052f4   0x00000000   Code   RO         5997    .ARM.Collect$$libinit$$00000015  c_w.l(libinit2.o)
    0x080052f4   0x080052f4   0x0000000a   Code   RO         5998    .ARM.Collect$$libinit$$00000016  c_w.l(libinit2.o)
    0x080052fe   0x080052fe   0x00000000   Code   RO         5999    .ARM.Collect$$libinit$$00000017  c_w.l(libinit2.o)
    0x080052fe   0x080052fe   0x00000000   Code   RO         6001    .ARM.Collect$$libinit$$00000019  c_w.l(libinit2.o)
    0x080052fe   0x080052fe   0x00000000   Code   RO         6003    .ARM.Collect$$libinit$$0000001B  c_w.l(libinit2.o)
    0x080052fe   0x080052fe   0x00000000   Code   RO         6005    .ARM.Collect$$libinit$$0000001D  c_w.l(libinit2.o)
    0x080052fe   0x080052fe   0x00000000   Code   RO         6007    .ARM.Collect$$libinit$$0000001F  c_w.l(libinit2.o)
    0x080052fe   0x080052fe   0x00000000   Code   RO         6009    .ARM.Collect$$libinit$$00000021  c_w.l(libinit2.o)
    0x080052fe   0x080052fe   0x00000000   Code   RO         6011    .ARM.Collect$$libinit$$00000023  c_w.l(libinit2.o)
    0x080052fe   0x080052fe   0x00000000   Code   RO         6013    .ARM.Collect$$libinit$$00000025  c_w.l(libinit2.o)
    0x080052fe   0x080052fe   0x00000000   Code   RO         6017    .ARM.Collect$$libinit$$0000002C  c_w.l(libinit2.o)
    0x080052fe   0x080052fe   0x00000000   Code   RO         6019    .ARM.Collect$$libinit$$0000002E  c_w.l(libinit2.o)
    0x080052fe   0x080052fe   0x00000000   Code   RO         6021    .ARM.Collect$$libinit$$00000030  c_w.l(libinit2.o)
    0x080052fe   0x080052fe   0x00000000   Code   RO         6023    .ARM.Collect$$libinit$$00000032  c_w.l(libinit2.o)
    0x080052fe   0x080052fe   0x00000002   Code   RO         6024    .ARM.Collect$$libinit$$00000033  c_w.l(libinit2.o)
    0x08005300   0x08005300   0x00000002   Code   RO         6055    .ARM.Collect$$libshutdown$$00000000  c_w.l(libshutdown.o)
    0x08005302   0x08005302   0x00000000   Code   RO         6081    .ARM.Collect$$libshutdown$$00000002  c_w.l(libshutdown2.o)
    0x08005302   0x08005302   0x00000000   Code   RO         6083    .ARM.Collect$$libshutdown$$00000004  c_w.l(libshutdown2.o)
    0x08005302   0x08005302   0x00000000   Code   RO         6085    .ARM.Collect$$libshutdown$$00000006  c_w.l(libshutdown2.o)
    0x08005302   0x08005302   0x00000000   Code   RO         6088    .ARM.Collect$$libshutdown$$00000009  c_w.l(libshutdown2.o)
    0x08005302   0x08005302   0x00000000   Code   RO         6091    .ARM.Collect$$libshutdown$$0000000C  c_w.l(libshutdown2.o)
    0x08005302   0x08005302   0x00000000   Code   RO         6093    .ARM.Collect$$libshutdown$$0000000E  c_w.l(libshutdown2.o)
    0x08005302   0x08005302   0x00000000   Code   RO         6096    .ARM.Collect$$libshutdown$$00000011  c_w.l(libshutdown2.o)
    0x08005302   0x08005302   0x00000002   Code   RO         6097    .ARM.Collect$$libshutdown$$00000012  c_w.l(libshutdown2.o)
    0x08005304   0x08005304   0x00000000   Code   RO         5806    .ARM.Collect$$rtentry$$00000000  c_w.l(__rtentry.o)
    0x08005304   0x08005304   0x00000000   Code   RO         5880    .ARM.Collect$$rtentry$$00000002  c_w.l(__rtentry2.o)
    0x08005304   0x08005304   0x00000006   Code   RO         5892    .ARM.Collect$$rtentry$$00000004  c_w.l(__rtentry4.o)
    0x0800530a   0x0800530a   0x00000000   Code   RO         5882    .ARM.Collect$$rtentry$$00000009  c_w.l(__rtentry2.o)
    0x0800530a   0x0800530a   0x00000004   Code   RO         5883    .ARM.Collect$$rtentry$$0000000A  c_w.l(__rtentry2.o)
    0x0800530e   0x0800530e   0x00000000   Code   RO         5885    .ARM.Collect$$rtentry$$0000000C  c_w.l(__rtentry2.o)
    0x0800530e   0x0800530e   0x00000008   Code   RO         5886    .ARM.Collect$$rtentry$$0000000D  c_w.l(__rtentry2.o)
    0x08005316   0x08005316   0x00000002   Code   RO         5972    .ARM.Collect$$rtexit$$00000000  c_w.l(rtexit.o)
    0x08005318   0x08005318   0x00000000   Code   RO         6028    .ARM.Collect$$rtexit$$00000002  c_w.l(rtexit2.o)
    0x08005318   0x08005318   0x00000004   Code   RO         6029    .ARM.Collect$$rtexit$$00000003  c_w.l(rtexit2.o)
    0x0800531c   0x0800531c   0x00000006   Code   RO         6030    .ARM.Collect$$rtexit$$00000004  c_w.l(rtexit2.o)
    0x08005322   0x08005322   0x00000002   PAD
    0x08005324   0x08005324   0x00000040   Code   RO            4    .text               startup_stm32g491xx.o
    0x08005364   0x08005364   0x000000ee   Code   RO         5728    .text               c_w.l(lludivv7m.o)
    0x08005452   0x08005452   0x00000002   PAD
    0x08005454   0x08005454   0x00000034   Code   RO         5730    .text               c_w.l(vsnprintf.o)
    0x08005488   0x08005488   0x00000038   Code   RO         5732    .text               c_w.l(__2snprintf.o)
    0x080054c0   0x080054c0   0x0000004e   Code   RO         5738    .text               c_w.l(_printf_pad.o)
    0x0800550e   0x0800550e   0x00000052   Code   RO         5740    .text               c_w.l(_printf_str.o)
    0x08005560   0x08005560   0x00000094   Code   RO         5760    .text               c_w.l(_printf_hex_int_ll_ptr.o)
    0x080055f4   0x080055f4   0x00000188   Code   RO         5780    .text               c_w.l(__printf_flags_ss_wp.o)
    0x0800577c   0x0800577c   0x0000001a   Code   RO         5786    .text               c_w.l(atoi.o)
    0x08005796   0x08005796   0x0000003e   Code   RO         5788    .text               c_w.l(strlen.o)
    0x080057d4   0x080057d4   0x00000096   Code   RO         5790    .text               c_w.l(strncmp.o)
    0x0800586a   0x0800586a   0x0000008a   Code   RO         5792    .text               c_w.l(rt_memcpy_v6.o)
    0x080058f4   0x080058f4   0x00000010   Code   RO         5794    .text               c_w.l(aeabi_memset.o)
    0x08005904   0x08005904   0x00000044   Code   RO         5796    .text               c_w.l(rt_memclr.o)
    0x08005948   0x08005948   0x0000004e   Code   RO         5798    .text               c_w.l(rt_memclr_w.o)
    0x08005996   0x08005996   0x00000002   PAD
    0x08005998   0x08005998   0x00000080   Code   RO         5800    .text               c_w.l(strcmpv7m.o)
    0x08005a18   0x08005a18   0x00000006   Code   RO         5802    .text               c_w.l(heapauxi.o)
    0x08005a1e   0x08005a1e   0x00000002   PAD
    0x08005a20   0x08005a20   0x00000008   Code   RO         5814    .text               c_w.l(rt_errno_addr_intlibspace.o)
    0x08005a28   0x08005a28   0x00000024   Code   RO         5816    .text               c_w.l(_printf_truncate.o)
    0x08005a4c   0x08005a4c   0x000000b2   Code   RO         5818    .text               c_w.l(_printf_intcommon.o)
    0x08005afe   0x08005afe   0x00000002   PAD
    0x08005b00   0x08005b00   0x00000078   Code   RO         5820    .text               c_w.l(_printf_dec.o)
    0x08005b78   0x08005b78   0x00000028   Code   RO         5822    .text               c_w.l(_printf_charcount.o)
    0x08005ba0   0x08005ba0   0x00000030   Code   RO         5824    .text               c_w.l(_printf_char_common.o)
    0x08005bd0   0x08005bd0   0x0000000a   Code   RO         5826    .text               c_w.l(_sputc.o)
    0x08005bda   0x08005bda   0x00000010   Code   RO         5828    .text               c_w.l(_snputc.o)
    0x08005bea   0x08005bea   0x0000002c   Code   RO         5830    .text               c_w.l(_printf_char.o)
    0x08005c16   0x08005c16   0x00000002   PAD
    0x08005c18   0x08005c18   0x000000bc   Code   RO         5832    .text               c_w.l(_printf_wctomb.o)
    0x08005cd4   0x08005cd4   0x0000007c   Code   RO         5835    .text               c_w.l(_printf_longlong_dec.o)
    0x08005d50   0x08005d50   0x00000070   Code   RO         5841    .text               c_w.l(_printf_oct_int_ll.o)
    0x08005dc0   0x08005dc0   0x00000070   Code   RO         5864    .text               c_w.l(strtol.o)
    0x08005e30   0x08005e30   0x00000064   Code   RO         5866    .text               c_w.l(rt_memcpy_w.o)
    0x08005e94   0x08005e94   0x00000008   Code   RO         5876    .text               c_w.l(libspace.o)
    0x08005e9c   0x08005e9c   0x00000010   Code   RO         5894    .text               c_w.l(rt_ctype_table.o)
    0x08005eac   0x08005eac   0x0000008a   Code   RO         5898    .text               c_w.l(lludiv10.o)
    0x08005f36   0x08005f36   0x0000041e   Code   RO         5900    .text               c_w.l(_printf_fp_dec.o)
    0x08006354   0x08006354   0x000002fc   Code   RO         5902    .text               c_w.l(_printf_fp_hex.o)
    0x08006650   0x08006650   0x0000002c   Code   RO         5907    .text               c_w.l(_printf_wchar.o)
    0x0800667c   0x0800667c   0x0000009e   Code   RO         5909    .text               c_w.l(_strtoul.o)
    0x0800671a   0x0800671a   0x00000040   Code   RO         5911    .text               c_w.l(_wcrtomb.o)
    0x0800675a   0x0800675a   0x0000004a   Code   RO         5913    .text               c_w.l(sys_stackheap_outer.o)
    0x080067a4   0x080067a4   0x00000008   Code   RO         5918    .text               c_w.l(rt_locale_intlibspace.o)
    0x080067ac   0x080067ac   0x00000080   Code   RO         5920    .text               c_w.l(_printf_fp_infnan.o)
    0x0800682c   0x0800682c   0x0000001c   Code   RO         5922    .text               c_w.l(_chval.o)
    0x08006848   0x08006848   0x000000e4   Code   RO         5924    .text               c_w.l(bigflt0.o)
    0x0800692c   0x0800692c   0x00000012   Code   RO         5955    .text               c_w.l(exit.o)
    0x0800693e   0x0800693e   0x00000002   PAD
    0x08006940   0x08006940   0x0000000c   Code   RO         6025    .text               c_w.l(sys_exit.o)
    0x0800694c   0x0800694c   0x00000002   Code   RO         6044    .text               c_w.l(use_no_semi.o)
    0x0800694e   0x0800694e   0x00000000   Code   RO         6046    .text               c_w.l(indicate_semi.o)
    0x0800694e   0x0800694e   0x0000003e   Code   RO         5927    CL$$btod_d2e        c_w.l(btod.o)
    0x0800698c   0x0800698c   0x00000046   Code   RO         5929    CL$$btod_d2e_denorm_low  c_w.l(btod.o)
    0x080069d2   0x080069d2   0x00000060   Code   RO         5928    CL$$btod_d2e_norm_op1  c_w.l(btod.o)
    0x08006a32   0x08006a32   0x00000338   Code   RO         5937    CL$$btod_div_common  c_w.l(btod.o)
    0x08006d6a   0x08006d6a   0x000000dc   Code   RO         5934    CL$$btod_e2e        c_w.l(btod.o)
    0x08006e46   0x08006e46   0x0000002a   Code   RO         5931    CL$$btod_ediv       c_w.l(btod.o)
    0x08006e70   0x08006e70   0x0000002a   Code   RO         5930    CL$$btod_emul       c_w.l(btod.o)
    0x08006e9a   0x08006e9a   0x00000244   Code   RO         5936    CL$$btod_mult_common  c_w.l(btod.o)
    0x080070de   0x080070de   0x00000002   PAD
    0x080070e0   0x080070e0   0x00000030   Code   RO         4304    i.APP_RelocateVectorTable  iap_function.o
    0x08007110   0x08007110   0x00000048   Code   RO         4940    i.BasicReadings     encoder_modbus.o
    0x08007158   0x08007158   0x000001c4   Code   RO         4941    i.BasicSettings     encoder_modbus.o
    0x0800731c   0x0800731c   0x00000004   Code   RO          388    i.BusFault_Handler  stm32g4xx_it.o
    0x08007320   0x08007320   0x0000005c   Code   RO         4386    i.Communication_Address_Error  modbus_function.o
    0x0800737c   0x0800737c   0x0000005c   Code   RO         4387    i.Communication_FunctionCode_Error  modbus_function.o
    0x080073d8   0x080073d8   0x0000005c   Code   RO         4388    i.Communication_Length_Error  modbus_function.o
    0x08007434   0x08007434   0x0000005c   Code   RO         4389    i.Communication_SlaveAddress_Error  modbus_function.o
    0x08007490   0x08007490   0x00000050   Code   RO          389    i.DMA1_Channel1_IRQHandler  stm32g4xx_it.o
    0x080074e0   0x080074e0   0x00000044   Code   RO          390    i.DMA1_Channel2_IRQHandler  stm32g4xx_it.o
    0x08007524   0x08007524   0x00000008   Code   RO          391    i.DMA1_Channel4_IRQHandler  stm32g4xx_it.o
    0x0800752c   0x0800752c   0x00000008   Code   RO          392    i.DMA1_Channel5_IRQHandler  stm32g4xx_it.o
    0x08007534   0x08007534   0x00000044   Code   RO         1813    i.DMA_CalcDMAMUXChannelBaseAndMask  stm32g4xx_hal_dma.o
    0x08007578   0x08007578   0x00000024   Code   RO         1814    i.DMA_CalcDMAMUXRequestGenBaseAndMask  stm32g4xx_hal_dma.o
    0x0800759c   0x0800759c   0x00000160   Code   RO         4644    i.DTC_Apply_Edit    digitaltube_control.o
    0x080076fc   0x080076fc   0x0000008c   Code   RO         4645    i.DTC_DMA_Transmitter  digitaltube_control.o
    0x08007788   0x08007788   0x000000a8   Code   RO         4646    i.DTC_HandleStartupAnimation  digitaltube_control.o
    0x08007830   0x08007830   0x00000054   Code   RO         4647    i.DTC_Init          digitaltube_control.o
    0x08007884   0x08007884   0x000002f4   Code   RO         4648    i.DTC_Key_Logic     digitaltube_control.o
    0x08007b78   0x08007b78   0x0000004c   Code   RO         4649    i.DTC_SaveParams_Callback  digitaltube_control.o
    0x08007bc4   0x08007bc4   0x000001bc   Code   RO         4650    i.DTC_ScanHandler   digitaltube_control.o
    0x08007d80   0x08007d80   0x00000018   Code   RO         4651    i.DTC_SetError      digitaltube_control.o
    0x08007d98   0x08007d98   0x00000208   Code   RO         4652    i.DTC_Update_Buffer  digitaltube_control.o
    0x08007fa0   0x08007fa0   0x00000002   Code   RO          393    i.DebugMon_Handler  stm32g4xx_it.o
    0x08007fa2   0x08007fa2   0x0000000e   Code   RO         4201    i.DisableUARTReceive  uart_config.o
    0x08007fb0   0x08007fb0   0x0000000a   Code   RO          394    i.EXTI4_IRQHandler  stm32g4xx_it.o
    0x08007fba   0x08007fba   0x00000016   Code   RO          395    i.EXTI9_5_IRQHandler  stm32g4xx_it.o
    0x08007fd0   0x08007fd0   0x0000000e   Code   RO         4202    i.EnableUARTReceive  uart_config.o
    0x08007fde   0x08007fde   0x00000002   PAD
    0x08007fe0   0x08007fe0   0x0000002c   Code   RO         4811    i.EncDrv_DMA_RX_IRQHandler  encoder_driver.o
    0x0800800c   0x0800800c   0x00000024   Code   RO         4812    i.EncDrv_DMA_TX_IRQHandler  encoder_driver.o
    0x08008030   0x08008030   0x00000044   Code   RO         4817    i.EncDrv_RxCompleteCallback  encoder_driver.o
    0x08008074   0x08008074   0x00000060   Code   RO         4818    i.EncDrv_SendDMA    encoder_driver.o
    0x080080d4   0x080080d4   0x00000038   Code   RO         4819    i.EncDrv_SetBaudRate  encoder_driver.o
    0x0800810c   0x0800810c   0x00000064   Code   RO         4820    i.EncDrv_StartDMA_RX  encoder_driver.o
    0x08008170   0x08008170   0x00000064   Code   RO         4821    i.EncDrv_StartDMA_TX  encoder_driver.o
    0x080081d4   0x080081d4   0x0000003c   Code   RO         4824    i.EncDrv_TxCompleteCallback  encoder_driver.o
    0x08008210   0x08008210   0x00000060   Code   RO         4825    i.EncDrv_USART_IRQHandler  encoder_driver.o
    0x08008270   0x08008270   0x0000001a   Code   RO         5024    i.Enc_CRC8          encoder_multiturnmag.o
    0x0800828a   0x0800828a   0x00000002   PAD
    0x0800828c   0x0800828c   0x00000020   Code   RO         4942    i.EncoderModbus_ApplyConfig  encoder_modbus.o
    0x080082ac   0x080082ac   0x0000001e   Code   RO         4944    i.EncoderModbus_IsMyAddress  encoder_modbus.o
    0x080082ca   0x080082ca   0x0000008e   Code   RO         4945    i.EncoderModbus_ReadReg  encoder_modbus.o
    0x08008358   0x08008358   0x0000009c   Code   RO         4946    i.EncoderModbus_WriteReg  encoder_modbus.o
    0x080083f4   0x080083f4   0x0000005c   Code   RO         4390    i.Encoder_CrcError  modbus_function.o
    0x08008450   0x08008450   0x000000cc   Code   RO         5625    i.Encoder_DispatchRx  encoder_dispatcher.o
    0x0800851c   0x0800851c   0x00000070   Code   RO         5626    i.Encoder_DispatchTest  encoder_dispatcher.o
    0x0800858c   0x0800858c   0x00000050   Code   RO         5627    i.Encoder_GetResolutionBits  encoder_dispatcher.o
    0x080085dc   0x080085dc   0x0000004c   Code   RO         5628    i.Encoder_GetSingleTurnPos  encoder_dispatcher.o
    0x08008628   0x08008628   0x0000005c   Code   RO         4391    i.Encoder_Timeout   modbus_function.o
    0x08008684   0x08008684   0x00000006   Code   RO           13    i.Error_Handler     main.o
    0x0800868a   0x0800868a   0x00000002   PAD
    0x0800868c   0x0800868c   0x00000078   Code   RO         1508    i.FLASH_FlushCaches  stm32g4xx_hal_flash_ex.o
    0x08008704   0x08008704   0x00000024   Code   RO         1509    i.FLASH_MassErase   stm32g4xx_hal_flash_ex.o
    0x08008728   0x08008728   0x00000028   Code   RO         1522    i.FLASH_PageErase   stm32g4xx_hal_flash_ex.o
    0x08008750   0x08008750   0x00000028   Code   RO         1399    i.FLASH_Program_DoubleWord  stm32g4xx_hal_flash.o
    0x08008778   0x08008778   0x00000040   Code   RO         1400    i.FLASH_Program_Fast  stm32g4xx_hal_flash.o
    0x080087b8   0x080087b8   0x0000008c   Code   RO         1401    i.FLASH_WaitForLastOperation  stm32g4xx_hal_flash.o
    0x08008844   0x08008844   0x0000002e   Code   RO         4718    i.Flash_ErasePage_Physical  flash_storage.o
    0x08008872   0x08008872   0x00000002   PAD
    0x08008874   0x08008874   0x000000bc   Code   RO         4719    i.Flash_LoadParams  flash_storage.o
    0x08008930   0x08008930   0x000000ec   Code   RO         4720    i.Flash_SaveParams  flash_storage.o
    0x08008a1c   0x08008a1c   0x00000098   Code   RO         4721    i.Flash_Write_Record_Physical  flash_storage.o
    0x08008ab4   0x08008ab4   0x00000076   Code   RO         1816    i.HAL_DMA_Abort     stm32g4xx_hal_dma.o
    0x08008b2a   0x08008b2a   0x00000094   Code   RO         1817    i.HAL_DMA_Abort_IT  stm32g4xx_hal_dma.o
    0x08008bbe   0x08008bbe   0x000000fe   Code   RO         1821    i.HAL_DMA_IRQHandler  stm32g4xx_hal_dma.o
    0x08008cbc   0x08008cbc   0x000000d0   Code   RO         1822    i.HAL_DMA_Init      stm32g4xx_hal_dma.o
    0x08008d8c   0x08008d8c   0x00000018   Code   RO         4265    i.HAL_Delay         delay_function.o
    0x08008da4   0x08008da4   0x00000104   Code   RO         1526    i.HAL_FLASHEx_Erase  stm32g4xx_hal_flash_ex.o
    0x08008ea8   0x08008ea8   0x00000020   Code   RO         1405    i.HAL_FLASH_Lock    stm32g4xx_hal_flash.o
    0x08008ec8   0x08008ec8   0x000000c0   Code   RO         1410    i.HAL_FLASH_Program  stm32g4xx_hal_flash.o
    0x08008f88   0x08008f88   0x00000030   Code   RO         1412    i.HAL_FLASH_Unlock  stm32g4xx_hal_flash.o
    0x08008fb8   0x08008fb8   0x00000002   Code   RO         1676    i.HAL_GPIO_EXTI_Callback  stm32g4xx_hal_gpio.o
    0x08008fba   0x08008fba   0x00000002   PAD
    0x08008fbc   0x08008fbc   0x0000001c   Code   RO         1677    i.HAL_GPIO_EXTI_IRQHandler  stm32g4xx_hal_gpio.o
    0x08008fd8   0x08008fd8   0x000001cc   Code   RO         1678    i.HAL_GPIO_Init     stm32g4xx_hal_gpio.o
    0x080091a4   0x080091a4   0x00000010   Code   RO         1680    i.HAL_GPIO_ReadPin  stm32g4xx_hal_gpio.o
    0x080091b4   0x080091b4   0x0000000a   Code   RO         1682    i.HAL_GPIO_WritePin  stm32g4xx_hal_gpio.o
    0x080091be   0x080091be   0x00000002   PAD
    0x080091c0   0x080091c0   0x0000000c   Code   RO          913    i.HAL_GetTick       stm32g4xx_hal.o
    0x080091cc   0x080091cc   0x00000018   Code   RO          919    i.HAL_IncTick       stm32g4xx_hal.o
    0x080091e4   0x080091e4   0x0000001e   Code   RO          920    i.HAL_Init          stm32g4xx_hal.o
    0x08009202   0x08009202   0x00000002   PAD
    0x08009204   0x08009204   0x00000058   Code   RO          921    i.HAL_InitTick      stm32g4xx_hal.o
    0x0800925c   0x0800925c   0x00000044   Code   RO          527    i.HAL_MspInit       stm32g4xx_hal_msp.o
    0x080092a0   0x080092a0   0x00000028   Code   RO         2325    i.HAL_NVIC_EnableIRQ  stm32g4xx_hal_cortex.o
    0x080092c8   0x080092c8   0x0000007a   Code   RO         2331    i.HAL_NVIC_SetPriority  stm32g4xx_hal_cortex.o
    0x08009342   0x08009342   0x00000002   PAD
    0x08009344   0x08009344   0x00000028   Code   RO         2332    i.HAL_NVIC_SetPriorityGrouping  stm32g4xx_hal_cortex.o
    0x0800936c   0x0800936c   0x00000118   Code   RO         2081    i.HAL_PWREx_ControlVoltageScaling  stm32g4xx_hal_pwr_ex.o
    0x08009484   0x08009484   0x00000014   Code   RO         2093    i.HAL_PWREx_DisableUCPDDeadBattery  stm32g4xx_hal_pwr_ex.o
    0x08009498   0x08009498   0x00000014   Code   RO         1973    i.HAL_PWR_EnableBkUpAccess  stm32g4xx_hal_pwr.o
    0x080094ac   0x080094ac   0x000003f8   Code   RO         1285    i.HAL_RCCEx_PeriphCLKConfig  stm32g4xx_hal_rcc_ex.o
    0x080098a4   0x080098a4   0x00000224   Code   RO         1155    i.HAL_RCC_ClockConfig  stm32g4xx_hal_rcc.o
    0x08009ac8   0x08009ac8   0x0000000c   Code   RO         1161    i.HAL_RCC_GetHCLKFreq  stm32g4xx_hal_rcc.o
    0x08009ad4   0x08009ad4   0x00000024   Code   RO         1163    i.HAL_RCC_GetPCLK1Freq  stm32g4xx_hal_rcc.o
    0x08009af8   0x08009af8   0x00000024   Code   RO         1164    i.HAL_RCC_GetPCLK2Freq  stm32g4xx_hal_rcc.o
    0x08009b1c   0x08009b1c   0x00000094   Code   RO         1165    i.HAL_RCC_GetSysClockFreq  stm32g4xx_hal_rcc.o
    0x08009bb0   0x08009bb0   0x0000055c   Code   RO         1168    i.HAL_RCC_OscConfig  stm32g4xx_hal_rcc.o
    0x0800a10c   0x0800a10c   0x000000fc   Code   RO          562    i.HAL_SPI_Init      stm32g4xx_hal_spi.o
    0x0800a208   0x0800a208   0x000000d4   Code   RO          251    i.HAL_SPI_MspInit   spi.o
    0x0800a2dc   0x0800a2dc   0x000001f8   Code   RO          570    i.HAL_SPI_Transmit  stm32g4xx_hal_spi.o
    0x0800a4d4   0x0800a4d4   0x00000034   Code   RO         2336    i.HAL_SYSTICK_Config  stm32g4xx_hal_cortex.o
    0x0800a508   0x0800a508   0x00000002   Code   RO         3187    i.HAL_TIMEx_Break2Callback  stm32g4xx_hal_tim_ex.o
    0x0800a50a   0x0800a50a   0x00000002   Code   RO         3188    i.HAL_TIMEx_BreakCallback  stm32g4xx_hal_tim_ex.o
    0x0800a50c   0x0800a50c   0x00000002   Code   RO         3189    i.HAL_TIMEx_CommutCallback  stm32g4xx_hal_tim_ex.o
    0x0800a50e   0x0800a50e   0x00000002   Code   RO         3200    i.HAL_TIMEx_DirectionChangeCallback  stm32g4xx_hal_tim_ex.o
    0x0800a510   0x0800a510   0x00000002   Code   RO         3214    i.HAL_TIMEx_EncoderIndexCallback  stm32g4xx_hal_tim_ex.o
    0x0800a512   0x0800a512   0x00000002   Code   RO         3228    i.HAL_TIMEx_IndexErrorCallback  stm32g4xx_hal_tim_ex.o
    0x0800a514   0x0800a514   0x000000cc   Code   RO         3229    i.HAL_TIMEx_MasterConfigSynchronization  stm32g4xx_hal_tim_ex.o
    0x0800a5e0   0x0800a5e0   0x00000002   Code   RO         3250    i.HAL_TIMEx_TransitionErrorCallback  stm32g4xx_hal_tim_ex.o
    0x0800a5e2   0x0800a5e2   0x0000006e   Code   RO         2462    i.HAL_TIM_Base_Init  stm32g4xx_hal_tim.o
    0x0800a650   0x0800a650   0x0000007c   Code   RO          293    i.HAL_TIM_Base_MspInit  tim.o
    0x0800a6cc   0x0800a6cc   0x000000a8   Code   RO         2467    i.HAL_TIM_Base_Start_IT  stm32g4xx_hal_tim.o
    0x0800a774   0x0800a774   0x0000013c   Code   RO         2471    i.HAL_TIM_ConfigClockSource  stm32g4xx_hal_tim.o
    0x0800a8b0   0x0800a8b0   0x00000002   Code   RO         2496    i.HAL_TIM_IC_CaptureCallback  stm32g4xx_hal_tim.o
    0x0800a8b2   0x0800a8b2   0x00000220   Code   RO         2510    i.HAL_TIM_IRQHandler  stm32g4xx_hal_tim.o
    0x0800aad2   0x0800aad2   0x00000002   Code   RO         2513    i.HAL_TIM_OC_DelayElapsedCallback  stm32g4xx_hal_tim.o
    0x0800aad4   0x0800aad4   0x00000002   Code   RO         2540    i.HAL_TIM_PWM_PulseFinishedCallback  stm32g4xx_hal_tim.o
    0x0800aad6   0x0800aad6   0x00000002   PAD
    0x0800aad8   0x0800aad8   0x00000064   Code   RO         5629    i.HAL_TIM_PeriodElapsedCallback  encoder_dispatcher.o
    0x0800ab3c   0x0800ab3c   0x00000002   Code   RO         2553    i.HAL_TIM_TriggerCallback  stm32g4xx_hal_tim.o
    0x0800ab3e   0x0800ab3e   0x0000004e   Code   RO         4041    i.HAL_UARTEx_DisableFifoMode  stm32g4xx_hal_uart_ex.o
    0x0800ab8c   0x0800ab8c   0x00000002   Code   RO         3625    i.HAL_UARTEx_RxEventCallback  stm32g4xx_hal_uart.o
    0x0800ab8e   0x0800ab8e   0x00000002   Code   RO         4049    i.HAL_UARTEx_RxFifoFullCallback  stm32g4xx_hal_uart_ex.o
    0x0800ab90   0x0800ab90   0x0000005e   Code   RO         4050    i.HAL_UARTEx_SetRxFifoThreshold  stm32g4xx_hal_uart_ex.o
    0x0800abee   0x0800abee   0x0000005e   Code   RO         4051    i.HAL_UARTEx_SetTxFifoThreshold  stm32g4xx_hal_uart_ex.o
    0x0800ac4c   0x0800ac4c   0x00000002   Code   RO         4053    i.HAL_UARTEx_TxFifoEmptyCallback  stm32g4xx_hal_uart_ex.o
    0x0800ac4e   0x0800ac4e   0x00000002   Code   RO         4054    i.HAL_UARTEx_WakeupCallback  stm32g4xx_hal_uart_ex.o
    0x0800ac50   0x0800ac50   0x00000002   Code   RO         3641    i.HAL_UART_ErrorCallback  stm32g4xx_hal_uart.o
    0x0800ac52   0x0800ac52   0x00000002   PAD
    0x0800ac54   0x0800ac54   0x000003a4   Code   RO         3644    i.HAL_UART_IRQHandler  stm32g4xx_hal_uart.o
    0x0800aff8   0x0800aff8   0x00000078   Code   RO         3645    i.HAL_UART_Init     stm32g4xx_hal_uart.o
    0x0800b070   0x0800b070   0x00000214   Code   RO          341    i.HAL_UART_MspInit  usart.o
    0x0800b284   0x0800b284   0x00000002   Code   RO         3657    i.HAL_UART_TxCpltCallback  stm32g4xx_hal_uart.o
    0x0800b286   0x0800b286   0x00000004   Code   RO          396    i.HardFault_Handler  stm32g4xx_it.o
    0x0800b28a   0x0800b28a   0x00000002   PAD
    0x0800b28c   0x0800b28c   0x0000008c   Code   RO         4311    i.IAP_RequestUpdate  iap_function.o
    0x0800b318   0x0800b318   0x00000060   Code   RO         5219    i.MGT_Modbus_Read   encoder_mgtmag.o
    0x0800b378   0x0800b378   0x000000a0   Code   RO         5220    i.MGT_Modbus_Write  encoder_mgtmag.o
    0x0800b418   0x0800b418   0x000001b4   Code   RO         5221    i.MGT_RxComplete    encoder_mgtmag.o
    0x0800b5cc   0x0800b5cc   0x00000130   Code   RO         5223    i.MGT_TX            encoder_mgtmag.o
    0x0800b6fc   0x0800b6fc   0x00000130   Code   RO         5224    i.MGT_Test          encoder_mgtmag.o
    0x0800b82c   0x0800b82c   0x00000080   Code   RO          226    i.MX_DMA_Init       dma.o
    0x0800b8ac   0x0800b8ac   0x0000013c   Code   RO          202    i.MX_GPIO_Init      gpio.o
    0x0800b9e8   0x0800b9e8   0x00000054   Code   RO          252    i.MX_SPI2_Init      spi.o
    0x0800ba3c   0x0800ba3c   0x00000074   Code   RO          294    i.MX_TIM1_Init      tim.o
    0x0800bab0   0x0800bab0   0x0000004c   Code   RO          295    i.MX_TIM6_Init      tim.o
    0x0800bafc   0x0800bafc   0x00000074   Code   RO          342    i.MX_USART1_UART_Init  usart.o
    0x0800bb70   0x0800bb70   0x0000006c   Code   RO          343    i.MX_USART3_UART_Init  usart.o
    0x0800bbdc   0x0800bbdc   0x00000004   Code   RO          397    i.MemManage_Handler  stm32g4xx_it.o
    0x0800bbe0   0x0800bbe0   0x0000005c   Code   RO         4392    i.ModBus_Crc_Error  modbus_function.o
    0x0800bc3c   0x0800bc3c   0x000000a0   Code   RO         4393    i.ModBus_SlaveReturnTx03  modbus_function.o
    0x0800bcdc   0x0800bcdc   0x0000002c   Code   RO         4395    i.ModBus_SlaveReturnTx06  modbus_function.o
    0x0800bd08   0x0800bd08   0x0000006c   Code   RO         4396    i.ModBus_SlaveReturnTx10  modbus_function.o
    0x0800bd74   0x0800bd74   0x000000b0   Code   RO         4397    i.ModBus_SlaveRx    modbus_function.o
    0x0800be24   0x0800be24   0x00000124   Code   RO         4398    i.ModBus_SlaveRx03  modbus_function.o
    0x0800bf48   0x0800bf48   0x00000094   Code   RO         4399    i.ModBus_SlaveRx03DataCollation  modbus_function.o
    0x0800bfdc   0x0800bfdc   0x00000100   Code   RO         4402    i.ModBus_SlaveRx06  modbus_function.o
    0x0800c0dc   0x0800c0dc   0x00000084   Code   RO         4403    i.ModBus_SlaveRx06DataCollation  modbus_function.o
    0x0800c160   0x0800c160   0x000000b8   Code   RO         4404    i.ModBus_SlaveRx10  modbus_function.o
    0x0800c218   0x0800c218   0x000000e0   Code   RO         4405    i.ModBus_SlaveRx10DataCollation  modbus_function.o
    0x0800c2f8   0x0800c2f8   0x0000003e   Code   RO         4406    i.Modbus_CRC16      modbus_function.o
    0x0800c336   0x0800c336   0x00000002   PAD
    0x0800c338   0x0800c338   0x00000018   Code   RO         5026    i.MulMag_CloseInternalProtocol  encoder_multiturnmag.o
    0x0800c350   0x0800c350   0x0000003c   Code   RO         5027    i.MulMag_GetAllData  encoder_multiturnmag.o
    0x0800c38c   0x0800c38c   0x0000000c   Code   RO         5028    i.MulMag_GetWorkAlarm  encoder_multiturnmag.o
    0x0800c398   0x0800c398   0x0000002c   Code   RO         5029    i.MulMag_HallRead   encoder_multiturnmag.o
    0x0800c3c4   0x0800c3c4   0x00000040   Code   RO         5032    i.MulMag_Initialize  encoder_multiturnmag.o
    0x0800c404   0x0800c404   0x000000f0   Code   RO         5034    i.MulMag_Modbus_Read  encoder_multiturnmag.o
    0x0800c4f4   0x0800c4f4   0x000000bc   Code   RO         5035    i.MulMag_Modbus_Write  encoder_multiturnmag.o
    0x0800c5b0   0x0800c5b0   0x00000040   Code   RO         5036    i.MulMag_MultiturnReset  encoder_multiturnmag.o
    0x0800c5f0   0x0800c5f0   0x00000040   Code   RO         5037    i.MulMag_OpenInternalProtocol  encoder_multiturnmag.o
    0x0800c630   0x0800c630   0x00000054   Code   RO         5038    i.MulMag_ReadAllEeprom  encoder_multiturnmag.o
    0x0800c684   0x0800c684   0x000000ac   Code   RO         5039    i.MulMag_ReadRegister  encoder_multiturnmag.o
    0x0800c730   0x0800c730   0x00000018   Code   RO         5040    i.MulMag_ReadResolution  encoder_multiturnmag.o
    0x0800c748   0x0800c748   0x00000498   Code   RO         5041    i.MulMag_RxComplete  encoder_multiturnmag.o
    0x0800cbe0   0x0800cbe0   0x0000001c   Code   RO         5043    i.MulMag_SetResolution  encoder_multiturnmag.o
    0x0800cbfc   0x0800cbfc   0x00000018   Code   RO         5044    i.MulMag_TB         encoder_multiturnmag.o
    0x0800cc14   0x0800cc14   0x00000258   Code   RO         5045    i.MulMag_TX         encoder_multiturnmag.o
    0x0800ce6c   0x0800ce6c   0x0000007e   Code   RO         5046    i.MulMag_Test       encoder_multiturnmag.o
    0x0800ceea   0x0800ceea   0x00000002   PAD
    0x0800ceec   0x0800ceec   0x0000009c   Code   RO         5047    i.MulMag_TxRegister  encoder_multiturnmag.o
    0x0800cf88   0x0800cf88   0x0000009c   Code   RO         5048    i.MulMag_WriteDate  encoder_multiturnmag.o
    0x0800d024   0x0800d024   0x00000094   Code   RO         5049    i.MulMag_WriteHWRev  encoder_multiturnmag.o
    0x0800d0b8   0x0800d0b8   0x000000b8   Code   RO         5050    i.MulMag_WriteRegister  encoder_multiturnmag.o
    0x0800d170   0x0800d170   0x00000048   Code   RO         5051    i.MulMag_WriteResult  encoder_multiturnmag.o
    0x0800d1b8   0x0800d1b8   0x00000108   Code   RO         5291    i.MulOpt_Modbus_Read  encoder_multiturnopt.o
    0x0800d2c0   0x0800d2c0   0x000000a0   Code   RO         5292    i.MulOpt_Modbus_Write  encoder_multiturnopt.o
    0x0800d360   0x0800d360   0x0000019c   Code   RO         5293    i.MulOpt_RxComplete  encoder_multiturnopt.o
    0x0800d4fc   0x0800d4fc   0x000000f4   Code   RO         5295    i.MulOpt_TX         encoder_multiturnopt.o
    0x0800d5f0   0x0800d5f0   0x000000d8   Code   RO         5296    i.MulOpt_Test       encoder_multiturnopt.o
    0x0800d6c8   0x0800d6c8   0x00000004   Code   RO          398    i.NMI_Handler       stm32g4xx_it.o
    0x0800d6cc   0x0800d6cc   0x00000050   Code   RO         5363    i.NXP_Modbus_Read   encoder_nxpmag.o
    0x0800d71c   0x0800d71c   0x00000064   Code   RO         5364    i.NXP_Modbus_Write  encoder_nxpmag.o
    0x0800d780   0x0800d780   0x00000218   Code   RO         5365    i.NXP_RxComplete    encoder_nxpmag.o
    0x0800d998   0x0800d998   0x000000e4   Code   RO         5367    i.NXP_TX            encoder_nxpmag.o
    0x0800da7c   0x0800da7c   0x000000bc   Code   RO         5368    i.NXP_Test          encoder_nxpmag.o
    0x0800db38   0x0800db38   0x00000064   Code   RO         4769    i.PM_GetConfig      parameter_module.o
    0x0800db9c   0x0800db9c   0x0000002c   Code   RO         4770    i.PM_Init           parameter_module.o
    0x0800dbc8   0x0800dbc8   0x00000010   Code   RO         4771    i.PM_SaveParams     parameter_module.o
    0x0800dbd8   0x0800dbd8   0x00000002   Code   RO          399    i.PendSV_Handler    stm32g4xx_it.o
    0x0800dbda   0x0800dbda   0x00000002   PAD
    0x0800dbdc   0x0800dbdc   0x00000064   Code   RO         1169    i.RCC_GetSysClockFreqFromPLLSource  stm32g4xx_hal_rcc.o
    0x0800dc40   0x0800dc40   0x00000016   Code   RO         4576    i.Relay_AllOff      relay_control.o
    0x0800dc56   0x0800dc56   0x00000016   Code   RO         4577    i.Relay_AllOn       relay_control.o
    0x0800dc6c   0x0800dc6c   0x00000034   Code   RO         4578    i.Relay_GetStatus   relay_control.o
    0x0800dca0   0x0800dca0   0x0000002c   Code   RO         4580    i.Relay_Off         relay_control.o
    0x0800dccc   0x0800dccc   0x0000002c   Code   RO         4581    i.Relay_On          relay_control.o
    0x0800dcf8   0x0800dcf8   0x0000005c   Code   RO         4408    i.SNDigitsAreIncorrect  modbus_function.o
    0x0800dd54   0x0800dd54   0x00000064   Code   RO          600    i.SPI_EndRxTxTransaction  stm32g4xx_hal_spi.o
    0x0800ddb8   0x0800ddb8   0x000000f8   Code   RO          605    i.SPI_WaitFifoStateUntilTimeout  stm32g4xx_hal_spi.o
    0x0800deb0   0x0800deb0   0x000000d8   Code   RO          606    i.SPI_WaitFlagStateUntilTimeout  stm32g4xx_hal_spi.o
    0x0800df88   0x0800df88   0x00000002   Code   RO          400    i.SVC_Handler       stm32g4xx_it.o
    0x0800df8a   0x0800df8a   0x0000001c   Code   RO         5433    i.SensAR_Crc        encoder_sensar.o
    0x0800dfa6   0x0800dfa6   0x00000002   PAD
    0x0800dfa8   0x0800dfa8   0x00000060   Code   RO         5436    i.SensAR_Modbus_Read  encoder_sensar.o
    0x0800e008   0x0800e008   0x000000c0   Code   RO         5437    i.SensAR_Modbus_Write  encoder_sensar.o
    0x0800e0c8   0x0800e0c8   0x00000028   Code   RO         5438    i.SensAR_ParseHallValue  encoder_sensar.o
    0x0800e0f0   0x0800e0f0   0x000001c0   Code   RO         5439    i.SensAR_RxComplete  encoder_sensar.o
    0x0800e2b0   0x0800e2b0   0x0000004c   Code   RO         5441    i.SensAR_TX         encoder_sensar.o
    0x0800e2fc   0x0800e2fc   0x00000230   Code   RO         5442    i.SensAR_Test       encoder_sensar.o
    0x0800e52c   0x0800e52c   0x0000003c   Code   RO         4722    i.Soft_CRC32        flash_storage.o
    0x0800e568   0x0800e568   0x00000028   Code   RO         5671    i.SpeedCalc_Init    encoder_speed.o
    0x0800e590   0x0800e590   0x000000b4   Code   RO         5672    i.SpeedCalc_MedianFilter  encoder_speed.o
    0x0800e644   0x0800e644   0x0000001c   Code   RO         5673    i.SpeedCalc_SetPeriod  encoder_speed.o
    0x0800e660   0x0800e660   0x0000009c   Code   RO         5674    i.SpeedCalc_Update  encoder_speed.o
    0x0800e6fc   0x0800e6fc   0x00000010   Code   RO         5675    i.SpeedCalc_UpdateResolution  encoder_speed.o
    0x0800e70c   0x0800e70c   0x00000050   Code   RO         5676    i.SpeedCalc_UpdateScaleFactor  encoder_speed.o
    0x0800e75c   0x0800e75c   0x00000008   Code   RO          401    i.SysTick_Handler   stm32g4xx_it.o
    0x0800e764   0x0800e764   0x00000068   Code   RO           14    i.SystemClock_Config  main.o
    0x0800e7cc   0x0800e7cc   0x00000014   Code   RO         4165    i.SystemInit        system_stm32g4xx.o
    0x0800e7e0   0x0800e7e0   0x000000a4   Code   RO         4826    i.TIM1_SetPeriod_Direct  encoder_driver.o
    0x0800e884   0x0800e884   0x00000038   Code   RO         4827    i.TIM1_Start_Direct  encoder_driver.o
    0x0800e8bc   0x0800e8bc   0x00000024   Code   RO         4828    i.TIM1_Stop_Direct  encoder_driver.o
    0x0800e8e0   0x0800e8e0   0x00000010   Code   RO          402    i.TIM1_UP_TIM16_IRQHandler  stm32g4xx_it.o
    0x0800e8f0   0x0800e8f0   0x00000014   Code   RO          403    i.TIM6_DAC_IRQHandler  stm32g4xx_it.o
    0x0800e904   0x0800e904   0x000000e0   Code   RO         2555    i.TIM_Base_SetConfig  stm32g4xx_hal_tim.o
    0x0800e9e4   0x0800e9e4   0x00000016   Code   RO         2566    i.TIM_ETR_SetConfig  stm32g4xx_hal_tim.o
    0x0800e9fa   0x0800e9fa   0x00000002   PAD
    0x0800e9fc   0x0800e9fc   0x00000018   Code   RO         2567    i.TIM_ITRx_SetConfig  stm32g4xx_hal_tim.o
    0x0800ea14   0x0800ea14   0x00000026   Code   RO         2575    i.TIM_TI1_ConfigInputStage  stm32g4xx_hal_tim.o
    0x0800ea3a   0x0800ea3a   0x00000028   Code   RO         2577    i.TIM_TI2_ConfigInputStage  stm32g4xx_hal_tim.o
    0x0800ea62   0x0800ea62   0x0000000e   Code   RO         5523    i.Tmgw_GetAllData   encoder_tamagawa.o
    0x0800ea70   0x0800ea70   0x00000080   Code   RO         5526    i.Tmgw_Modbus_Read  encoder_tamagawa.o
    0x0800eaf0   0x0800eaf0   0x00000058   Code   RO         5527    i.Tmgw_Modbus_Write  encoder_tamagawa.o
    0x0800eb48   0x0800eb48   0x00000040   Code   RO         5528    i.Tmgw_MultiturnReset  encoder_tamagawa.o
    0x0800eb88   0x0800eb88   0x0000007c   Code   RO         5529    i.Tmgw_ReadMTP      encoder_tamagawa.o
    0x0800ec04   0x0800ec04   0x0000000c   Code   RO         5530    i.Tmgw_ReadMTPDefine  encoder_tamagawa.o
    0x0800ec10   0x0800ec10   0x00000208   Code   RO         5531    i.Tmgw_RxComplete   encoder_tamagawa.o
    0x0800ee18   0x0800ee18   0x00000040   Code   RO         5533    i.Tmgw_SingleTurnReset  encoder_tamagawa.o
    0x0800ee58   0x0800ee58   0x000000ac   Code   RO         5534    i.Tmgw_TX           encoder_tamagawa.o
    0x0800ef04   0x0800ef04   0x00000038   Code   RO         5535    i.Tmgw_Test         encoder_tamagawa.o
    0x0800ef3c   0x0800ef3c   0x00000058   Code   RO         4055    i.UARTEx_SetNbDataToProcess  stm32g4xx_hal_uart_ex.o
    0x0800ef94   0x0800ef94   0x000000f8   Code   RO         3659    i.UART_AdvFeatureConfig  stm32g4xx_hal_uart.o
    0x0800f08c   0x0800f08c   0x000000ea   Code   RO         3660    i.UART_CheckIdleState  stm32g4xx_hal_uart.o
    0x0800f176   0x0800f176   0x00000018   Code   RO         3661    i.UART_DMAAbortOnError  stm32g4xx_hal_uart.o
    0x0800f18e   0x0800f18e   0x00000002   PAD
    0x0800f190   0x0800f190   0x0000006c   Code   RO         3671    i.UART_EndRxTransfer  stm32g4xx_hal_uart.o
    0x0800f1fc   0x0800f1fc   0x00000030   Code   RO         3672    i.UART_EndTransmit_IT  stm32g4xx_hal_uart.o
    0x0800f22c   0x0800f22c   0x000003c8   Code   RO         3678    i.UART_SetConfig    stm32g4xx_hal_uart.o
    0x0800f5f4   0x0800f5f4   0x000000ac   Code   RO         3685    i.UART_WaitOnFlagUntilTimeout  stm32g4xx_hal_uart.o
    0x0800f6a0   0x0800f6a0   0x000000e4   Code   RO          404    i.USART1_IRQHandler  stm32g4xx_it.o
    0x0800f784   0x0800f784   0x00000014   Code   RO          405    i.USART3_IRQHandler  stm32g4xx_it.o
    0x0800f798   0x0800f798   0x00000004   Code   RO          406    i.UsageFault_Handler  stm32g4xx_it.o
    0x0800f79c   0x0800f79c   0x00000050   Code   RO         4203    i.Usart1TransmitterDMA  uart_config.o
    0x0800f7ec   0x0800f7ec   0x00000064   Code   RO         4204    i.Usart1_Print      uart_config.o
    0x0800f850   0x0800f850   0x00000038   Code   RO         4409    i.Usart1_ReceiveStringHandler  modbus_function.o
    0x0800f888   0x0800f888   0x00000384   Code   RO         4410    i.Usart1_SendStringHandler  modbus_function.o
    0x0800fc0c   0x0800fc0c   0x00000030   Code   RO         5970    i.__ARM_fpclassify  m_wm.l(fpclassify.o)
    0x0800fc3c   0x0800fc3c   0x00000010   Code   RO         2338    i.__NVIC_GetPriorityGrouping  stm32g4xx_hal_cortex.o
    0x0800fc4c   0x0800fc4c   0x00000028   Code   RO         2339    i.__NVIC_SetPriority  stm32g4xx_hal_cortex.o
    0x0800fc74   0x0800fc74   0x0000000e   Code   RO         5773    i._is_digit         c_w.l(__printf_wp.o)
    0x0800fc82   0x0800fc82   0x00000002   PAD
    0x0800fc84   0x0800fc84   0x0000004c   Code   RO         4267    i.delay_us          delay_function.o
    0x0800fcd0   0x0800fcd0   0x0000007c   Code   RO           15    i.main              main.o
    0x0800fd4c   0x0800fd4c   0x0000003c   Code   RO         4205    i.uart_config       uart_config.o
    0x0800fd88   0x0800fd88   0x0000002c   Code   RO         5950    locale$$code        c_w.l(lc_ctype_c.o)
    0x0800fdb4   0x0800fdb4   0x0000002c   Code   RO         5953    locale$$code        c_w.l(lc_numeric_c.o)
    0x0800fde0   0x0800fde0   0x0000000a   Code   RO         6040    x$fpl$fpinit        fz_wm.l(fpinit.o)
    0x0800fdea   0x0800fdea   0x00000004   Code   RO         5868    x$fpl$printf1       fz_wm.l(printf1.o)
    0x0800fdee   0x0800fdee   0x00000004   Code   RO         5870    x$fpl$printf2       fz_wm.l(printf2.o)
    0x0800fdf2   0x0800fdf2   0x00000000   Code   RO         5969    x$fpl$usenofp       fz_wm.l(usenofp.o)
    0x0800fdf2   0x0800fdf2   0x00000018   Data   RO         3686    .constdata          stm32g4xx_hal_uart.o
    0x0800fe0a   0x0800fe0a   0x00000010   Data   RO         4057    .constdata          stm32g4xx_hal_uart_ex.o
    0x0800fe1a   0x0800fe1a   0x00000018   Data   RO         4166    .constdata          system_stm32g4xx.o
    0x0800fe32   0x0800fe32   0x00000002   PAD
    0x0800fe34   0x0800fe34   0x00000030   Data   RO         4584    .constdata          relay_control.o
    0x0800fe64   0x0800fe64   0x00000021   Data   RO         4654    .constdata          digitaltube_control.o
    0x0800fe85   0x0800fe85   0x00000003   PAD
    0x0800fe88   0x0800fe88   0x00000010   Data   RO         4723    .constdata          flash_storage.o
    0x0800fe98   0x0800fe98   0x00000028   Data   RO         5761    .constdata          c_w.l(_printf_hex_int_ll_ptr.o)
    0x0800fec0   0x0800fec0   0x00000011   Data   RO         5781    .constdata          c_w.l(__printf_flags_ss_wp.o)
    0x0800fed1   0x0800fed1   0x00000003   PAD
    0x0800fed4   0x0800fed4   0x00000008   Data   RO         5833    .constdata          c_w.l(_printf_wctomb.o)
    0x0800fedc   0x0800fedc   0x00000026   Data   RO         5903    .constdata          c_w.l(_printf_fp_hex.o)
    0x0800ff02   0x0800ff02   0x00000002   PAD
    0x0800ff04   0x0800ff04   0x00000094   Data   RO         5925    .constdata          c_w.l(bigflt0.o)
    0x0800ff98   0x0800ff98   0x00000020   Data   RO         6098    Region$$Table       anon$$obj.o
    0x0800ffb8   0x0800ffb8   0x00000110   Data   RO         5949    locale$$data        c_w.l(lc_ctype_c.o)
    0x080100c8   0x080100c8   0x0000001c   Data   RO         5952    locale$$data        c_w.l(lc_numeric_c.o)


    Execution Region RW_IRAM1 (Exec base: 0x20000000, Load base: 0x080100e4, Size: 0x00002428, Max: 0x0001c000, ABSOLUTE)

    Exec Addr    Load Addr    Size         Type   Attr      Idx    E Section Name        Object

    0x20000000   0x080100e4   0x00000005   Data   RW           16    .data               main.o
    0x20000005   0x080100e9   0x00000003   PAD
    0x20000008   0x080100ec   0x0000000c   Data   RW          940    .data               stm32g4xx_hal.o
    0x20000014   0x080100f8   0x00000020   Data   RW         1413    .data               stm32g4xx_hal_flash.o
    0x20000034   0x08010118   0x00000004   Data   RW         4167    .data               system_stm32g4xx.o
    0x20000038   0x0801011c   0x00000004   Data   RW         4655    .data               digitaltube_control.o
    0x2000003c   0x08010120   0x00000006   Data   RW         4830    .data               encoder_driver.o
    0x20000042   0x08010126   0x00000002   PAD
    0x20000044   0x08010128   0x00000010   Data   RW         4948    .data               encoder_modbus.o
    0x20000054   0x08010138   0x0000000b   Data   RW         5053    .data               encoder_multiturnmag.o
    0x2000005f   0x08010143   0x00000001   PAD
    0x20000060        -       0x000000c4   Zero   RW          253    .bss                spi.o
    0x20000124        -       0x00000098   Zero   RW          296    .bss                tim.o
    0x200001bc        -       0x00000248   Zero   RW          344    .bss                usart.o
    0x20000404        -       0x0000040c   Zero   RW         4206    .bss                uart_config.o
    0x20000810        -       0x000002ea   Zero   RW         4411    .bss                modbus_function.o
    0x20000afa   0x08010143   0x00000002   PAD
    0x20000afc        -       0x00000028   Zero   RW         4653    .bss                digitaltube_control.o
    0x20000b24        -       0x000001e0   Zero   RW         4772    .bss                parameter_module.o
    0x20000d04        -       0x00000060   Zero   RW         4829    .bss                encoder_driver.o
    0x20000d64        -       0x000003a8   Zero   RW         5052    .bss                encoder_multiturnmag.o
    0x2000110c        -       0x00000240   Zero   RW         5225    .bss                encoder_mgtmag.o
    0x2000134c        -       0x00000268   Zero   RW         5297    .bss                encoder_multiturnopt.o
    0x200015b4        -       0x00000234   Zero   RW         5369    .bss                encoder_nxpmag.o
    0x200017e8        -       0x000001f6   Zero   RW         5443    .bss                encoder_sensar.o
    0x200019de   0x08010143   0x00000002   PAD
    0x200019e0        -       0x00000384   Zero   RW         5536    .bss                encoder_tamagawa.o
    0x20001d64        -       0x00000060   Zero   RW         5677    .bss                encoder_speed.o
    0x20001dc4        -       0x00000060   Zero   RW         5877    .bss                c_w.l(libspace.o)
    0x20001e24   0x08010143   0x00000004   PAD
    0x20001e28        -       0x00000200   Zero   RW            2    HEAP                startup_stm32g491xx.o
    0x20002028        -       0x00000400   Zero   RW            1    STACK               startup_stm32g491xx.o


==============================================================================

Image component sizes


      Code (inc. data)   RO Data    RW Data    ZI Data      Debug   Object Name

       100         10          0          0          0       1255   delay_function.o
      2564        118         33          4         40       8777   digitaltube_control.o
       128          6          0          0          0        830   dma.o
       572        136          0          0          0       3736   encoder_dispatcher.o
       912        132          0          6         96       7941   encoder_driver.o
      1300         74          0          0        576       5214   encoder_mgtmag.o
       884         72          0         16          0       6373   encoder_modbus.o
      3736        244          0         11        936      19298   encoder_multiturnmag.o
      1296        110          0          0        616       5952   encoder_multiturnopt.o
      1132         58          0          0        564       5438   encoder_nxpmag.o
      1440        216          0          0        502       6513   encoder_sensar.o
       500         10          0          0         96       5605   encoder_speed.o
      1242         90          0          0        900       8869   encoder_tamagawa.o
       682         16         16          0          0       5722   flash_storage.o
       316         10          0          0          0       1059   gpio.o
       188         26          0          0          0      31829   iap_function.o
       234         18          0          5          0     691729   main.o
      3478        624          0          0        746      16530   modbus_function.o
       160         20          0          0        480       3083   parameter_module.o
       184         28         48          0          0       3494   relay_control.o
       296         30          0          0        196       1814   spi.o
        64         26        472          0       1536        848   startup_stm32g491xx.o
       154         28          0         12          0       3709   stm32g4xx_hal.o
       310         22          0          0          0      34383   stm32g4xx_hal_cortex.o
       832         22          0          0          0       4683   stm32g4xx_hal_dma.o
       516         44          0         32          0      23194   stm32g4xx_hal_flash.o
       456         30          0          0          0       3162   stm32g4xx_hal_flash_ex.o
       516         36          0          0          0       3971   stm32g4xx_hal_gpio.o
        68          6          0          0          0        862   stm32g4xx_hal_msp.o
        20          6          0          0          0        551   stm32g4xx_hal_pwr.o
       300         18          0          0          0       1421   stm32g4xx_hal_pwr_ex.o
      2252         98          0          0          0       7284   stm32g4xx_hal_rcc.o
      1016         10          0          0          0       1956   stm32g4xx_hal_rcc_ex.o
      1320         12          0          0          0       5566   stm32g4xx_hal_spi.o
      1494         84          0          0          0      10091   stm32g4xx_hal_tim.o
       218         30          0          0          0       5608   stm32g4xx_hal_tim_ex.o
      2860         82         24          0          0      30108   stm32g4xx_hal_uart.o
       360         10         16          0          0       5482   stm32g4xx_hal_uart_ex.o
       514         68          0          0          0      10343   stm32g4xx_it.o
        20          6         24          4          0       1147   system_stm32g4xx.o
       316         30          0          0        152       2335   tim.o
       268         38          0          0       1036       4814   uart_config.o
       756         58          0          0        584       2844   usart.o

    ----------------------------------------------------------------------
     36008       2812        670         96       9060    1005423   Object Totals
         0          0         32          0          0          0   (incl. Generated)
        34          0          5          6          4          0   (incl. Padding)

    ----------------------------------------------------------------------

      Code (inc. data)   RO Data    RW Data    ZI Data      Debug   Library Member Name

        56          6          0          0          0         88   __2snprintf.o
         8          0          0          0          0         68   __main.o
       392          4         17          0          0         92   __printf_flags_ss_wp.o
        14          0          0          0          0         68   __printf_wp.o
         0          0          0          0          0          0   __rtentry.o
        12          0          0          0          0          0   __rtentry2.o
         6          0          0          0          0          0   __rtentry4.o
        52          8          0          0          0          0   __scatter.o
        26          0          0          0          0          0   __scatter_copy.o
        28          0          0          0          0          0   __scatter_zi.o
        28          0          0          0          0         68   _chval.o
         6          0          0          0          0          0   _printf_a.o
         6          0          0          0          0          0   _printf_c.o
        44          0          0          0          0        108   _printf_char.o
        48          6          0          0          0         96   _printf_char_common.o
        40          0          0          0          0         68   _printf_charcount.o
         6          0          0          0          0          0   _printf_d.o
       120         16          0          0          0         92   _printf_dec.o
         6          0          0          0          0          0   _printf_e.o
         6          0          0          0          0          0   _printf_f.o
      1054          0          0          0          0        216   _printf_fp_dec.o
       764          8         38          0          0        100   _printf_fp_hex.o
       128         16          0          0          0         84   _printf_fp_infnan.o
         6          0          0          0          0          0   _printf_g.o
       148          4         40          0          0        160   _printf_hex_int_ll_ptr.o
         6          0          0          0          0          0   _printf_i.o
       178          0          0          0          0         88   _printf_intcommon.o
        10          0          0          0          0          0   _printf_l.o
         6          0          0          0          0          0   _printf_lc.o
        10          0          0          0          0          0   _printf_ll.o
         6          0          0          0          0          0   _printf_lld.o
         6          0          0          0          0          0   _printf_lli.o
         6          0          0          0          0          0   _printf_llo.o
         6          0          0          0          0          0   _printf_llu.o
         6          0          0          0          0          0   _printf_llx.o
       124         16          0          0          0         92   _printf_longlong_dec.o
         6          0          0          0          0          0   _printf_ls.o
         6          0          0          0          0          0   _printf_n.o
         6          0          0          0          0          0   _printf_o.o
       112         10          0          0          0        124   _printf_oct_int_ll.o
         6          0          0          0          0          0   _printf_p.o
        78          0          0          0          0        108   _printf_pad.o
         0          0          0          0          0          0   _printf_percent.o
         4          0          0          0          0          0   _printf_percent_end.o
         6          0          0          0          0          0   _printf_s.o
        82          0          0          0          0         80   _printf_str.o
        36          0          0          0          0         84   _printf_truncate.o
         6          0          0          0          0          0   _printf_u.o
        44          0          0          0          0        108   _printf_wchar.o
       188          6          8          0          0         92   _printf_wctomb.o
         6          0          0          0          0          0   _printf_x.o
        16          0          0          0          0         68   _snputc.o
        10          0          0          0          0         68   _sputc.o
       158          0          0          0          0         92   _strtoul.o
        64          0          0          0          0         92   _wcrtomb.o
        16          0          0          0          0         68   aeabi_memset.o
        26          0          0          0          0         80   atoi.o
       228          4        148          0          0         96   bigflt0.o
      1936        128          0          0          0        672   btod.o
        18          0          0          0          0         80   exit.o
         6          0          0          0          0        152   heapauxi.o
         0          0          0          0          0          0   indicate_semi.o
        44         10        272          0          0         76   lc_ctype_c.o
        44         10         28          0          0         76   lc_numeric_c.o
         2          0          0          0          0          0   libinit.o
        34          0          0          0          0          0   libinit2.o
         2          0          0          0          0          0   libshutdown.o
         2          0          0          0          0          0   libshutdown2.o
         8          4          0          0         96         68   libspace.o
       138          0          0          0          0         80   lludiv10.o
       238          0          0          0          0        100   lludivv7m.o
        16          4          0          0          0         76   rt_ctype_table.o
         8          4          0          0          0         68   rt_errno_addr_intlibspace.o
         8          4          0          0          0         68   rt_locale_intlibspace.o
        68          0          0          0          0         68   rt_memclr.o
        78          0          0          0          0         80   rt_memclr_w.o
       138          0          0          0          0         68   rt_memcpy_v6.o
       100          0          0          0          0         80   rt_memcpy_w.o
         2          0          0          0          0          0   rtexit.o
        10          0          0          0          0          0   rtexit2.o
       128          0          0          0          0         68   strcmpv7m.o
        62          0          0          0          0         76   strlen.o
       150          0          0          0          0         80   strncmp.o
       112          0          0          0          0         88   strtol.o
        12          4          0          0          0         68   sys_exit.o
        74          0          0          0          0         80   sys_stackheap_outer.o
         2          0          0          0          0         68   use_no_semi.o
        52          4          0          0          0         80   vsnprintf.o
        10          0          0          0          0        116   fpinit.o
         4          0          0          0          0        116   printf1.o
         4          0          0          0          0        116   printf2.o
         0          0          0          0          0          0   usenofp.o
        48          0          0          0          0        124   fpclassify.o

    ----------------------------------------------------------------------
      8050        276        556          0        100       5540   Library Totals
        20          0          5          0          4          0   (incl. Padding)

    ----------------------------------------------------------------------

      Code (inc. data)   RO Data    RW Data    ZI Data      Debug   Library Name

      7964        276        551          0         96       5068   c_w.l
        18          0          0          0          0        348   fz_wm.l
        48          0          0          0          0        124   m_wm.l

    ----------------------------------------------------------------------
      8050        276        556          0        100       5540   Library Totals

    ----------------------------------------------------------------------

==============================================================================


      Code (inc. data)   RO Data    RW Data    ZI Data      Debug   

     44058       3088       1226         96       9160     982803   Grand Totals
     44058       3088       1226         96       9160     982803   ELF Image Totals
     44058       3088       1226         96          0          0   ROM Totals

==============================================================================

    Total RO  Size (Code + RO Data)                45284 (  44.22kB)
    Total RW  Size (RW Data + ZI Data)              9256 (   9.04kB)
    Total ROM Size (Code + RO Data + RW Data)      45380 (  44.32kB)

==============================================================================

